ARM Linker, 5.03 [Build 76] [MDK-ARM Lite]

==============================================================================

Section Cross References

    main.o(.text) refers to spi.o(.text) for ReadData
    main.o(.text) refers to motion.o(.text) for Stop
    main.o(.text) refers to motorinit.o(.text) for analogWrite
    main.o(.text) refers to serve.o(.text) for Serve
    main.o(.text) refers to poles.o(.text) for Pole1
    main.o(.text) refers to adc.o(.text) for line
    main.o(.text) refers to spi.o(.data) for stop
    main.o(.text) refers to main.o(.data) for a
    motorinit.o(.text) refers to motorinit.o(.data) for LOW
    encoders.o(.text) refers to dflt_clz.o(x$fpl$dfltu) for __aeabi_ui2d
    encoders.o(.text) refers to dmul.o(x$fpl$dmul) for __aeabi_dmul
    encoders.o(.text) refers to dfixu.o(x$fpl$dfixu) for __aeabi_d2uiz
    encoders.o(.text) refers to dflt_clz.o(x$fpl$dflt) for __aeabi_i2d
    encoders.o(.text) refers to daddsub_clz.o(x$fpl$dadd) for __aeabi_dadd
    encoders.o(.text) refers to d2f.o(x$fpl$d2f) for __aeabi_d2f
    encoders.o(.text) refers to strlen.o(.text) for strlen
    encoders.o(.text) refers to pow.o(i.__hardfp_pow) for __hardfp_pow
    encoders.o(.text) refers to dfltll_clz.o(x$fpl$dfltll) for __aeabi_l2d
    encoders.o(.text) refers to dfixll.o(x$fpl$llsfromd) for __aeabi_d2lz
    encoders.o(.text) refers to encoders.o(.data) for Mlifter1counter
    pid.o(.text) refers to motorinit.o(.text) for analogWrite
    pid.o(.text) refers to encoders.o(.data) for RPM_ML1
    pid.o(.text) refers to pid.o(.data) for error_ML1
    pid.o(.text) refers to spi.o(.text) for ReadData
    pid.o(.text) refers to motion.o(.text) for liftersStop
    pid.o(.text) refers to spi.o(.data) for R2
    startup_tm4c123.o(STACK) refers (Special) to heapauxi.o(.text) for __use_two_region_memory
    startup_tm4c123.o(HEAP) refers (Special) to heapauxi.o(.text) for __use_two_region_memory
    startup_tm4c123.o(RESET) refers (Special) to heapauxi.o(.text) for __use_two_region_memory
    startup_tm4c123.o(RESET) refers to startup_tm4c123.o(STACK) for __initial_sp
    startup_tm4c123.o(RESET) refers to startup_tm4c123.o(.text) for Reset_Handler
    startup_tm4c123.o(RESET) refers to encoders.o(.text) for SysTick_Handler
    startup_tm4c123.o(.text) refers (Special) to heapauxi.o(.text) for __use_two_region_memory
    startup_tm4c123.o(.text) refers to main.o(.text) for SystemInit
    startup_tm4c123.o(.text) refers to __main.o(!!!main) for __main
    startup_tm4c123.o(.text) refers to startup_tm4c123.o(HEAP) for Heap_Mem
    startup_tm4c123.o(.text) refers to startup_tm4c123.o(STACK) for Stack_Mem
    motion.o(.text) refers to motorinit.o(.text) for digitalWrite
    motion.o(.text) refers to motorinit.o(.data) for LOW
    motion.o(.text) refers to motion.o(.data) for FORWARD
    motion.o(.text) refers to main.o(.data) for servepwm
    ssi.o(.text) refers to ssi.o(.constdata) for g_ppui32SSIIntMap
    spi.o(.text) refers to ssi.o(.text) for SSIDataGet
    spi.o(.text) refers to spi.o(.data) for pui32DataRx
    adc.o(.text) refers to motorinit.o(.text) for analogWrite
    adc.o(.text) refers to adc.o(.bss) for IR
    adc.o(.text) refers to adc.o(.data) for sensor_lifter1
    adc.o(.text) refers to motorinit.o(.data) for LOW
    serve.o(.text) refers to motorinit.o(.text) for digitalWrite
    serve.o(.text) refers to serve.o(.data) for State
    serve.o(.text) refers to motorinit.o(.data) for LOW
    poles.o(.text) refers to motorinit.o(.text) for digitalWrite
    poles.o(.text) refers to pid.o(.text) for PID_ML1_REV
    poles.o(.text) refers to motion.o(.text) for liftersStop
    poles.o(.text) refers to spi.o(.text) for ReadData
    poles.o(.text) refers to poles.o(.data) for current_pos1
    poles.o(.text) refers to encoders.o(.data) for Mlifter1counter
    poles.o(.text) refers to motorinit.o(.data) for HIGH
    poles.o(.text) refers to spi.o(.data) for R2
    poles.o(.text) refers to main.o(.data) for servepwm
    fence.o(.text) refers to motion.o(.text) for Right
    fence.o(.text) refers to motorinit.o(.text) for digitalRead
    fence.o(.text) refers to motorinit.o(.data) for HIGH
    __main.o(!!!main) refers to rtentry.o(.ARM.Collect$$rtentry$$00000000) for __rt_entry
    d2f.o(x$fpl$d2f) refers (Special) to usenofp.o(x$fpl$usenofp) for __I$use$fp
    d2f.o(x$fpl$d2f) refers to fretinf.o(x$fpl$fretinf) for __fpl_fretinf
    d2f.o(x$fpl$d2f) refers to dnaninf.o(x$fpl$dnaninf) for __fpl_dnaninf
    daddsub_clz.o(x$fpl$dadd) refers (Special) to usenofp.o(x$fpl$usenofp) for __I$use$fp
    daddsub_clz.o(x$fpl$dadd) refers to daddsub_clz.o(x$fpl$dsub) for _dsub1
    daddsub_clz.o(x$fpl$dadd) refers to dretinf.o(x$fpl$dretinf) for __fpl_dretinf
    daddsub_clz.o(x$fpl$dadd) refers to dnaninf.o(x$fpl$dnaninf) for __fpl_dnaninf
    daddsub_clz.o(x$fpl$drsb) refers (Special) to usenofp.o(x$fpl$usenofp) for __I$use$fp
    daddsub_clz.o(x$fpl$drsb) refers to daddsub_clz.o(x$fpl$dadd) for _dadd1
[...]
    Removing fence.o(.text), (152 bytes).

2 unused section(s) (total 196 bytes) removed from the image.

==============================================================================

Image Symbol Table

    Local Symbols

    Symbol Name                              Value     Ov Type        Size  Object(Section)

    RESET                                    0x00000000   Section      620  startup_tm4c123.o(RESET)
    ../clib/angel/boardlib.s                 0x00000000   Number         0  boardshut.o ABSOLUTE
    ../clib/angel/boardlib.s                 0x00000000   Number         0  boardinit3.o ABSOLUTE
    ../clib/angel/boardlib.s                 0x00000000   Number         0  boardinit2.o ABSOLUTE
    ../clib/angel/boardlib.s                 0x00000000   Number         0  boardinit1.o ABSOLUTE
    ../clib/angel/dczerorl2.s                0x00000000   Number         0  __dczerorl2.o ABSOLUTE
    ../clib/angel/handlers.s                 0x00000000   Number         0  __scatter_zi.o ABSOLUTE
    ../clib/angel/kernel.s                   0x00000000   Number         0  rtexit2.o ABSOLUTE
    ../clib/angel/kernel.s                   0x00000000   Number         0  rtentry2.o ABSOLUTE
    ../clib/angel/kernel.s                   0x00000000   Number         0  rtexit.o ABSOLUTE
    ../clib/angel/kernel.s                   0x00000000   Number         0  rtentry4.o ABSOLUTE
    ../clib/angel/kernel.s                   0x00000000   Number         0  rtentry.o ABSOLUTE
    ../clib/angel/rt.s                       0x00000000   Number         0  rt_errno_addr_intlibspace.o ABSOLUTE
    ../clib/angel/rt.s                       0x00000000   Number         0  rt_raise.o ABSOLUTE
    ../clib/angel/rt.s                       0x00000000   Number         0  rt_errno_addr.o ABSOLUTE
    ../clib/angel/scatter.s                  0x00000000   Number         0  __scatter.o ABSOLUTE
    ../clib/angel/startup.s                  0x00000000   Number         0  __main.o ABSOLUTE
    ../clib/angel/sys.s                      0x00000000   Number         0  libspace.o ABSOLUTE
    ../clib/angel/sys.s                      0x00000000   Number         0  use_no_semi.o ABSOLUTE
    ../clib/angel/sys.s                      0x00000000   Number         0  indicate_semi.o ABSOLUTE
    ../clib/angel/sys.s                      0x00000000   Number         0  sys_stackheap_outer.o ABSOLUTE
    ../clib/angel/sysapp.c                   0x00000000   Number         0  sys_exit.o ABSOLUTE
    ../clib/angel/sysapp.c                   0x00000000   Number         0  sys_command.o ABSOLUTE
    ../clib/angel/sysapp.c                   0x00000000   Number         0  sys_wrch.o ABSOLUTE
    ../clib/armsys.c                         0x00000000   Number         0  argv_veneer.o ABSOLUTE
    ../clib/armsys.c                         0x00000000   Number         0  argv_veneer.o ABSOLUTE
    ../clib/armsys.c                         0x00000000   Number         0  no_argv.o ABSOLUTE
    ../clib/armsys.c                         0x00000000   Number         0  _get_argv_nomalloc.o ABSOLUTE
    ../clib/fenv.c                           0x00000000   Number         0  _rserrno.o ABSOLUTE
    ../clib/heapalloc.c                      0x00000000   Number         0  hrguard.o ABSOLUTE
    ../clib/heapaux.c                        0x00000000   Number         0  heapauxi.o ABSOLUTE
    ../clib/libinit.s                        0x00000000   Number         0  libinit.o ABSOLUTE
    ../clib/libinit.s                        0x00000000   Number         0  libshutdown2.o ABSOLUTE
    ../clib/libinit.s                        0x00000000   Number         0  libinit2.o ABSOLUTE
    ../clib/libinit.s                        0x00000000   Number         0  libshutdown.o ABSOLUTE
    ../clib/signal.c                         0x00000000   Number         0  defsig_rtmem_inner.o ABSOLUTE
    ../clib/signal.c                         0x00000000   Number         0  __raise.o ABSOLUTE
    ../clib/signal.c                         0x00000000   Number         0  defsig_general.o ABSOLUTE
    ../clib/signal.c                         0x00000000   Number         0  defsig_exit.o ABSOLUTE
    ../clib/signal.c                         0x00000000   Number         0  defsig_fpe_inner.o ABSOLUTE
    ../clib/signal.c                         0x00000000   Number         0  defsig_rtred_inner.o ABSOLUTE
    ../clib/signal.c                         0x00000000   Number         0  defsig_abrt_inner.o ABSOLUTE
    ../clib/signal.c                         0x00000000   Number         0  defsig_stak_inner.o ABSOLUTE
    ../clib/signal.c                         0x00000000   Number         0  defsig_rtmem_formal.o ABSOLUTE
    ../clib/signal.c                         0x00000000   Number         0  defsig_rtmem_outer.o ABSOLUTE
    ../clib/signal.c                         0x00000000   Number         0  defsig_cppl_inner.o ABSOLUTE
    ../clib/signal.c                         0x00000000   Number         0  defsig_pvfn_inner.o ABSOLUTE
    ../clib/signal.c                         0x00000000   Number         0  defsig_segv_inner.o ABSOLUTE
    ../clib/signal.c                         0x00000000   Number         0  defsig_other.o ABSOLUTE
    ../clib/signal.s                         0x00000000   Number         0  defsig.o ABSOLUTE
    ../clib/stdlib.c                         0x00000000   Number         0  exit.o ABSOLUTE
    ../clib/string.c                         0x00000000   Number         0  strlen.o ABSOLUTE
    ../fplib/basic.s                         0x00000000   Number         0  basic.o ABSOLUTE
    ../fplib/d2f.s                           0x00000000   Number         0  d2f.o ABSOLUTE
    ../fplib/daddsub.s                       0x00000000   Number         0  daddsub_clz.o ABSOLUTE
    ../fplib/dcheck1.s                       0x00000000   Number         0  dcheck1.o ABSOLUTE
    ../fplib/dcmpi.s                         0x00000000   Number         0  dcmpi.o ABSOLUTE
    ../fplib/ddiv.s                          0x00000000   Number         0  ddiv.o ABSOLUTE
    ../fplib/dfixll.s                        0x00000000   Number         0  dfixll.o ABSOLUTE
    ../fplib/dfixu.s                         0x00000000   Number         0  dfixu.o ABSOLUTE
    ../fplib/dflt.s                          0x00000000   Number         0  dflt_clz.o ABSOLUTE
    ../fplib/dfltll.s                        0x00000000   Number         0  dfltll_clz.o ABSOLUTE
    ../fplib/dleqf.s                         0x00000000   Number         0  dleqf.o ABSOLUTE
    ../fplib/dmul.s                          0x00000000   Number         0  dmul.o ABSOLUTE
    ../fplib/dnaninf.s                       0x00000000   Number         0  dnaninf.o ABSOLUTE
    ../fplib/dretinf.s                       0x00000000   Number         0  dretinf.o ABSOLUTE
    ../fplib/drleqf.s                        0x00000000   Number         0  drleqf.o ABSOLUTE
    ../fplib/dsqrt.s                         0x00000000   Number         0  dsqrt_umaal.o ABSOLUTE
    ../fplib/fpinit.s                        0x00000000   Number         0  fpinit.o ABSOLUTE
    ../fplib/fretinf.s                       0x00000000   Number         0  fretinf.o ABSOLUTE
    ../fplib/retnan.s                        0x00000000   Number         0  retnan.o ABSOLUTE
    ../fplib/scalbn.s                        0x00000000   Number         0  scalbn.o ABSOLUTE
    ../fplib/trapv.s                         0x00000000   Number         0  trapv.o ABSOLUTE
    ../fplib/usenofp.s                       0x00000000   Number         0  usenofp.o ABSOLUTE
    ../mathlib/dunder.c                      0x00000000   Number         0  dunder.o ABSOLUTE
    ../mathlib/fabs.c                        0x00000000   Number         0  fabs.o ABSOLUTE
    ../mathlib/fpclassify.c                  0x00000000   Number         0  fpclassify.o ABSOLUTE
    ../mathlib/poly.c                        0x00000000   Number         0  poly.o ABSOLUTE
    ../mathlib/pow.c                         0x00000000   Number         0  pow.o ABSOLUTE
    ../mathlib/pow.c                         0x00000000   Number         0  pow_x.o ABSOLUTE
    ../mathlib/qnan.c                        0x00000000   Number         0  qnan.o ABSOLUTE
    ../mathlib/sqrt.c                        0x00000000   Number         0  sqrt_x.o ABSOLUTE
    ../mathlib/sqrt.c                        0x00000000   Number         0  sqrt.o ABSOLUTE
    ADC.c                                    0x00000000   Number         0  adc.o ABSOLUTE
    Motion.c                                 0x00000000   Number         0  motion.o ABSOLUTE
    MotorInit.c                              0x00000000   Number         0  motorinit.o ABSOLUTE
    PID.c                                    0x00000000   Number         0  pid.o ABSOLUTE
    Poles.c                                  0x00000000   Number         0  poles.o ABSOLUTE
    Serve.c                                  0x00000000   Number         0  serve.o ABSOLUTE
    UART.c                                   0x00000000   Number         0  uart.o ABSOLUTE
    dc.s                                     0x00000000   Number         0  dc.o ABSOLUTE
    encoders.c                               0x00000000   Number         0  encoders.o ABSOLUTE
    fence.c                                  0x00000000   Number         0  fence.o ABSOLUTE
    main.c                                   0x00000000   Number         0  main.o ABSOLUTE
    pistons.c                                0x00000000   Number         0  pistons.o ABSOLUTE
    spi.c                                    0x00000000   Number         0  spi.o ABSOLUTE
    ssi.c                                    0x00000000   Number         0  ssi.o ABSOLUTE
    startup_TM4C123.s                        0x00000000   Number         0  startup_tm4c123.o ABSOLUTE
    !!!main                                  0x0000026c   Section        8  __main.o(!!!main)
    !!!scatter                               0x00000274   Section       52  __scatter.o(!!!scatter)
    !!dczerorl2                              0x000002a8   Section       90  __dczerorl2.o(!!dczerorl2)
    !!handler_zi                             0x00000304   Section       28  __scatter_zi.o(!!handler_zi)
    .ARM.Collect$$libinit$$00000000          0x00000320   Section        2  libinit.o(.ARM.Collect$$libinit$$00000000)
    .ARM.Collect$$libinit$$00000001          0x00000322   Section        4  libinit2.o(.ARM.Collect$$libinit$$00000001)
    .ARM.Collect$$libinit$$00000008          0x00000326   Section        0  libinit2.o(.ARM.Collect$$libinit$$00000008)
    .ARM.Collect$$libinit$$0000000A          0x00000326   Section        0  libinit2.o(.ARM.Collect$$libinit$$0000000A)
    .ARM.Collect$$libinit$$0000000C          0x00000326   Section        0  libinit2.o(.ARM.Collect$$libinit$$0000000C)
    .ARM.Collect$$libinit$$0000000F          0x00000326   Section        0  libinit2.o(.ARM.Collect$$libinit$$0000000F)
    .ARM.Collect$$libinit$$00000011          0x00000326   Section        0  libinit2.o(.ARM.Collect$$libinit$$00000011)
    .ARM.Collect$$libinit$$00000013          0x00000326   Section        0  libinit2.o(.ARM.Collect$$libinit$$00000013)
    .ARM.Collect$$libinit$$00000015          0x00000326   Section        0  libinit2.o(.ARM.Collect$$libinit$$00000015)
    .ARM.Collect$$libinit$$00000017          0x00000326   Section        0  libinit2.o(.ARM.Collect$$libinit$$00000017)
    .ARM.Collect$$libinit$$00000019          0x00000326   Section        0  libinit2.o(.ARM.Collect$$libinit$$00000019)
    .ARM.Collect$$libinit$$0000001B          0x00000326   Section        0  libinit2.o(.ARM.Collect$$libinit$$0000001B)
    .ARM.Collect$$libinit$$0000001D          0x00000326   Section        0  libinit2.o(.ARM.Collect$$libinit$$0000001D)
    .ARM.Collect$$libinit$$0000001F          0x00000326   Section        0  libinit2.o(.ARM.Collect$$libinit$$0000001F)
    .ARM.Collect$$libinit$$00000021          0x00000326   Section        0  libinit2.o(.ARM.Collect$$libinit$$00000021)
    .ARM.Collect$$libinit$$00000023          0x00000326   Section        0  libinit2.o(.ARM.Collect$$libinit$$00000023)
    .ARM.Collect$$libinit$$0000002A          0x00000326   Section        0  libinit2.o(.ARM.Collect$$libinit$$0000002A)
    .ARM.Collect$$libinit$$0000002C          0x00000326   Section        0  libinit2.o(.ARM.Collect$$libinit$$0000002C)
    .ARM.Collect$$libinit$$0000002E          0x00000326   Section        0  libinit2.o(.ARM.Collect$$libinit$$0000002E)
    .ARM.Collect$$libinit$$00000030          0x00000326   Section        0  libinit2.o(.ARM.Collect$$libinit$$00000030)
    .ARM.Collect$$libinit$$00000031          0x00000326   Section        2  libinit2.o(.ARM.Collect$$libinit$$00000031)
    .ARM.Collect$$libshutdown$$00000000      0x00000328   Section        2  libshutdown.o(.ARM.Collect$$libshutdown$$00000000)
    .ARM.Collect$$libshutdown$$00000003      0x0000032a   Section        0  libshutdown2.o(.ARM.Collect$$libshutdown$$00000003)
    .ARM.Collect$$libshutdown$$00000006      0x0000032a   Section        0  libshutdown2.o(.ARM.Collect$$libshutdown$$00000006)
    .ARM.Collect$$libshutdown$$00000009      0x0000032a   Section        0  libshutdown2.o(.ARM.Collect$$libshutdown$$00000009)
    .ARM.Collect$$libshutdown$$0000000B      0x0000032a   Section        0  libshutdown2.o(.ARM.Collect$$libshutdown$$0000000B)
    .ARM.Collect$$libshutdown$$0000000E      0x0000032a   Section        0  libshutdown2.o(.ARM.Collect$$libshutdown$$0000000E)
    .ARM.Collect$$libshutdown$$0000000F      0x0000032a   Section        2  libshutdown2.o(.ARM.Collect$$libshutdown$$0000000F)
    .ARM.Collect$$rtentry$$00000000          0x0000032c   Section        0  rtentry.o(.ARM.Collect$$rtentry$$00000000)
    .ARM.Collect$$rtentry$$00000002          0x0000032c   Section        0  rtentry2.o(.ARM.Collect$$rtentry$$00000002)
    .ARM.Collect$$rtentry$$00000004          0x0000032c   Section        6  rtentry4.o(.ARM.Collect$$rtentry$$00000004)
    .ARM.Collect$$rtentry$$00000009          0x00000332   Section        0  rtentry2.o(.ARM.Collect$$rtentry$$00000009)
    .ARM.Collect$$rtentry$$0000000A          0x00000332   Section        4  rtentry2.o(.ARM.Collect$$rtentry$$0000000A)
    .ARM.Collect$$rtentry$$0000000C          0x00000336   Section        0  rtentry2.o(.ARM.Collect$$rtentry$$0000000C)
    .ARM.Collect$$rtentry$$0000000D          0x00000336   Section        8  rtentry2.o(.ARM.Collect$$rtentry$$0000000D)
    .ARM.Collect$$rtexit$$00000000           0x0000033e   Section        2  rtexit.o(.ARM.Collect$$rtexit$$00000000)
    .ARM.Collect$$rtexit$$00000002           0x00000340   Section        0  rtexit2.o(.ARM.Collect$$rtexit$$00000002)
    .ARM.Collect$$rtexit$$00000003           0x00000340   Section        4  rtexit2.o(.ARM.Collect$$rtexit$$00000003)
    .ARM.Collect$$rtexit$$00000004           0x00000344   Section        6  rtexit2.o(.ARM.Collect$$rtexit$$00000004)
    .text                                    0x0000034c   Section        0  main.o(.text)
    .text                                    0x00000968   Section        0  motorinit.o(.text)
    .text                                    0x00001914   Section        0  encoders.o(.text)
    .text                                    0x00001d2c   Section        0  pid.o(.text)
    .text                                    0x000025e4   Section      276  startup_tm4c123.o(.text)
    $v0                                      0x000025e4   Number         0  startup_tm4c123.o(.text)
    .text                                    0x000026f8   Section        0  motion.o(.text)
    .text                                    0x00002c5c   Section        0  ssi.o(.text)
    _SSIIntNumberGet                         0x00002c5d   Thumb Code    56  ssi.o(.text)
    .text                                    0x00002e18   Section        0  spi.o(.text)
    .text                                    0x00002f74   Section        0  adc.o(.text)
    .text                                    0x00003a9c   Section        0  serve.o(.text)
    .text                                    0x00003bd0   Section        0  poles.o(.text)
    .text                                    0x00004378   Section        0  strlen.o(.text)
    .text                                    0x000043b6   Section        0  heapauxi.o(.text)
    .text                                    0x000043bc   Section        0  _rserrno.o(.text)
    .text                                    0x000043d4   Section        8  rt_errno_addr_intlibspace.o(.text)
    .text                                    0x000043dc   Section        8  libspace.o(.text)
    .text                                    0x000043e4   Section       74  sys_stackheap_outer.o(.text)
    .text                                    0x0000442e   Section        0  exit.o(.text)
    .text                                    0x0000443c   Section        0  sys_exit.o(.text)
    .text                                    0x00004448   Section        2  use_no_semi.o(.text)
    .text                                    0x0000444a   Section        0  indicate_semi.o(.text)
    i.__ARM_fpclassify                       0x0000444a   Section        0  fpclassify.o(i.__ARM_fpclassify)
    i.__hardfp_pow                           0x00004480   Section        0  pow.o(i.__hardfp_pow)
    i.__kernel_poly                          0x00005110   Section        0  poly.o(i.__kernel_poly)
    i.__mathlib_dbl_underflow                0x00005208   Section        0  dunder.o(i.__mathlib_dbl_underflow)
    i.fabs                                   0x00005228   Section        0  fabs.o(i.fabs)
    i.sqrt                                   0x00005248   Section        0  sqrt.o(i.sqrt)
    x$fpl$basic                              0x000052b6   Section       24  basic.o(x$fpl$basic)
    $v0                                      0x000052b6   Number         0  basic.o(x$fpl$basic)
    x$fpl$d2f                                0x000052d0   Section       98  d2f.o(x$fpl$d2f)
    $v0                                      0x000052d0   Number         0  d2f.o(x$fpl$d2f)
    x$fpl$dadd                               0x00005334   Section      336  daddsub_clz.o(x$fpl$dadd)
    $v0                                      0x00005334   Number         0  daddsub_clz.o(x$fpl$dadd)
    _dadd1                                   0x00005345   Thumb Code     0  daddsub_clz.o(x$fpl$dadd)
    x$fpl$dcheck1                            0x00005484   Section       16  dcheck1.o(x$fpl$dcheck1)
    $v0                                      0x00005484   Number         0  dcheck1.o(x$fpl$dcheck1)
    x$fpl$dcmpinf                            0x00005494   Section       24  dcmpi.o(x$fpl$dcmpinf)
    $v0                                      0x00005494   Number         0  dcmpi.o(x$fpl$dcmpinf)
    x$fpl$ddiv                               0x000054ac   Section      688  ddiv.o(x$fpl$ddiv)
    $v0                                      0x000054ac   Number         0  ddiv.o(x$fpl$ddiv)
    ddiv_entry                               0x000054b3   Thumb Code     0  ddiv.o(x$fpl$ddiv)
    x$fpl$dfixu                              0x0000575c   Section       90  dfixu.o(x$fpl$dfixu)
    $v0                                      0x0000575c   Number         0  dfixu.o(x$fpl$dfixu)
    x$fpl$dflt                               0x000057b6   Section       46  dflt_clz.o(x$fpl$dflt)
    $v0                                      0x000057b6   Number         0  dflt_clz.o(x$fpl$dflt)
    x$fpl$dfltll                             0x000057e4   Section      162  dfltll_clz.o(x$fpl$dfltll)
    $v0                                      0x000057e4   Number         0  dfltll_clz.o(x$fpl$dfltll)
    x$fpl$dfltu                              0x00005886   Section       38  dflt_clz.o(x$fpl$dfltu)
    $v0                                      0x00005886   Number         0  dflt_clz.o(x$fpl$dfltu)
    x$fpl$dleqf                              0x000058ac   Section      120  dleqf.o(x$fpl$dleqf)
    $v0                                      0x000058ac   Number         0  dleqf.o(x$fpl$dleqf)
    x$fpl$dmul                               0x00005924   Section      340  dmul.o(x$fpl$dmul)
    $v0                                      0x00005924   Number         0  dmul.o(x$fpl$dmul)
    x$fpl$dnaninf                            0x00005a78   Section      156  dnaninf.o(x$fpl$dnaninf)
    $v0                                      0x00005a78   Number         0  dnaninf.o(x$fpl$dnaninf)
    x$fpl$dretinf                            0x00005b14   Section       12  dretinf.o(x$fpl$dretinf)
    $v0                                      0x00005b14   Number         0  dretinf.o(x$fpl$dretinf)
    x$fpl$drleqf                             0x00005b20   Section      108  drleqf.o(x$fpl$drleqf)
    $v0                                      0x00005b20   Number         0  drleqf.o(x$fpl$drleqf)
    x$fpl$drsb                               0x00005b8c   Section       22  daddsub_clz.o(x$fpl$drsb)
    $v0                                      0x00005b8c   Number         0  daddsub_clz.o(x$fpl$drsb)
    x$fpl$dsqrt                              0x00005ba4   Section      408  dsqrt_umaal.o(x$fpl$dsqrt)
    $v0                                      0x00005ba4   Number         0  dsqrt_umaal.o(x$fpl$dsqrt)
    x$fpl$dsub                               0x00005d3c   Section      468  daddsub_clz.o(x$fpl$dsub)
    $v0                                      0x00005d3c   Number         0  daddsub_clz.o(x$fpl$dsub)
    _dsub1                                   0x00005d4d   Thumb Code     0  daddsub_clz.o(x$fpl$dsub)
    x$fpl$fpinit                             0x00005f10   Section       10  fpinit.o(x$fpl$fpinit)
    $v0                                      0x00005f10   Number         0  fpinit.o(x$fpl$fpinit)
    x$fpl$fretinf                            0x00005f1a   Section       10  fretinf.o(x$fpl$fretinf)
    $v0                                      0x00005f1a   Number         0  fretinf.o(x$fpl$fretinf)
    x$fpl$llsfromd                           0x00005f24   Section      194  dfixll.o(x$fpl$llsfromd)
    $v0                                      0x00005f24   Number         0  dfixll.o(x$fpl$llsfromd)
    x$fpl$retnan                             0x00005fe6   Section      100  retnan.o(x$fpl$retnan)
    $v0                                      0x00005fe6   Number         0  retnan.o(x$fpl$retnan)
    x$fpl$scalbn                             0x0000604a   Section       92  scalbn.o(x$fpl$scalbn)
    $v0                                      0x0000604a   Number         0  scalbn.o(x$fpl$scalbn)
    x$fpl$trapveneer                         0x000060a6   Section       48  trapv.o(x$fpl$trapveneer)
    $v0                                      0x000060a6   Number         0  trapv.o(x$fpl$trapveneer)
    x$fpl$usenofp                            0x000060d6   Section        0  usenofp.o(x$fpl$usenofp)
    .constdata                               0x000060d8   Section       64  ssi.o(.constdata)
    g_ppui32SSIIntMap                        0x000060d8   Data          32  ssi.o(.constdata)
    g_ppui32SSIIntMapSnowflake               0x000060f8   Data          32  ssi.o(.constdata)
    .constdata                               0x00006118   Section      136  pow.o(.constdata)
    bp                                       0x00006118   Data          16  pow.o(.constdata)
    dp_h                                     0x00006128   Data          16  pow.o(.constdata)
    dp_l                                     0x00006138   Data          16  pow.o(.constdata)
    L                                        0x00006148   Data          48  pow.o(.constdata)
    P                                        0x00006178   Data          40  pow.o(.constdata)
    .constdata                               0x000061a0   Section        8  qnan.o(.constdata)
    .data                                    0x20000000   Section       12  main.o(.data)
    .data                                    0x2000000c   Section        2  motorinit.o(.data)
    .data                                    0x20000010   Section       92  encoders.o(.data)
    .data                                    0x2000006c   Section      192  pid.o(.data)
    .data                                    0x2000012c   Section      192  motion.o(.data)
    .data                                    0x200001ec   Section       40  spi.o(.data)
    .data                                    0x20000214   Section       52  adc.o(.data)
    .data                                    0x20000248   Section       16  serve.o(.data)
    .data                                    0x20000258   Section       36  poles.o(.data)
    .bss                                     0x2000027c   Section       44  adc.o(.bss)
    .bss                                     0x200002a8   Section       96  libspace.o(.bss)
    HEAP                                     0x20000308   Section        0  startup_tm4c123.o(HEAP)
    STACK                                    0x20000308   Section      512  startup_tm4c123.o(STACK)
    Heap_Mem                                 0x20000308   Data           0  startup_tm4c123.o(HEAP)
    Stack_Mem                                0x20000308   Data         512  startup_tm4c123.o(STACK)
    __initial_sp                             0x20000508   Data           0  startup_tm4c123.o(STACK)

    Global Symbols

    Symbol Name                              Value     Ov Type        Size  Object(Section)

    BuildAttributes$$THM_ISAv4$E$P$D$K$B$S$7EM$VFPi3$EXTD16$VFPS$VFMA$PE$A:L22UL41UL21$X:L11$S22US41US21$IEEE1$IW$USESV6$~STKCKD$USESV7$~SHL$OTIME$ROPI$IEEEX$EBA8$UX$STANDARDLIB$REQ8$PRES8$EABIv2 0x00000000   Number         0  anon$$obj.o ABSOLUTE
    __ARM_use_no_argv                        0x00000000   Number         0  main.o ABSOLUTE
    __Vectors                                0x00000000   Data           4  startup_tm4c123.o(RESET)
    __ARM_exceptions_init                     - Undefined Weak Reference
    __alloca_initialize                       - Undefined Weak Reference
    __cpp_initialize__aeabi_                  - Undefined Weak Reference
    __cxa_finalize                            - Undefined Weak Reference
    __rt_locale                               - Undefined Weak Reference
    __sigvec_lookup                           - Undefined Weak Reference
    _atexit_init                              - Undefined Weak Reference
    _call_atexit_fns                          - Undefined Weak Reference
    _clock_init                               - Undefined Weak Reference
    _fp_trap_init                             - Undefined Weak Reference
    _fp_trap_shutdown                         - Undefined Weak Reference
    _get_lc_collate                           - Undefined Weak Reference
    _get_lc_ctype                             - Undefined Weak Reference
    _get_lc_monetary                          - Undefined Weak Reference
    _get_lc_numeric                           - Undefined Weak Reference
    _get_lc_time                              - Undefined Weak Reference
    _getenv_init                              - Undefined Weak Reference
    _handle_redirection                       - Undefined Weak Reference
    _init_alloc                               - Undefined Weak Reference
    _init_user_alloc                          - Undefined Weak Reference
    _initio                                   - Undefined Weak Reference
    _rand_init                                - Undefined Weak Reference
    _signal_finish                            - Undefined Weak Reference
    _signal_init                              - Undefined Weak Reference
    _terminate_alloc                          - Undefined Weak Reference
    _terminate_user_alloc                     - Undefined Weak Reference
    _terminateio                              - Undefined Weak Reference
    __Vectors_End                            0x0000026c   Data           0  startup_tm4c123.o(RESET)
    __Vectors_Size                           0x0000026c   Number         0  startup_tm4c123.o ABSOLUTE
    __main                                   0x0000026d   Thumb Code     8  __main.o(!!!main)
    __scatterload                            0x00000275   Thumb Code     0  __scatter.o(!!!scatter)
    __scatterload_rt2                        0x00000275   Thumb Code    44  __scatter.o(!!!scatter)
    __scatterload_rt2_thumb_only             0x00000275   Thumb Code     0  __scatter.o(!!!scatter)
    __scatterload_null                       0x00000283   Thumb Code     0  __scatter.o(!!!scatter)
    __decompress                             0x000002a9   Thumb Code    90  __dczerorl2.o(!!dczerorl2)
    __decompress1                            0x000002a9   Thumb Code     0  __dczerorl2.o(!!dczerorl2)
    __scatterload_zeroinit                   0x00000305   Thumb Code    28  __scatter_zi.o(!!handler_zi)
    __rt_lib_init                            0x00000321   Thumb Code     0  libinit.o(.ARM.Collect$$libinit$$00000000)
    __rt_lib_init_fp_1                       0x00000323   Thumb Code     0  libinit2.o(.ARM.Collect$$libinit$$00000001)
    __rt_lib_init_alloca_1                   0x00000327   Thumb Code     0  libinit2.o(.ARM.Collect$$libinit$$0000002C)
    __rt_lib_init_argv_1                     0x00000327   Thumb Code     0  libinit2.o(.ARM.Collect$$libinit$$0000002A)
    __rt_lib_init_atexit_1                   0x00000327   Thumb Code     0  libinit2.o(.ARM.Collect$$libinit$$00000019)
    __rt_lib_init_clock_1                    0x00000327   Thumb Code     0  libinit2.o(.ARM.Collect$$libinit$$0000001F)
    __rt_lib_init_cpp_1                      0x00000327   Thumb Code     0  libinit2.o(.ARM.Collect$$libinit$$00000030)
    __rt_lib_init_exceptions_1               0x00000327   Thumb Code     0  libinit2.o(.ARM.Collect$$libinit$$0000002E)
    __rt_lib_init_fp_trap_1                  0x00000327   Thumb Code     0  libinit2.o(.ARM.Collect$$libinit$$0000001D)
    __rt_lib_init_getenv_1                   0x00000327   Thumb Code     0  libinit2.o(.ARM.Collect$$libinit$$00000021)
    __rt_lib_init_heap_1                     0x00000327   Thumb Code     0  libinit2.o(.ARM.Collect$$libinit$$00000008)
    __rt_lib_init_lc_collate_1               0x00000327   Thumb Code     0  libinit2.o(.ARM.Collect$$libinit$$0000000F)
    __rt_lib_init_lc_ctype_1                 0x00000327   Thumb Code     0  libinit2.o(.ARM.Collect$$libinit$$00000011)
    __rt_lib_init_lc_monetary_1              0x00000327   Thumb Code     0  libinit2.o(.ARM.Collect$$libinit$$00000013)
    __rt_lib_init_lc_numeric_1               0x00000327   Thumb Code     0  libinit2.o(.ARM.Collect$$libinit$$00000015)
    __rt_lib_init_lc_time_1                  0x00000327   Thumb Code     0  libinit2.o(.ARM.Collect$$libinit$$00000017)
    __rt_lib_init_rand_1                     0x00000327   Thumb Code     0  libinit2.o(.ARM.Collect$$libinit$$0000000C)
    __rt_lib_init_return                     0x00000327   Thumb Code     0  libinit2.o(.ARM.Collect$$libinit$$00000031)
    __rt_lib_init_signal_1                   0x00000327   Thumb Code     0  libinit2.o(.ARM.Collect$$libinit$$0000001B)
    __rt_lib_init_stdio_1                    0x00000327   Thumb Code     0  libinit2.o(.ARM.Collect$$libinit$$00000023)
    __rt_lib_init_user_alloc_1               0x00000327   Thumb Code     0  libinit2.o(.ARM.Collect$$libinit$$0000000A)
    __rt_lib_shutdown                        0x00000329   Thumb Code     0  libshutdown.o(.ARM.Collect$$libshutdown$$00000000)
    __rt_lib_shutdown_fp_trap_1              0x0000032b   Thumb Code     0  libshutdown2.o(.ARM.Collect$$libshutdown$$00000006)
    __rt_lib_shutdown_heap_1                 0x0000032b   Thumb Code     0  libshutdown2.o(.ARM.Collect$$libshutdown$$0000000E)
    __rt_lib_shutdown_return                 0x0000032b   Thumb Code     0  libshutdown2.o(.ARM.Collect$$libshutdown$$0000000F)
    __rt_lib_shutdown_signal_1               0x0000032b   Thumb Code     0  libshutdown2.o(.ARM.Collect$$libshutdown$$00000009)
    __rt_lib_shutdown_stdio_1                0x0000032b   Thumb Code     0  libshutdown2.o(.ARM.Collect$$libshutdown$$00000003)
    __rt_lib_shutdown_user_alloc_1           0x0000032b   Thumb Code     0  libshutdown2.o(.ARM.Collect$$libshutdown$$0000000B)
    __rt_entry                               0x0000032d   Thumb Code     0  rtentry.o(.ARM.Collect$$rtentry$$00000000)
    __rt_entry_presh_1                       0x0000032d   Thumb Code     0  rtentry2.o(.ARM.Collect$$rtentry$$00000002)
    __rt_entry_sh                            0x0000032d   Thumb Code     0  rtentry4.o(.ARM.Collect$$rtentry$$00000004)
    __rt_entry_li                            0x00000333   Thumb Code     0  rtentry2.o(.ARM.Collect$$rtentry$$0000000A)
    __rt_entry_postsh_1                      0x00000333   Thumb Code     0  rtentry2.o(.ARM.Collect$$rtentry$$00000009)
    __rt_entry_main                          0x00000337   Thumb Code     0  rtentry2.o(.ARM.Collect$$rtentry$$0000000D)
    __rt_entry_postli_1                      0x00000337   Thumb Code     0  rtentry2.o(.ARM.Collect$$rtentry$$0000000C)
    __rt_exit                                0x0000033f   Thumb Code     0  rtexit.o(.ARM.Collect$$rtexit$$00000000)
    __rt_exit_ls                             0x00000341   Thumb Code     0  rtexit2.o(.ARM.Collect$$rtexit$$00000003)
    __rt_exit_prels_1                        0x00000341   Thumb Code     0  rtexit2.o(.ARM.Collect$$rtexit$$00000002)
    __rt_exit_exit                           0x00000345   Thumb Code     0  rtexit2.o(.ARM.Collect$$rtexit$$00000004)
    Data                                     0x0000034d   Thumb Code  1486  main.o(.text)
    main                                     0x0000091b   Thumb Code    12  main.o(.text)
    SystemInit                               0x00000927   Thumb Code    14  main.o(.text)
    PWMA_Init                                0x00000969   Thumb Code   314  motorinit.o(.text)
    PWMB_Init                                0x00000aa3   Thumb Code   230  motorinit.o(.text)
    PWMC_Init                                0x00000b89   Thumb Code   172  motorinit.o(.text)
    PWMD_Init                                0x00000c35   Thumb Code   150  motorinit.o(.text)
    PWME_Init                                0x00000ccb   Thumb Code   440  motorinit.o(.text)
    ADCB_Init                                0x00000e83   Thumb Code   116  motorinit.o(.text)
    ADCC_Init                                0x00000ef7   Thumb Code   172  motorinit.o(.text)
    ADCD_Init                                0x00000fa3   Thumb Code    42  motorinit.o(.text)
    ADCE_Init                                0x00000fcd   Thumb Code   148  motorinit.o(.text)
    PortF_Init                               0x00001061   Thumb Code   218  motorinit.o(.text)
    SysTick_Init                             0x0000113b   Thumb Code    28  motorinit.o(.text)
    digitalWrite                             0x00001157   Thumb Code   818  motorinit.o(.text)
    TIVA1                                    0x00001489   Thumb Code   122  motorinit.o(.text)
    TIVA2                                    0x00001503   Thumb Code    56  motorinit.o(.text)
    init_adc_3pins                           0x0000153b   Thumb Code    76  motorinit.o(.text)
    init_adc_8pins                           0x00001587   Thumb Code    80  motorinit.o(.text)
    init_adc_2pins                           0x000015d7   Thumb Code    72  motorinit.o(.text)
    Delay1ms                                 0x0000161f   Thumb Code    22  motorinit.o(.text)
    delayUs                                  0x00001635   Thumb Code    22  motorinit.o(.text)
    analogWrite                              0x0000164b   Thumb Code   430  motorinit.o(.text)
    MotorStop                                0x000017f9   Thumb Code   204  motorinit.o(.text)
    digitalRead                              0x000018c5   Thumb Code    38  motorinit.o(.text)
    GPIOA_Handler                            0x00001915   Thumb Code   136  encoders.o(.text)
    SysTick_Handler                          0x0000199d   Thumb Code   422  encoders.o(.text)
    singlePoleFilter                         0x00001b43   Thumb Code   144  encoders.o(.text)
    Hex2Dec                                  0x00001bd3   Thumb Code   224  encoders.o(.text)
    map                                      0x00001d2d   Thumb Code    22  pid.o(.text)
    PID_ML1_RPM                              0x00001d43   Thumb Code   272  pid.o(.text)
    PID_ML1_REV                              0x00001e53   Thumb Code   286  pid.o(.text)
    PID_ML2_RPM                              0x00001f71   Thumb Code   272  pid.o(.text)
    PID_ML2_REV                              0x00002081   Thumb Code   380  pid.o(.text)
    PID_ML3_RPM                              0x000021fd   Thumb Code   300  pid.o(.text)
    PID_ML3_REV                              0x00002329   Thumb Code   314  pid.o(.text)
    PID_MServe_RPM                           0x00002463   Thumb Code   386  pid.o(.text)
    Reset_Handler                            0x000025e5   Thumb Code     8  startup_tm4c123.o(.text)
    NMI_Handler                              0x000025ed   Thumb Code     2  startup_tm4c123.o(.text)
    HardFault_Handler                        0x000025ef   Thumb Code     2  startup_tm4c123.o(.text)
    MemManage_Handler                        0x000025f1   Thumb Code     2  startup_tm4c123.o(.text)
    BusFault_Handler                         0x000025f3   Thumb Code     2  startup_tm4c123.o(.text)
    UsageFault_Handler                       0x000025f5   Thumb Code     2  startup_tm4c123.o(.text)
    SVC_Handler                              0x000025f7   Thumb Code     2  startup_tm4c123.o(.text)
    DebugMon_Handler                         0x000025f9   Thumb Code     2  startup_tm4c123.o(.text)
    PendSV_Handler                           0x000025fb   Thumb Code     2  startup_tm4c123.o(.text)
    GPIOB_Handler                            0x00002601   Thumb Code     2  startup_tm4c123.o(.text)
    GPIOC_Handler                            0x00002603   Thumb Code     2  startup_tm4c123.o(.text)
    GPIOD_Handler                            0x00002605   Thumb Code     2  startup_tm4c123.o(.text)
    GPIOE_Handler                            0x00002607   Thumb Code     2  startup_tm4c123.o(.text)
    UART0_Handler                            0x00002609   Thumb Code     2  startup_tm4c123.o(.text)
    UART1_Handler                            0x0000260b   Thumb Code     2  startup_tm4c123.o(.text)
    SSI0_Handler                             0x0000260d   Thumb Code     2  startup_tm4c123.o(.text)
    I2C0_Handler                             0x0000260f   Thumb Code     2  startup_tm4c123.o(.text)
    PMW0_FAULT_Handler                       0x00002611   Thumb Code     2  startup_tm4c123.o(.text)
    PWM0_0_Handler                           0x00002613   Thumb Code     2  startup_tm4c123.o(.text)
    PWM0_1_Handler                           0x00002615   Thumb Code     2  startup_tm4c123.o(.text)
    PWM0_2_Handler                           0x00002617   Thumb Code     2  startup_tm4c123.o(.text)
    QEI0_Handler                             0x00002619   Thumb Code     2  startup_tm4c123.o(.text)
    ADC0SS0_Handler                          0x0000261b   Thumb Code     2  startup_tm4c123.o(.text)
    ADC0SS1_Handler                          0x0000261d   Thumb Code     2  startup_tm4c123.o(.text)
    ADC0SS2_Handler                          0x0000261f   Thumb Code     2  startup_tm4c123.o(.text)
    ADC0SS3_Handler                          0x00002621   Thumb Code     2  startup_tm4c123.o(.text)
    WDT0_Handler                             0x00002623   Thumb Code     2  startup_tm4c123.o(.text)
    TIMER0A_Handler                          0x00002625   Thumb Code     2  startup_tm4c123.o(.text)
    TIMER0B_Handler                          0x00002627   Thumb Code     2  startup_tm4c123.o(.text)
    TIMER1A_Handler                          0x00002629   Thumb Code     2  startup_tm4c123.o(.text)
    TIMER1B_Handler                          0x0000262b   Thumb Code     2  startup_tm4c123.o(.text)
    TIMER2A_Handler                          0x0000262d   Thumb Code     2  startup_tm4c123.o(.text)
    TIMER2B_Handler                          0x0000262f   Thumb Code     2  startup_tm4c123.o(.text)
    COMP0_Handler                            0x00002631   Thumb Code     2  startup_tm4c123.o(.text)
    COMP1_Handler                            0x00002633   Thumb Code     2  startup_tm4c123.o(.text)
    COMP2_Handler                            0x00002635   Thumb Code     2  startup_tm4c123.o(.text)
    SYSCTL_Handler                           0x00002637   Thumb Code     2  startup_tm4c123.o(.text)
    FLASH_Handler                            0x00002639   Thumb Code     2  startup_tm4c123.o(.text)
    GPIOF_Handler                            0x0000263b   Thumb Code     2  startup_tm4c123.o(.text)
    GPIOG_Handler                            0x0000263d   Thumb Code     2  startup_tm4c123.o(.text)
    GPIOH_Handler                            0x0000263f   Thumb Code     2  startup_tm4c123.o(.text)
    UART2_Handler                            0x00002641   Thumb Code     2  startup_tm4c123.o(.text)
    SSI1_Handler                             0x00002643   Thumb Code     2  startup_tm4c123.o(.text)
    TIMER3A_Handler                          0x00002645   Thumb Code     2  startup_tm4c123.o(.text)
    TIMER3B_Handler                          0x00002647   Thumb Code     2  startup_tm4c123.o(.text)
    I2C1_Handler                             0x00002649   Thumb Code     2  startup_tm4c123.o(.text)
    QEI1_Handler                             0x0000264b   Thumb Code     2  startup_tm4c123.o(.text)
    CAN0_Handler                             0x0000264d   Thumb Code     2  startup_tm4c123.o(.text)
    CAN1_Handler                             0x0000264f   Thumb Code     2  startup_tm4c123.o(.text)
    CAN2_Handler                             0x00002651   Thumb Code     2  startup_tm4c123.o(.text)
    HIB_Handler                              0x00002653   Thumb Code     2  startup_tm4c123.o(.text)
    USB0_Handler                             0x00002655   Thumb Code     2  startup_tm4c123.o(.text)
    PWM0_3_Handler                           0x00002657   Thumb Code     2  startup_tm4c123.o(.text)
    UDMA_Handler                             0x00002659   Thumb Code     2  startup_tm4c123.o(.text)
    UDMAERR_Handler                          0x0000265b   Thumb Code     2  startup_tm4c123.o(.text)
    ADC1SS0_Handler                          0x0000265d   Thumb Code     2  startup_tm4c123.o(.text)
    ADC1SS1_Handler                          0x0000265f   Thumb Code     2  startup_tm4c123.o(.text)
    ADC1SS2_Handler                          0x00002661   Thumb Code     2  startup_tm4c123.o(.text)
    ADC1SS3_Handler                          0x00002663   Thumb Code     2  startup_tm4c123.o(.text)
    GPIOJ_Handler                            0x00002665   Thumb Code     2  startup_tm4c123.o(.text)
    GPIOK_Handler                            0x00002667   Thumb Code     2  startup_tm4c123.o(.text)
    GPIOL_Handler                            0x00002669   Thumb Code     2  startup_tm4c123.o(.text)
    SSI2_Handler                             0x0000266b   Thumb Code     2  startup_tm4c123.o(.text)
    SSI3_Handler                             0x0000266d   Thumb Code     2  startup_tm4c123.o(.text)
    UART3_Handler                            0x0000266f   Thumb Code     2  startup_tm4c123.o(.text)
    UART4_Handler                            0x00002671   Thumb Code     2  startup_tm4c123.o(.text)
    UART5_Handler                            0x00002673   Thumb Code     2  startup_tm4c123.o(.text)
    UART6_Handler                            0x00002675   Thumb Code     2  startup_tm4c123.o(.text)
    UART7_Handler                            0x00002677   Thumb Code     2  startup_tm4c123.o(.text)
    I2C2_Handler                             0x00002679   Thumb Code     2  startup_tm4c123.o(.text)
    I2C3_Handler                             0x0000267b   Thumb Code     2  startup_tm4c123.o(.text)
    TIMER4A_Handler                          0x0000267d   Thumb Code     2  startup_tm4c123.o(.text)
    TIMER4B_Handler                          0x0000267f   Thumb Code     2  startup_tm4c123.o(.text)
    TIMER5A_Handler                          0x00002681   Thumb Code     2  startup_tm4c123.o(.text)
    TIMER5B_Handler                          0x00002683   Thumb Code     2  startup_tm4c123.o(.text)
    WTIMER0A_Handler                         0x00002685   Thumb Code     2  startup_tm4c123.o(.text)
    WTIMER0B_Handler                         0x00002687   Thumb Code     2  startup_tm4c123.o(.text)
    WTIMER1A_Handler                         0x00002689   Thumb Code     2  startup_tm4c123.o(.text)
    WTIMER1B_Handler                         0x0000268b   Thumb Code     2  startup_tm4c123.o(.text)
    WTIMER2A_Handler                         0x0000268d   Thumb Code     2  startup_tm4c123.o(.text)
    WTIMER2B_Handler                         0x0000268f   Thumb Code     2  startup_tm4c123.o(.text)
    WTIMER3A_Handler                         0x00002691   Thumb Code     2  startup_tm4c123.o(.text)
    WTIMER3B_Handler                         0x00002693   Thumb Code     2  startup_tm4c123.o(.text)
    WTIMER4A_Handler                         0x00002695   Thumb Code     2  startup_tm4c123.o(.text)
    WTIMER4B_Handler                         0x00002697   Thumb Code     2  startup_tm4c123.o(.text)
    WTIMER5A_Handler                         0x00002699   Thumb Code     2  startup_tm4c123.o(.text)
    WTIMER5B_Handler                         0x0000269b   Thumb Code     2  startup_tm4c123.o(.text)
    FPU_Handler                              0x0000269d   Thumb Code     2  startup_tm4c123.o(.text)
    I2C4_Handler                             0x0000269f   Thumb Code     2  startup_tm4c123.o(.text)
    I2C5_Handler                             0x000026a1   Thumb Code     2  startup_tm4c123.o(.text)
    GPIOM_Handler                            0x000026a3   Thumb Code     2  startup_tm4c123.o(.text)
    GPION_Handler                            0x000026a5   Thumb Code     2  startup_tm4c123.o(.text)
    QEI2_Handler                             0x000026a7   Thumb Code     2  startup_tm4c123.o(.text)
    GPIOP0_Handler                           0x000026a9   Thumb Code     2  startup_tm4c123.o(.text)
    GPIOP1_Handler                           0x000026ab   Thumb Code     2  startup_tm4c123.o(.text)
    GPIOP2_Handler                           0x000026ad   Thumb Code     2  startup_tm4c123.o(.text)
    GPIOP3_Handler                           0x000026af   Thumb Code     2  startup_tm4c123.o(.text)
    GPIOP4_Handler                           0x000026b1   Thumb Code     2  startup_tm4c123.o(.text)
    GPIOP5_Handler                           0x000026b3   Thumb Code     2  startup_tm4c123.o(.text)
    GPIOP6_Handler                           0x000026b5   Thumb Code     2  startup_tm4c123.o(.text)
    GPIOP7_Handler                           0x000026b7   Thumb Code     2  startup_tm4c123.o(.text)
    GPIOQ0_Handler                           0x000026b9   Thumb Code     2  startup_tm4c123.o(.text)
    GPIOQ1_Handler                           0x000026bb   Thumb Code     2  startup_tm4c123.o(.text)
    GPIOQ2_Handler                           0x000026bd   Thumb Code     2  startup_tm4c123.o(.text)
    GPIOQ3_Handler                           0x000026bf   Thumb Code     2  startup_tm4c123.o(.text)
    GPIOQ4_Handler                           0x000026c1   Thumb Code     2  startup_tm4c123.o(.text)
    GPIOQ5_Handler                           0x000026c3   Thumb Code     2  startup_tm4c123.o(.text)
    GPIOQ6_Handler                           0x000026c5   Thumb Code     2  startup_tm4c123.o(.text)
    GPIOQ7_Handler                           0x000026c7   Thumb Code     2  startup_tm4c123.o(.text)
    GPIOR_Handler                            0x000026c9   Thumb Code     2  startup_tm4c123.o(.text)
    GPIOS_Handler                            0x000026cb   Thumb Code     2  startup_tm4c123.o(.text)
    PMW1_0_Handler                           0x000026cd   Thumb Code     2  startup_tm4c123.o(.text)
    PWM1_1_Handler                           0x000026cf   Thumb Code     2  startup_tm4c123.o(.text)
    PWM1_2_Handler                           0x000026d1   Thumb Code     2  startup_tm4c123.o(.text)
    PWM1_3_Handler                           0x000026d3   Thumb Code     2  startup_tm4c123.o(.text)
    PWM1_FAULT_Handler                       0x000026d5   Thumb Code     2  startup_tm4c123.o(.text)
    __user_initial_stackheap                 0x000026d9   Thumb Code     0  startup_tm4c123.o(.text)
    Stop                                     0x000026f9   Thumb Code    68  motion.o(.text)
    Forward                                  0x0000273d   Thumb Code    84  motion.o(.text)
    Reverse                                  0x00002791   Thumb Code    84  motion.o(.text)
    Left                                     0x000027e5   Thumb Code    84  motion.o(.text)
    Right                                    0x00002839   Thumb Code    84  motion.o(.text)
    UpRight                                  0x0000288d   Thumb Code    76  motion.o(.text)
    UpLeft                                   0x000028d9   Thumb Code    76  motion.o(.text)
    DownRight                                0x00002925   Thumb Code    76  motion.o(.text)
    DownLeft                                 0x00002971   Thumb Code    76  motion.o(.text)
    ClockWise                                0x000029bd   Thumb Code    84  motion.o(.text)
    CounterClockWise                         0x00002a11   Thumb Code    84  motion.o(.text)
    lifter1up                                0x00002a65   Thumb Code    24  motion.o(.text)
    lifter1down                              0x00002a7d   Thumb Code    24  motion.o(.text)
    lifter2up                                0x00002a95   Thumb Code    24  motion.o(.text)
    lifter2down                              0x00002aad   Thumb Code    24  motion.o(.text)
    lifter12up                               0x00002ac5   Thumb Code    88  motion.o(.text)
    lifter12down                             0x00002b1d   Thumb Code    44  motion.o(.text)
    lifter3up                                0x00002b49   Thumb Code    24  motion.o(.text)
    lifter3down                              0x00002b61   Thumb Code    24  motion.o(.text)
    liftersup                                0x00002b79   Thumb Code    64  motion.o(.text)
    liftersdown                              0x00002bb9   Thumb Code    64  motion.o(.text)
    liftersStop                              0x00002bf9   Thumb Code    52  motion.o(.text)
    serve                                    0x00002c2d   Thumb Code    24  motion.o(.text)
    servestop                                0x00002c45   Thumb Code    10  motion.o(.text)
    SSIConfigSetExpClk                       0x00002c95   Thumb Code    86  ssi.o(.text)
    SSIEnable                                0x00002ceb   Thumb Code    10  ssi.o(.text)
    SSIDisable                               0x00002cf5   Thumb Code    10  ssi.o(.text)
    SSIIntRegister                           0x00002cff   Thumb Code    16  ssi.o(.text)
    SSIIntUnregister                         0x00002d0f   Thumb Code    14  ssi.o(.text)
    SSIIntEnable                             0x00002d1d   Thumb Code     8  ssi.o(.text)
    SSIIntDisable                            0x00002d25   Thumb Code     8  ssi.o(.text)
    SSIIntStatus                             0x00002d2d   Thumb Code    12  ssi.o(.text)
    SSIIntClear                              0x00002d39   Thumb Code     4  ssi.o(.text)
    SSIDataPut                               0x00002d3d   Thumb Code    14  ssi.o(.text)
    SSIDataPutNonBlocking                    0x00002d4b   Thumb Code    20  ssi.o(.text)
    SSIDataGet                               0x00002d5f   Thumb Code    16  ssi.o(.text)
    SSIDataGetNonBlocking                    0x00002d6f   Thumb Code    22  ssi.o(.text)
    SSIDMAEnable                             0x00002d85   Thumb Code     8  ssi.o(.text)
    SSIDMADisable                            0x00002d8d   Thumb Code     8  ssi.o(.text)
    SSIBusy                                  0x00002d95   Thumb Code    10  ssi.o(.text)
    SSIClockSourceSet                        0x00002d9f   Thumb Code     8  ssi.o(.text)
    SSIClockSourceGet                        0x00002da7   Thumb Code    10  ssi.o(.text)
    SSIAdvModeSet                            0x00002db1   Thumb Code    12  ssi.o(.text)
    SSIAdvDataPutFrameEnd                    0x00002dbd   Thumb Code    22  ssi.o(.text)
    SSIAdvDataPutFrameEndNonBlocking         0x00002dd3   Thumb Code    28  ssi.o(.text)
    SSIAdvFrameHoldEnable                    0x00002def   Thumb Code    10  ssi.o(.text)
    SSIAdvFrameHoldDisable                   0x00002df9   Thumb Code    10  ssi.o(.text)
    ReadData                                 0x00002e19   Thumb Code   336  spi.o(.text)
    data_get_SS0                             0x00002f75   Thumb Code    52  adc.o(.text)
    data_get_SS1                             0x00002fa9   Thumb Code    52  adc.o(.text)
    IR_read                                  0x00002fdd   Thumb Code    50  adc.o(.text)
    digital_reads                            0x0000300f   Thumb Code   256  adc.o(.text)
    line                                     0x0000310f   Thumb Code  2312  adc.o(.text)
    VerticalLines                            0x00003a17   Thumb Code    86  adc.o(.text)
    Serve                                    0x00003a9d   Thumb Code   278  serve.o(.text)
    Pole                                     0x00003bd1   Thumb Code   122  poles.o(.text)
    Pole1                                    0x00003c4b   Thumb Code   348  poles.o(.text)
    Pole2                                    0x00003da7   Thumb Code   348  poles.o(.text)
    Pole3                                    0x00003f03   Thumb Code   398  poles.o(.text)
    Pole4                                    0x00004091   Thumb Code   348  poles.o(.text)
    Pole5                                    0x000041ed   Thumb Code   348  poles.o(.text)
    strlen                                   0x00004379   Thumb Code    62  strlen.o(.text)
    __use_two_region_memory                  0x000043b7   Thumb Code     2  heapauxi.o(.text)
    __rt_heap_escrow$2region                 0x000043b9   Thumb Code     2  heapauxi.o(.text)
    __rt_heap_expand$2region                 0x000043bb   Thumb Code     2  heapauxi.o(.text)
    __read_errno                             0x000043bd   Thumb Code    10  _rserrno.o(.text)
    __set_errno                              0x000043c7   Thumb Code    12  _rserrno.o(.text)
    __aeabi_errno_addr                       0x000043d5   Thumb Code     8  rt_errno_addr_intlibspace.o(.text)
    __errno$intlibspace                      0x000043d5   Thumb Code     0  rt_errno_addr_intlibspace.o(.text)
    __rt_errno_addr$intlibspace              0x000043d5   Thumb Code     0  rt_errno_addr_intlibspace.o(.text)
    __user_libspace                          0x000043dd   Thumb Code     8  libspace.o(.text)
    __user_perproc_libspace                  0x000043dd   Thumb Code     0  libspace.o(.text)
    __user_perthread_libspace                0x000043dd   Thumb Code     0  libspace.o(.text)
    __user_setup_stackheap                   0x000043e5   Thumb Code    74  sys_stackheap_outer.o(.text)
    exit                                     0x0000442f   Thumb Code    12  exit.o(.text)
    _sys_exit                                0x0000443d   Thumb Code     8  sys_exit.o(.text)
    __I$use$semihosting                      0x00004449   Thumb Code     0  use_no_semi.o(.text)
    __use_no_semihosting_swi                 0x00004449   Thumb Code     2  use_no_semi.o(.text)
    __ARM_fpclassify                         0x0000444b   Thumb Code    48  fpclassify.o(i.__ARM_fpclassify)
    __semihosting_library_function           0x0000444b   Thumb Code     0  indicate_semi.o(.text)
    __hardfp_pow                             0x00004481   Thumb Code  3132  pow.o(i.__hardfp_pow)
    __kernel_poly                            0x00005111   Thumb Code   248  poly.o(i.__kernel_poly)
    __mathlib_dbl_underflow                  0x00005209   Thumb Code    24  dunder.o(i.__mathlib_dbl_underflow)
    fabs                                     0x00005229   Thumb Code    32  fabs.o(i.fabs)
    sqrt                                     0x00005249   Thumb Code   110  sqrt.o(i.sqrt)
    __aeabi_dneg                             0x000052b7   Thumb Code     0  basic.o(x$fpl$basic)
    _dneg                                    0x000052b7   Thumb Code     6  basic.o(x$fpl$basic)
    __aeabi_fneg                             0x000052bd   Thumb Code     0  basic.o(x$fpl$basic)
    _fneg                                    0x000052bd   Thumb Code     6  basic.o(x$fpl$basic)
    _dabs                                    0x000052c3   Thumb Code     6  basic.o(x$fpl$basic)
    _fabs                                    0x000052c9   Thumb Code     6  basic.o(x$fpl$basic)
    __aeabi_d2f                              0x000052d1   Thumb Code     0  d2f.o(x$fpl$d2f)
    _d2f                                     0x000052d1   Thumb Code    98  d2f.o(x$fpl$d2f)
    __aeabi_dadd                             0x00005335   Thumb Code     0  daddsub_clz.o(x$fpl$dadd)
    _dadd                                    0x00005335   Thumb Code   332  daddsub_clz.o(x$fpl$dadd)
    __fpl_dcheck_NaN1                        0x00005485   Thumb Code    10  dcheck1.o(x$fpl$dcheck1)
    __fpl_dcmp_Inf                           0x00005495   Thumb Code    24  dcmpi.o(x$fpl$dcmpinf)
    __aeabi_ddiv                             0x000054ad   Thumb Code     0  ddiv.o(x$fpl$ddiv)
    _ddiv                                    0x000054ad   Thumb Code   552  ddiv.o(x$fpl$ddiv)
    __aeabi_d2uiz                            0x0000575d   Thumb Code     0  dfixu.o(x$fpl$dfixu)
    _dfixu                                   0x0000575d   Thumb Code    90  dfixu.o(x$fpl$dfixu)
    __aeabi_i2d                              0x000057b7   Thumb Code     0  dflt_clz.o(x$fpl$dflt)
    _dflt                                    0x000057b7   Thumb Code    46  dflt_clz.o(x$fpl$dflt)
    __aeabi_l2d                              0x000057e5   Thumb Code     0  dfltll_clz.o(x$fpl$dfltll)
    _ll_sto_d                                0x000057e5   Thumb Code   162  dfltll_clz.o(x$fpl$dfltll)
    __aeabi_ui2d                             0x00005887   Thumb Code     0  dflt_clz.o(x$fpl$dfltu)
    _dfltu                                   0x00005887   Thumb Code    38  dflt_clz.o(x$fpl$dfltu)
    __aeabi_cdcmple                          0x000058ad   Thumb Code     0  dleqf.o(x$fpl$dleqf)
    _dcmple                                  0x000058ad   Thumb Code   120  dleqf.o(x$fpl$dleqf)
    __fpl_dcmple_InfNaN                      0x0000590f   Thumb Code     0  dleqf.o(x$fpl$dleqf)
    __aeabi_dmul                             0x00005925   Thumb Code     0  dmul.o(x$fpl$dmul)
    _dmul                                    0x00005925   Thumb Code   332  dmul.o(x$fpl$dmul)
    __fpl_dnaninf                            0x00005a79   Thumb Code   156  dnaninf.o(x$fpl$dnaninf)
    __fpl_dretinf                            0x00005b15   Thumb Code    12  dretinf.o(x$fpl$dretinf)
    __aeabi_cdrcmple                         0x00005b21   Thumb Code     0  drleqf.o(x$fpl$drleqf)
    _drcmple                                 0x00005b21   Thumb Code   108  drleqf.o(x$fpl$drleqf)
    __aeabi_drsub                            0x00005b8d   Thumb Code     0  daddsub_clz.o(x$fpl$drsb)
    _drsb                                    0x00005b8d   Thumb Code    22  daddsub_clz.o(x$fpl$drsb)
    _dsqrt                                   0x00005ba5   Thumb Code   404  dsqrt_umaal.o(x$fpl$dsqrt)
    __aeabi_dsub                             0x00005d3d   Thumb Code     0  daddsub_clz.o(x$fpl$dsub)
    _dsub                                    0x00005d3d   Thumb Code   464  daddsub_clz.o(x$fpl$dsub)
    _fp_init                                 0x00005f11   Thumb Code    10  fpinit.o(x$fpl$fpinit)
    __fplib_config_fpu_vfp                   0x00005f19   Thumb Code     0  fpinit.o(x$fpl$fpinit)
    __fplib_config_pureend_doubles           0x00005f19   Thumb Code     0  fpinit.o(x$fpl$fpinit)
    __fpl_fretinf                            0x00005f1b   Thumb Code    10  fretinf.o(x$fpl$fretinf)
    __aeabi_d2lz                             0x00005f25   Thumb Code     0  dfixll.o(x$fpl$llsfromd)
    _ll_sfrom_d                              0x00005f25   Thumb Code   194  dfixll.o(x$fpl$llsfromd)
    __fpl_return_NaN                         0x00005fe7   Thumb Code   100  retnan.o(x$fpl$retnan)
    __ARM_scalbn                             0x0000604b   Thumb Code    92  scalbn.o(x$fpl$scalbn)
    __fpl_cmpreturn                          0x000060a7   Thumb Code    48  trapv.o(x$fpl$trapveneer)
    __I$use$fp                               0x000060d6   Number         0  usenofp.o(x$fpl$usenofp)
    __mathlib_zero                           0x000061a0   Data           8  qnan.o(.constdata)
    Region$$Table$$Base                      0x000061a8   Number         0  anon$$obj.o(Region$$Table)
    Region$$Table$$Limit                     0x000061c8   Number         0  anon$$obj.o(Region$$Table)
    i                                        0x20000000   Data           4  main.o(.data)
    a                                        0x20000004   Data           4  main.o(.data)
    servepwm                                 0x20000008   Data           4  main.o(.data)
    HIGH                                     0x2000000c   Data           1  motorinit.o(.data)
    LOW                                      0x2000000d   Data           1  motorinit.o(.data)
    Q                                        0x20000010   Data           4  encoders.o(.data)
    W                                        0x20000014   Data           4  encoders.o(.data)
    T                                        0x20000018   Data           4  encoders.o(.data)
    Mlifter1counter                          0x2000001c   Data           4  encoders.o(.data)
    Mlifter2counter                          0x20000020   Data           4  encoders.o(.data)
    Mlifter3counter                          0x20000024   Data           4  encoders.o(.data)
    MServecounter                            0x20000028   Data           4  encoders.o(.data)
    RPM_ML1                                  0x2000002c   Data           4  encoders.o(.data)
    RPM_ML2                                  0x20000030   Data           4  encoders.o(.data)
    RPM_ML3                                  0x20000034   Data           4  encoders.o(.data)
    RPM_MServe                               0x20000038   Data           4  encoders.o(.data)
    prev1                                    0x2000003c   Data           4  encoders.o(.data)
    prev2                                    0x20000040   Data           4  encoders.o(.data)
    prev3                                    0x20000044   Data           4  encoders.o(.data)
    prevMServe                               0x20000048   Data           4  encoders.o(.data)
    counts1                                  0x2000004c   Data           4  encoders.o(.data)
    counts2                                  0x20000050   Data           4  encoders.o(.data)
    counts3                                  0x20000054   Data           4  encoders.o(.data)
    countsMServe                             0x20000058   Data           4  encoders.o(.data)
    prev_counts1                             0x2000005c   Data           4  encoders.o(.data)
    prev_counts2                             0x20000060   Data           4  encoders.o(.data)
    prev_counts3                             0x20000064   Data           4  encoders.o(.data)
    prev_MServe                              0x20000068   Data           4  encoders.o(.data)
    kp_ML1                                   0x2000006c   Data           4  pid.o(.data)
    ki_ML1                                   0x20000070   Data           4  pid.o(.data)
    kd_ML1                                   0x20000074   Data           4  pid.o(.data)
    error_ML1                                0x20000078   Data           4  pid.o(.data)
    P_ML1                                    0x2000007c   Data           4  pid.o(.data)
    I_ML1                                    0x20000080   Data           4  pid.o(.data)
    D_ML1                                    0x20000084   Data           4  pid.o(.data)
    PID_value_ML1                            0x20000088   Data           4  pid.o(.data)
    previous_error_ML1                       0x2000008c   Data           4  pid.o(.data)
    previous_I_ML1                           0x20000090   Data           4  pid.o(.data)
    REF_RPM_ML1                              0x20000094   Data           4  pid.o(.data)
    REF_REV_ML1                              0x20000098   Data           4  pid.o(.data)
    kp_ML2                                   0x2000009c   Data           4  pid.o(.data)
    ki_ML2                                   0x200000a0   Data           4  pid.o(.data)
    kd_ML2                                   0x200000a4   Data           4  pid.o(.data)
    error_ML2                                0x200000a8   Data           4  pid.o(.data)
    P_ML2                                    0x200000ac   Data           4  pid.o(.data)
    I_ML2                                    0x200000b0   Data           4  pid.o(.data)
    D_ML2                                    0x200000b4   Data           4  pid.o(.data)
    PID_value_ML2                            0x200000b8   Data           4  pid.o(.data)
    previous_error_ML2                       0x200000bc   Data           4  pid.o(.data)
    previous_I_ML2                           0x200000c0   Data           4  pid.o(.data)
    REF_RPM_ML2                              0x200000c4   Data           4  pid.o(.data)
    REF_REV_ML2                              0x200000c8   Data           4  pid.o(.data)
    kp_ML3                                   0x200000cc   Data           4  pid.o(.data)
    ki_ML3                                   0x200000d0   Data           4  pid.o(.data)
    kd_ML3                                   0x200000d4   Data           4  pid.o(.data)
    error_ML3                                0x200000d8   Data           4  pid.o(.data)
    P_ML3                                    0x200000dc   Data           4  pid.o(.data)
    I_ML3                                    0x200000e0   Data           4  pid.o(.data)
    D_ML3                                    0x200000e4   Data           4  pid.o(.data)
    PID_value_ML3                            0x200000e8   Data           4  pid.o(.data)
    previous_error_ML3                       0x200000ec   Data           4  pid.o(.data)
    previous_I_ML3                           0x200000f0   Data           4  pid.o(.data)
    REF_RPM_ML3                              0x200000f4   Data           4  pid.o(.data)
    REF_REV_ML3                              0x200000f8   Data           4  pid.o(.data)
    kp_MServe                                0x200000fc   Data           4  pid.o(.data)
    ki_MServe                                0x20000100   Data           4  pid.o(.data)
    kd_MServe                                0x20000104   Data           4  pid.o(.data)
    error_MServe                             0x20000108   Data           4  pid.o(.data)
    P_MServe                                 0x2000010c   Data           4  pid.o(.data)
    I_MServe                                 0x20000110   Data           4  pid.o(.data)
    D_MServe                                 0x20000114   Data           4  pid.o(.data)
    PID_value_MServe                         0x20000118   Data           4  pid.o(.data)
    previous_error_MServe                    0x2000011c   Data           4  pid.o(.data)
    previous_I_MServe                        0x20000120   Data           4  pid.o(.data)
    REF_RPM_MServe                           0x20000124   Data           4  pid.o(.data)
    REF_REV_MServe                           0x20000128   Data           4  pid.o(.data)
    M5_CW                                    0x2000012c   Data           4  motion.o(.data)
    M6_CW                                    0x20000130   Data           4  motion.o(.data)
    M7_CW                                    0x20000134   Data           4  motion.o(.data)
    M8_CW                                    0x20000138   Data           4  motion.o(.data)
    M5_CCW                                   0x2000013c   Data           4  motion.o(.data)
    M6_CCW                                   0x20000140   Data           4  motion.o(.data)
    M7_CCW                                   0x20000144   Data           4  motion.o(.data)
    M8_CCW                                   0x20000148   Data           4  motion.o(.data)
    FORWARD                                  0x2000014c   Data          16  motion.o(.data)
    REVERSE                                  0x2000015c   Data          16  motion.o(.data)
    LEFT                                     0x2000016c   Data          16  motion.o(.data)
    RIGHT                                    0x2000017c   Data          16  motion.o(.data)
    UPRIGHT                                  0x2000018c   Data          16  motion.o(.data)
    UPLEFT                                   0x2000019c   Data          16  motion.o(.data)
    DOWNRIGHT                                0x200001ac   Data          16  motion.o(.data)
    DOWNLEFT                                 0x200001bc   Data          16  motion.o(.data)
    CLOCKWISE                                0x200001cc   Data          16  motion.o(.data)
    COUNTERCLOCKWISE                         0x200001dc   Data          16  motion.o(.data)
    stop                                     0x200001ec   Data           1  spi.o(.data)
    F                                        0x200001ed   Data           1  spi.o(.data)
    Rev                                      0x200001ee   Data           1  spi.o(.data)
    L                                        0x200001ef   Data           1  spi.o(.data)
    R                                        0x200001f0   Data           1  spi.o(.data)
    UR                                       0x200001f1   Data           1  spi.o(.data)
    UL                                       0x200001f2   Data           1  spi.o(.data)
    DR                                       0x200001f3   Data           1  spi.o(.data)
    DL                                       0x200001f4   Data           1  spi.o(.data)
    CW                                       0x200001f5   Data           1  spi.o(.data)
    CCW                                      0x200001f6   Data           1  spi.o(.data)
    ServeStart                               0x200001f7   Data           1  spi.o(.data)
    ServeStop                                0x200001f8   Data           1  spi.o(.data)
    LIFT1_UP                                 0x200001f9   Data           1  spi.o(.data)
    LIFT1_DOWN                               0x200001fa   Data           1  spi.o(.data)
    LIFT12_UP                                0x200001fb   Data           1  spi.o(.data)
    LIFT12_DOWN                              0x200001fc   Data           1  spi.o(.data)
    LIFT3_UP                                 0x200001fd   Data           1  spi.o(.data)
    LIFT3_DOWN                               0x200001fe   Data           1  spi.o(.data)
    LIFTall_UP                               0x200001ff   Data           1  spi.o(.data)
    LIFTall_DOWN                             0x20000200   Data           1  spi.o(.data)
    LIFT_STOP                                0x20000201   Data           1  spi.o(.data)
    servepwm_UP                              0x20000202   Data           1  spi.o(.data)
    servepwm_DOWN                            0x20000203   Data           1  spi.o(.data)
    POLE3                                    0x20000204   Data           1  spi.o(.data)
    POLE1                                    0x20000205   Data           1  spi.o(.data)
    POLE2                                    0x20000206   Data           1  spi.o(.data)
    POLE5                                    0x20000207   Data           1  spi.o(.data)
    POLE4                                    0x20000208   Data           1  spi.o(.data)
    VERTICAL_LINE                            0x20000209   Data           1  spi.o(.data)
    LINE                                     0x2000020a   Data           1  spi.o(.data)
    R2                                       0x2000020b   Data           1  spi.o(.data)
    ui32Index                                0x2000020c   Data           4  spi.o(.data)
    pui32DataRx                              0x20000210   Data           4  spi.o(.data)
    VL                                       0x20000214   Data           4  adc.o(.data)
    ls1                                      0x20000218   Data           4  adc.o(.data)
    ls2                                      0x2000021c   Data           4  adc.o(.data)
    ls3                                      0x20000220   Data           4  adc.o(.data)
    ls4                                      0x20000224   Data           4  adc.o(.data)
    ls5                                      0x20000228   Data           4  adc.o(.data)
    ls6                                      0x2000022c   Data           4  adc.o(.data)
    ls7                                      0x20000230   Data           4  adc.o(.data)
    ls8                                      0x20000234   Data           4  adc.o(.data)
    sensor_lifter1                           0x20000238   Data           4  adc.o(.data)
    sensor_lifter3                           0x2000023c   Data           4  adc.o(.data)
    V_L                                      0x20000240   Data           8  adc.o(.data)
    State                                    0x20000248   Data           4  serve.o(.data)
    I                                        0x2000024c   Data           4  serve.o(.data)
    state1                                   0x20000250   Data           4  serve.o(.data)
    state2                                   0x20000254   Data           4  serve.o(.data)
    desired_pos1                             0x20000258   Data           4  poles.o(.data)
    desired_pos2                             0x2000025c   Data           4  poles.o(.data)
    desired_pos3                             0x20000260   Data           4  poles.o(.data)
    current_pos1                             0x20000264   Data           4  poles.o(.data)
    current_pos2                             0x20000268   Data           4  poles.o(.data)
    current_pos3                             0x2000026c   Data           4  poles.o(.data)
    pos1                                     0x20000270   Data           4  poles.o(.data)
    pos2                                     0x20000274   Data           4  poles.o(.data)
    pos3                                     0x20000278   Data           4  poles.o(.data)
    ADC0Value                                0x2000027c   Data          32  adc.o(.bss)
    IR                                       0x2000029c   Data          12  adc.o(.bss)
    __libspace_start                         0x200002a8   Data          96  libspace.o(.bss)
    __temporary_stack_top$libspace           0x20000308   Data           0  libspace.o(.bss)



==============================================================================

Memory Map of the image

  Image Entry point : 0x0000026d

  Load Region LR_IROM1 (Base: 0x00000000, Size: 0x00006444, Max: 0x00040000, ABSOLUTE, COMPRESSED[0x00006280])

    Execution Region ER_IROM1 (Base: 0x00000000, Size: 0x000061c8, Max: 0x00040000, ABSOLUTE)

    Base Addr    Size         Type   Attr      Idx    E Section Name        Object

    0x00000000   0x0000026c   Data   RO          179    RESET               startup_tm4c123.o
    0x0000026c   0x00000008   Code   RO          334  * !!!main             c_w.l(__main.o)
    0x00000274   0x00000034   Code   RO          593    !!!scatter          c_w.l(__scatter.o)
    0x000002a8   0x0000005a   Code   RO          591    !!dczerorl2         c_w.l(__dczerorl2.o)
    0x00000302   0x00000002   PAD
    0x00000304   0x0000001c   Code   RO          595    !!handler_zi        c_w.l(__scatter_zi.o)
    0x00000320   0x00000002   Code   RO          461    .ARM.Collect$$libinit$$00000000  c_w.l(libinit.o)
    0x00000322   0x00000004   Code   RO          468    .ARM.Collect$$libinit$$00000001  c_w.l(libinit2.o)
    0x00000326   0x00000000   Code   RO          472    .ARM.Collect$$libinit$$00000008  c_w.l(libinit2.o)
    0x00000326   0x00000000   Code   RO          474    .ARM.Collect$$libinit$$0000000A  c_w.l(libinit2.o)
    0x00000326   0x00000000   Code   RO          476    .ARM.Collect$$libinit$$0000000C  c_w.l(libinit2.o)
    0x00000326   0x00000000   Code   RO          479    .ARM.Collect$$libinit$$0000000F  c_w.l(libinit2.o)
    0x00000326   0x00000000   Code   RO          481    .ARM.Collect$$libinit$$00000011  c_w.l(libinit2.o)
    0x00000326   0x00000000   Code   RO          483    .ARM.Collect$$libinit$$00000013  c_w.l(libinit2.o)
    0x00000326   0x00000000   Code   RO          485    .ARM.Collect$$libinit$$00000015  c_w.l(libinit2.o)
    0x00000326   0x00000000   Code   RO          487    .ARM.Collect$$libinit$$00000017  c_w.l(libinit2.o)
    0x00000326   0x00000000   Code   RO          489    .ARM.Collect$$libinit$$00000019  c_w.l(libinit2.o)
    0x00000326   0x00000000   Code   RO          491    .ARM.Collect$$libinit$$0000001B  c_w.l(libinit2.o)
    0x00000326   0x00000000   Code   RO          493    .ARM.Collect$$libinit$$0000001D  c_w.l(libinit2.o)
    0x00000326   0x00000000   Code   RO          495    .ARM.Collect$$libinit$$0000001F  c_w.l(libinit2.o)
    0x00000326   0x00000000   Code   RO          497    .ARM.Collect$$libinit$$00000021  c_w.l(libinit2.o)
    0x00000326   0x00000000   Code   RO          499    .ARM.Collect$$libinit$$00000023  c_w.l(libinit2.o)
    0x00000326   0x00000000   Code   RO          503    .ARM.Collect$$libinit$$0000002A  c_w.l(libinit2.o)
    0x00000326   0x00000000   Code   RO          505    .ARM.Collect$$libinit$$0000002C  c_w.l(libinit2.o)
    0x00000326   0x00000000   Code   RO          507    .ARM.Collect$$libinit$$0000002E  c_w.l(libinit2.o)
    0x00000326   0x00000000   Code   RO          509    .ARM.Collect$$libinit$$00000030  c_w.l(libinit2.o)
    0x00000326   0x00000002   Code   RO          510    .ARM.Collect$$libinit$$00000031  c_w.l(libinit2.o)
    0x00000328   0x00000002   Code   RO          532    .ARM.Collect$$libshutdown$$00000000  c_w.l(libshutdown.o)
    0x0000032a   0x00000000   Code   RO          546    .ARM.Collect$$libshutdown$$00000003  c_w.l(libshutdown2.o)
    0x0000032a   0x00000000   Code   RO          549    .ARM.Collect$$libshutdown$$00000006  c_w.l(libshutdown2.o)
    0x0000032a   0x00000000   Code   RO          552    .ARM.Collect$$libshutdown$$00000009  c_w.l(libshutdown2.o)
    0x0000032a   0x00000000   Code   RO          554    .ARM.Collect$$libshutdown$$0000000B  c_w.l(libshutdown2.o)
    0x0000032a   0x00000000   Code   RO          557    .ARM.Collect$$libshutdown$$0000000E  c_w.l(libshutdown2.o)
    0x0000032a   0x00000002   Code   RO          558    .ARM.Collect$$libshutdown$$0000000F  c_w.l(libshutdown2.o)
    0x0000032c   0x00000000   Code   RO          378    .ARM.Collect$$rtentry$$00000000  c_w.l(rtentry.o)
    0x0000032c   0x00000000   Code   RO          424    .ARM.Collect$$rtentry$$00000002  c_w.l(rtentry2.o)
    0x0000032c   0x00000006   Code   RO          436    .ARM.Collect$$rtentry$$00000004  c_w.l(rtentry4.o)
    0x00000332   0x00000000   Code   RO          426    .ARM.Collect$$rtentry$$00000009  c_w.l(rtentry2.o)
    0x00000332   0x00000004   Code   RO          427    .ARM.Collect$$rtentry$$0000000A  c_w.l(rtentry2.o)
    0x00000336   0x00000000   Code   RO          429    .ARM.Collect$$rtentry$$0000000C  c_w.l(rtentry2.o)
    0x00000336   0x00000008   Code   RO          430    .ARM.Collect$$rtentry$$0000000D  c_w.l(rtentry2.o)
    0x0000033e   0x00000002   Code   RO          466    .ARM.Collect$$rtexit$$00000000  c_w.l(rtexit.o)
    0x00000340   0x00000000   Code   RO          514    .ARM.Collect$$rtexit$$00000002  c_w.l(rtexit2.o)
    0x00000340   0x00000004   Code   RO          515    .ARM.Collect$$rtexit$$00000003  c_w.l(rtexit2.o)
    0x00000344   0x00000006   Code   RO          516    .ARM.Collect$$rtexit$$00000004  c_w.l(rtexit2.o)
    0x0000034a   0x00000002   PAD
    0x0000034c   0x0000061c   Code   RO            1    .text               main.o
    0x00000968   0x00000fac   Code   RO          106    .text               motorinit.o
    0x00001914   0x00000418   Code   RO          128    .text               encoders.o
    0x00001d2c   0x000008b8   Code   RO          147    .text               pid.o
    0x000025e4   0x00000114   Code   RO          180    .text               startup_tm4c123.o
    0x000026f8   0x00000564   Code   RO          185    .text               motion.o
    0x00002c5c   0x000001bc   Code   RO          204    .text               ssi.o
    0x00002e18   0x0000015c   Code   RO          236    .text               spi.o
    0x00002f74   0x00000b28   Code   RO          261    .text               adc.o
    0x00003a9c   0x00000134   Code   RO          280    .text               serve.o
    0x00003bd0   0x000007a8   Code   RO          298    .text               poles.o
    0x00004378   0x0000003e   Code   RO          330    .text               c_w.l(strlen.o)
    0x000043b6   0x00000006   Code   RO          332    .text               c_w.l(heapauxi.o)
    0x000043bc   0x00000016   Code   RO          379    .text               c_w.l(_rserrno.o)
    0x000043d2   0x00000002   PAD
    0x000043d4   0x00000008   Code   RO          441    .text               c_w.l(rt_errno_addr_intlibspace.o)
    0x000043dc   0x00000008   Code   RO          449    .text               c_w.l(libspace.o)
    0x000043e4   0x0000004a   Code   RO          452    .text               c_w.l(sys_stackheap_outer.o)
    0x0000442e   0x0000000c   Code   RO          454    .text               c_w.l(exit.o)
    0x0000443a   0x00000002   PAD
    0x0000443c   0x0000000c   Code   RO          524    .text               c_w.l(sys_exit.o)
    0x00004448   0x00000002   Code   RO          535    .text               c_w.l(use_no_semi.o)
    0x0000444a   0x00000000   Code   RO          537    .text               c_w.l(indicate_semi.o)
    0x0000444a   0x00000030   Code   RO          406    i.__ARM_fpclassify  m_wm.l(fpclassify.o)
    0x0000447a   0x00000006   PAD
    0x00004480   0x00000c90   Code   RO          364    i.__hardfp_pow      m_wm.l(pow.o)
    0x00005110   0x000000f8   Code   RO          408    i.__kernel_poly     m_wm.l(poly.o)
    0x00005208   0x00000020   Code   RO          398    i.__mathlib_dbl_underflow  m_wm.l(dunder.o)
    0x00005228   0x00000020   Code   RO          402    i.fabs              m_wm.l(fabs.o)
    0x00005248   0x0000006e   Code   RO          413    i.sqrt              m_wm.l(sqrt.o)
    0x000052b6   0x00000018   Code   RO          381    x$fpl$basic         fz_wm.l(basic.o)
    0x000052ce   0x00000002   PAD
    0x000052d0   0x00000062   Code   RO          336    x$fpl$d2f           fz_wm.l(d2f.o)
    0x00005332   0x00000002   PAD
    0x00005334   0x00000150   Code   RO          338    x$fpl$dadd          fz_wm.l(daddsub_clz.o)
    0x00005484   0x00000010   Code   RO          443    x$fpl$dcheck1       fz_wm.l(dcheck1.o)
    0x00005494   0x00000018   Code   RO          462    x$fpl$dcmpinf       fz_wm.l(dcmpi.o)
    0x000054ac   0x000002b0   Code   RO          384    x$fpl$ddiv          fz_wm.l(ddiv.o)
    0x0000575c   0x0000005a   Code   RO          348    x$fpl$dfixu         fz_wm.l(dfixu.o)
    0x000057b6   0x0000002e   Code   RO          353    x$fpl$dflt          fz_wm.l(dflt_clz.o)
    0x000057e4   0x000000a2   Code   RO          358    x$fpl$dfltll        fz_wm.l(dfltll_clz.o)
    0x00005886   0x00000026   Code   RO          352    x$fpl$dfltu         fz_wm.l(dflt_clz.o)
    0x000058ac   0x00000078   Code   RO          445    x$fpl$dleqf         fz_wm.l(dleqf.o)
    0x00005924   0x00000154   Code   RO          362    x$fpl$dmul          fz_wm.l(dmul.o)
    0x00005a78   0x0000009c   Code   RO          387    x$fpl$dnaninf       fz_wm.l(dnaninf.o)
    0x00005b14   0x0000000c   Code   RO          389    x$fpl$dretinf       fz_wm.l(dretinf.o)
    0x00005b20   0x0000006c   Code   RO          391    x$fpl$drleqf        fz_wm.l(drleqf.o)
    0x00005b8c   0x00000016   Code   RO          339    x$fpl$drsb          fz_wm.l(daddsub_clz.o)
    0x00005ba2   0x00000002   PAD
    0x00005ba4   0x00000198   Code   RO          447    x$fpl$dsqrt         fz_wm.l(dsqrt_umaal.o)
    0x00005d3c   0x000001d4   Code   RO          340    x$fpl$dsub          fz_wm.l(daddsub_clz.o)
    0x00005f10   0x0000000a   Code   RO          522    x$fpl$fpinit        fz_wm.l(fpinit.o)
    0x00005f1a   0x0000000a   Code   RO          393    x$fpl$fretinf       fz_wm.l(fretinf.o)
    0x00005f24   0x000000c2   Code   RO          344    x$fpl$llsfromd      fz_wm.l(dfixll.o)
    0x00005fe6   0x00000064   Code   RO          464    x$fpl$retnan        fz_wm.l(retnan.o)
    0x0000604a   0x0000005c   Code   RO          395    x$fpl$scalbn        fz_wm.l(scalbn.o)
    0x000060a6   0x00000030   Code   RO          511    x$fpl$trapveneer    fz_wm.l(trapv.o)
    0x000060d6   0x00000000   Code   RO          397    x$fpl$usenofp       fz_wm.l(usenofp.o)
    0x000060d6   0x00000002   PAD
    0x000060d8   0x00000040   Data   RO          205    .constdata          ssi.o
    0x00006118   0x00000088   Data   RO          367    .constdata          m_wm.l(pow.o)
    0x000061a0   0x00000008   Data   RO          410    .constdata          m_wm.l(qnan.o)
    0x000061a8   0x00000020   Data   RO          589    Region$$Table       anon$$obj.o


    Execution Region RW_IRAM1 (Base: 0x20000000, Size: 0x00000508, Max: 0x00008000, ABSOLUTE, COMPRESSED[0x000000b8])

    Base Addr    Size         Type   Attr      Idx    E Section Name        Object

    0x20000000   0x0000000c   Data   RW            2    .data               main.o
    0x2000000c   0x00000002   Data   RW          107    .data               motorinit.o
    0x2000000e   0x00000002   PAD
    0x20000010   0x0000005c   Data   RW          129    .data               encoders.o
    0x2000006c   0x000000c0   Data   RW          148    .data               pid.o
    0x2000012c   0x000000c0   Data   RW          186    .data               motion.o
    0x200001ec   0x00000028   Data   RW          237    .data               spi.o
    0x20000214   0x00000034   Data   RW          263    .data               adc.o
    0x20000248   0x00000010   Data   RW          281    .data               serve.o
    0x20000258   0x00000024   Data   RW          299    .data               poles.o
    0x2000027c   0x0000002c   Zero   RW          262    .bss                adc.o
    0x200002a8   0x00000060   Zero   RW          450    .bss                c_w.l(libspace.o)
    0x20000308   0x00000000   Zero   RW          178    HEAP                startup_tm4c123.o
    0x20000308   0x00000200   Zero   RW          177    STACK               startup_tm4c123.o


==============================================================================

Image component sizes


      Code (inc. data)   RO Data    RW Data    ZI Data      Debug   Object Name

      2856        148          0         52         44       3973   adc.o
      1048        122          0         92          0       2579   encoders.o
      1564        182          0         12          0       6122   main.o
      1380         58          0        192          0       4569   motion.o
      4012        520          0          2          0       4916   motorinit.o
      2232        210          0        192          0       4171   pid.o
      1960         96          0         36          0       3340   poles.o
       308         30          0         16          0        864   serve.o
       348         12          0         40          0       1872   spi.o
       444         22         64          0          0       6441   ssi.o
       276         24        620          0        512       5396   startup_tm4c123.o

    ----------------------------------------------------------------------
     16428       1424        716        636        556      44243   Object Totals
         0          0         32          0          0          0   (incl. Generated)
         0          0          0          2          0          0   (incl. Padding)

    ----------------------------------------------------------------------

      Code (inc. data)   RO Data    RW Data    ZI Data      Debug   Library Member Name

        90          0          0          0          0          0   __dczerorl2.o
         8          0          0          0          0         68   __main.o
        52          8          0          0          0          0   __scatter.o
        28          0          0          0          0          0   __scatter_zi.o
        22          0          0          0          0        100   _rserrno.o
        12          0          0          0          0         72   exit.o
         6          0          0          0          0        152   heapauxi.o
         0          0          0          0          0          0   indicate_semi.o
         2          0          0          0          0          0   libinit.o
         6          0          0          0          0          0   libinit2.o
         2          0          0          0          0          0   libshutdown.o
         2          0          0          0          0          0   libshutdown2.o
         8          4          0          0         96         68   libspace.o
         8          4          0          0          0         68   rt_errno_addr_intlibspace.o
         0          0          0          0          0          0   rtentry.o
        12          0          0          0          0          0   rtentry2.o
         6          0          0          0          0          0   rtentry4.o
         2          0          0          0          0          0   rtexit.o
        10          0          0          0          0          0   rtexit2.o
        62          0          0          0          0         76   strlen.o
        12          4          0          0          0         68   sys_exit.o
        74          0          0          0          0         80   sys_stackheap_outer.o
         2          0          0          0          0         68   use_no_semi.o
        24          0          0          0          0        164   basic.o
        98          4          0          0          0        140   d2f.o
       826         16          0          0          0        492   daddsub_clz.o
        16          4          0          0          0        116   dcheck1.o
        24          0          0          0          0        116   dcmpi.o
       688        140          0          0          0        256   ddiv.o
       194          4          0          0          0        164   dfixll.o
        90          4          0          0          0        140   dfixu.o
        84          0          0          0          0        232   dflt_clz.o
       162          0          0          0          0        132   dfltll_clz.o
       120          4          0          0          0        140   dleqf.o
       340         12          0          0          0        152   dmul.o
       156          4          0          0          0        140   dnaninf.o
        12          0          0          0          0        116   dretinf.o
       108          0          0          0          0        128   drleqf.o
       408         56          0          0          0        168   dsqrt_umaal.o
        10          0          0          0          0        116   fpinit.o
        10          0          0          0          0        116   fretinf.o
       100          0          0          0          0        116   retnan.o
        92          0          0          0          0        116   scalbn.o
        48          0          0          0          0        116   trapv.o
         0          0          0          0          0          0   usenofp.o
        32          8          0          0          0        124   dunder.o
        32          0          0          0          0        124   fabs.o
        48          0          0          0          0        124   fpclassify.o
       248          0          0          0          0        152   poly.o
      3216        310        136          0          0        216   pow.o
         0          0          8          0          0          0   qnan.o
       110          0          0          0          0        148   sqrt.o

    ----------------------------------------------------------------------
      7744        586        144          0         96       5084   Library Totals
        22          0          0          0          0          0   (incl. Padding)

    ----------------------------------------------------------------------

      Code (inc. data)   RO Data    RW Data    ZI Data      Debug   Library Name

       426         20          0          0         96        820   c_w.l
      3610        248          0          0          0       3376   fz_wm.l
      3686        318        144          0          0        888   m_wm.l

    ----------------------------------------------------------------------
      7744        586        144          0         96       5084   Library Totals

    ----------------------------------------------------------------------

==============================================================================


      Code (inc. data)   RO Data    RW Data    ZI Data      Debug   

     24172       2010        860        636        652      44311   Grand Totals
     24172       2010        860        184        652      44311   ELF Image Totals (compressed)
     24172       2010        860        184          0          0   ROM Totals

==============================================================================

    Total RO  Size (Code + RO Data)                25032 (  24.45kB)
    Total RW  Size (RW Data + ZI Data)              1288 (   1.26kB)
    Total ROM Size (Code + RO Data + RW Data)      25216 (  24.63kB)

==============================================================================

