<html>
<body>
<pre>
<h1>µVision Build Log</h1>
<h2>Project:</h2>
C:\Users\omar_\Documents\GitHub\Pirates14\Robot 1 tiva\trial pwm functions.uvproj
Project File Date:  06/17/2017

<h2>Output:</h2>
Build target 'Target 1'
compiling encoders.c...
linking...
Program Size: Code=23820 RO-data=860 RW-data=636 ZI-data=652  
".\trial pwm functions.axf" - 0 Error(s), 0 Warning(s).
Load "C:\\Users\\omar_\\Documents\\GitHub\\Pirates14\\Robot 1 tiva\\trial pwm functions.axf" 
Connecting: Mode=JTAG, Speed=1000000Hz
Erase Done.
Programming Done.
Verify OK.
g Done.
Verify OK.
ed

Load "C:\\Users\\omar_\\Documents\\GitHub\\Pirates14\\Robot 1 tiva\\trial pwm functions.axf" 
_____^
*** error 56: cannot open file
Error: Flash Download failed  -  Could not load file 'C:\Users\omar_\Documents\GitHub\Pirates14\Robot 1 tiva\trial pwm functions.axf'

failed  -  Could not load file 'C:\Users\omar_\Documents\GitHub\Pirates14\Robot 1 tiva\trial pwm functions.axf'
Load "C:\\Users\\omar_\\Documents\\GitHub\\Pirates14\\Robot 1 tiva\\trial pwm functions.axf" 
_____^
*** error 56: cannot open file
Error: Flash Download failed  -  Could not load file 'C:\Users\omar_\Documents\GitHub\Pirates14\Robot 1 tiva\trial pwm functions.axf'
