ARM Linker, 5.03 [Build 76] [MDK-ARM Lite]

==============================================================================

Section Cross References

    main.o(.text) refers to spi.o(.text) for ReadData
    main.o(.text) refers to motion.o(.text) for Stop
    main.o(.text) refers to poles.o(.text) for Pole1
    main.o(.text) refers to main.o(.data) for a
    main.o(.text) refers to spi.o(.data) for stop
    main.o(.text) refers to motion.o(.data) for servepwm
    main.o(.text) refers to motorinit.o(.text) for TIVA1
    motorinit.o(.text) refers to motorinit.o(.data) for LOW
    encoders.o(.text) refers to dflt_clz.o(x$fpl$dfltu) for __aeabi_ui2d
    encoders.o(.text) refers to dmul.o(x$fpl$dmul) for __aeabi_dmul
    encoders.o(.text) refers to dfixu.o(x$fpl$dfixu) for __aeabi_d2uiz
    encoders.o(.text) refers to dflt_clz.o(x$fpl$dflt) for __aeabi_i2d
    encoders.o(.text) refers to daddsub_clz.o(x$fpl$dadd) for __aeabi_dadd
    encoders.o(.text) refers to d2f.o(x$fpl$d2f) for __aeabi_d2f
    encoders.o(.text) refers to strlen.o(.text) for strlen
    encoders.o(.text) refers to pow.o(i.__hardfp_pow) for __hardfp_pow
    encoders.o(.text) refers to dfltll_clz.o(x$fpl$dfltll) for __aeabi_l2d
    encoders.o(.text) refers to encoders.o(.data) for Mlifter1counter
    encoders.o(.text) refers to dfixll.o(x$fpl$llsfromd) for __aeabi_d2lz
    pid.o(.text) refers to motorinit.o(.text) for analogWrite
    pid.o(.text) refers to encoders.o(.data) for RPM_ML1
    pid.o(.text) refers to pid.o(.data) for error_ML1
    startup_tm4c123.o(STACK) refers (Special) to heapauxi.o(.text) for __use_two_region_memory
    startup_tm4c123.o(HEAP) refers (Special) to heapauxi.o(.text) for __use_two_region_memory
    startup_tm4c123.o(RESET) refers (Special) to heapauxi.o(.text) for __use_two_region_memory
    startup_tm4c123.o(RESET) refers to startup_tm4c123.o(STACK) for __initial_sp
    startup_tm4c123.o(RESET) refers to startup_tm4c123.o(.text) for Reset_Handler
    startup_tm4c123.o(RESET) refers to encoders.o(.text) for SysTick_Handler
    startup_tm4c123.o(RESET) refers to serve.o(.text) for GPIOD_Handler
    startup_tm4c123.o(.text) refers (Special) to heapauxi.o(.text) for __use_two_region_memory
    startup_tm4c123.o(.text) refers to main.o(.text) for SystemInit
    startup_tm4c123.o(.text) refers to __main.o(!!!main) for __main
    startup_tm4c123.o(.text) refers to startup_tm4c123.o(HEAP) for Heap_Mem
    startup_tm4c123.o(.text) refers to startup_tm4c123.o(STACK) for Stack_Mem
    motion.o(.text) refers to motorinit.o(.text) for digitalWrite
    motion.o(.text) refers to motorinit.o(.data) for LOW
    motion.o(.text) refers to motion.o(.data) for FORWARD
    ssi.o(.text) refers to ssi.o(.constdata) for g_ppui32SSIIntMap
    spi.o(.text) refers to ssi.o(.text) for SSIDataGet
    spi.o(.text) refers to spi.o(.data) for pui32DataRx
    adc.o(.text) refers to motorinit.o(.text) for analogWrite
    adc.o(.text) refers to adc.o(.data) for ls1
    adc.o(.text) refers to adc.o(.bss) for ADC0Value
    adc.o(.text) refers to motorinit.o(.data) for LOW
    serve.o(.text) refers to motorinit.o(.text) for digitalWrite
    serve.o(.text) refers to serve.o(.data) for State
    serve.o(.text) refers to motorinit.o(.data) for LOW
    poles.o(.text) refers to motorinit.o(.text) for digitalWrite
    poles.o(.text) refers to pid.o(.text) for PID_ML1_REV
    poles.o(.text) refers to motion.o(.text) for liftersStop
    poles.o(.text) refers to spi.o(.text) for ReadData
    poles.o(.text) refers to serve.o(.text) for Serve
    poles.o(.text) refers to poles.o(.data) for current_pos1
    poles.o(.text) refers to encoders.o(.data) for Mlifter1counter
    poles.o(.text) refers to motorinit.o(.data) for HIGH
    poles.o(.text) refers to spi.o(.data) for R2
    __main.o(!!!main) refers to rtentry.o(.ARM.Collect$$rtentry$$00000000) for __rt_entry
    d2f.o(x$fpl$d2f) refers (Special) to usenofp.o(x$fpl$usenofp) for __I$use$fp
    d2f.o(x$fpl$d2f) refers to fretinf.o(x$fpl$fretinf) for __fpl_fretinf
    d2f.o(x$fpl$d2f) refers to dnaninf.o(x$fpl$dnaninf) for __fpl_dnaninf
    daddsub_clz.o(x$fpl$dadd) refers (Special) to usenofp.o(x$fpl$usenofp) for __I$use$fp
    daddsub_clz.o(x$fpl$dadd) refers to daddsub_clz.o(x$fpl$dsub) for _dsub1
    daddsub_clz.o(x$fpl$dadd) refers to dretinf.o(x$fpl$dretinf) for __fpl_dretinf
    daddsub_clz.o(x$fpl$dadd) refers to dnaninf.o(x$fpl$dnaninf) for __fpl_dnaninf
    daddsub_clz.o(x$fpl$drsb) refers (Special) to usenofp.o(x$fpl$usenofp) for __I$use$fp
    daddsub_clz.o(x$fpl$drsb) refers to daddsub_clz.o(x$fpl$dadd) for _dadd1
    daddsub_clz.o(x$fpl$drsb) refers to daddsub_clz.o(x$fpl$dsub) for _dsub1
    daddsub_clz.o(x$fpl$dsub) refers (Special) to usenofp.o(x$fpl$usenofp) for __I$use$fp
    daddsub_clz.o(x$fpl$dsub) refers to daddsub_clz.o(x$fpl$dadd) for _dadd1
    daddsub_clz.o(x$fpl$dsub) refers to dnaninf.o(x$fpl$dnaninf) for __fpl_dnaninf
[...]
    libshutdown.o(.ARM.Collect$$libshutdown$$00000000) refers (Special) to libshutdown2.o(.ARM.Collect$$libshutdown$$0000000F) for __rt_lib_shutdown_return
    libshutdown.o(.ARM.Collect$$libshutdown$$00000000) refers (Special) to libshutdown2.o(.ARM.Collect$$libshutdown$$00000009) for __rt_lib_shutdown_signal_1
    libshutdown.o(.ARM.Collect$$libshutdown$$00000000) refers (Special) to libshutdown2.o(.ARM.Collect$$libshutdown$$00000003) for __rt_lib_shutdown_stdio_1
    libshutdown.o(.ARM.Collect$$libshutdown$$00000000) refers (Special) to libshutdown2.o(.ARM.Collect$$libshutdown$$0000000B) for __rt_lib_shutdown_user_alloc_1
    sys_command.o(.text) refers (Special) to use_no_semi.o(.text) for __I$use$semihosting
    sys_command.o(.text) refers (Special) to indicate_semi.o(.text) for __semihosting_library_function
    defsig_rtmem_outer.o(.text) refers to defsig_rtmem_inner.o(.text) for __rt_SIGRTMEM_inner
    defsig_rtmem_outer.o(.text) refers to defsig_exit.o(.text) for __sig_exit
    defsig_rtmem_formal.o(.text) refers to rt_raise.o(.text) for __rt_raise
    rt_raise.o(.text) refers to __raise.o(.text) for __raise
    rt_raise.o(.text) refers to sys_exit.o(.text) for _sys_exit
    defsig_exit.o(.text) refers to sys_exit.o(.text) for _sys_exit
    defsig_rtmem_inner.o(.text) refers to defsig_general.o(.text) for __default_signal_display
    __raise.o(.text) refers to defsig.o(CL$$defsig) for __default_signal_handler
    defsig_general.o(.text) refers to sys_wrch.o(.text) for _ttywrch
    sys_wrch.o(.text) refers (Special) to use_no_semi.o(.text) for __I$use$semihosting
    sys_wrch.o(.text) refers (Special) to indicate_semi.o(.text) for __semihosting_library_function
    defsig.o(CL$$defsig) refers to defsig_rtmem_inner.o(.text) for __rt_SIGRTMEM_inner
    defsig_abrt_inner.o(.text) refers to defsig_general.o(.text) for __default_signal_display
    defsig_fpe_inner.o(.text) refers to defsig_general.o(.text) for __default_signal_display
    defsig_rtred_inner.o(.text) refers to defsig_general.o(.text) for __default_signal_display
    defsig_stak_inner.o(.text) refers to defsig_general.o(.text) for __default_signal_display
    defsig_pvfn_inner.o(.text) refers to defsig_general.o(.text) for __default_signal_display
    defsig_cppl_inner.o(.text) refers to defsig_general.o(.text) for __default_signal_display
    defsig_segv_inner.o(.text) refers to defsig_general.o(.text) for __default_signal_display
    defsig_other.o(.text) refers to defsig_general.o(.text) for __default_signal_display


==============================================================================

Removing Unused input sections from the image.

    Removing uart.o(.text), (44 bytes).
    Removing adc.o(.text), (2736 bytes).
    Removing adc.o(.bss), (32 bytes).
    Removing adc.o(.data), (36 bytes).

4 unused section(s) (total 2848 bytes) removed from the image.

==============================================================================

Image Symbol Table

    Local Symbols

    Symbol Name                              Value     Ov Type        Size  Object(Section)

    RESET                                    0x00000000   Section      620  startup_tm4c123.o(RESET)
    ../clib/angel/boardlib.s                 0x00000000   Number         0  boardshut.o ABSOLUTE
    ../clib/angel/boardlib.s                 0x00000000   Number         0  boardinit3.o ABSOLUTE
    ../clib/angel/boardlib.s                 0x00000000   Number         0  boardinit1.o ABSOLUTE
    ../clib/angel/boardlib.s                 0x00000000   Number         0  boardinit2.o ABSOLUTE
    ../clib/angel/dczerorl2.s                0x00000000   Number         0  __dczerorl2.o ABSOLUTE
    ../clib/angel/handlers.s                 0x00000000   Number         0  __scatter_zi.o ABSOLUTE
    ../clib/angel/kernel.s                   0x00000000   Number         0  rtentry.o ABSOLUTE
    ../clib/angel/kernel.s                   0x00000000   Number         0  rtentry2.o ABSOLUTE
    ../clib/angel/kernel.s                   0x00000000   Number         0  rtexit2.o ABSOLUTE
    ../clib/angel/kernel.s                   0x00000000   Number         0  rtexit.o ABSOLUTE
    ../clib/angel/kernel.s                   0x00000000   Number         0  rtentry4.o ABSOLUTE
    ../clib/angel/rt.s                       0x00000000   Number         0  rt_raise.o ABSOLUTE
    ../clib/angel/rt.s                       0x00000000   Number         0  rt_errno_addr.o ABSOLUTE
    ../clib/angel/rt.s                       0x00000000   Number         0  rt_errno_addr_intlibspace.o ABSOLUTE
    ../clib/angel/scatter.s                  0x00000000   Number         0  __scatter.o ABSOLUTE
    ../clib/angel/startup.s                  0x00000000   Number         0  __main.o ABSOLUTE
    ../clib/angel/sys.s                      0x00000000   Number         0  use_no_semi.o ABSOLUTE
    ../clib/angel/sys.s                      0x00000000   Number         0  indicate_semi.o ABSOLUTE
    ../clib/angel/sys.s                      0x00000000   Number         0  sys_stackheap_outer.o ABSOLUTE
    ../clib/angel/sys.s                      0x00000000   Number         0  libspace.o ABSOLUTE
    ../clib/angel/sysapp.c                   0x00000000   Number         0  sys_command.o ABSOLUTE
    ../clib/angel/sysapp.c                   0x00000000   Number         0  sys_wrch.o ABSOLUTE
    ../clib/angel/sysapp.c                   0x00000000   Number         0  sys_exit.o ABSOLUTE
    ../clib/armsys.c                         0x00000000   Number         0  argv_veneer.o ABSOLUTE
    ../clib/armsys.c                         0x00000000   Number         0  no_argv.o ABSOLUTE
    ../clib/armsys.c                         0x00000000   Number         0  argv_veneer.o ABSOLUTE
    ../clib/armsys.c                         0x00000000   Number         0  _get_argv_nomalloc.o ABSOLUTE
    ../clib/fenv.c                           0x00000000   Number         0  _rserrno.o ABSOLUTE
    ../clib/heapalloc.c                      0x00000000   Number         0  hrguard.o ABSOLUTE
    ../clib/heapaux.c                        0x00000000   Number         0  heapauxi.o ABSOLUTE
    ../clib/libinit.s                        0x00000000   Number         0  libshutdown2.o ABSOLUTE
    ../clib/libinit.s                        0x00000000   Number         0  libinit2.o ABSOLUTE
    ../clib/libinit.s                        0x00000000   Number         0  libshutdown.o ABSOLUTE
    ../clib/libinit.s                        0x00000000   Number         0  libinit.o ABSOLUTE
    ../clib/signal.c                         0x00000000   Number         0  defsig_segv_inner.o ABSOLUTE
    ../clib/signal.c                         0x00000000   Number         0  defsig_cppl_inner.o ABSOLUTE
    ../clib/signal.c                         0x00000000   Number         0  defsig_pvfn_inner.o ABSOLUTE
    ../clib/signal.c                         0x00000000   Number         0  defsig_stak_inner.o ABSOLUTE
    ../clib/signal.c                         0x00000000   Number         0  defsig_rtmem_formal.o ABSOLUTE
    ../clib/signal.c                         0x00000000   Number         0  defsig_exit.o ABSOLUTE
    ../clib/signal.c                         0x00000000   Number         0  defsig_rtmem_inner.o ABSOLUTE
    ../clib/signal.c                         0x00000000   Number         0  defsig_rtred_inner.o ABSOLUTE
    ../clib/signal.c                         0x00000000   Number         0  __raise.o ABSOLUTE
    ../clib/signal.c                         0x00000000   Number         0  defsig_general.o ABSOLUTE
    ../clib/signal.c                         0x00000000   Number         0  defsig_rtmem_outer.o ABSOLUTE
    ../clib/signal.c                         0x00000000   Number         0  defsig_other.o ABSOLUTE
    ../clib/signal.c                         0x00000000   Number         0  defsig_abrt_inner.o ABSOLUTE
    ../clib/signal.c                         0x00000000   Number         0  defsig_fpe_inner.o ABSOLUTE
    ../clib/signal.s                         0x00000000   Number         0  defsig.o ABSOLUTE
    ../clib/stdlib.c                         0x00000000   Number         0  exit.o ABSOLUTE
    ../clib/string.c                         0x00000000   Number         0  strlen.o ABSOLUTE
    ../fplib/basic.s                         0x00000000   Number         0  basic.o ABSOLUTE
    ../fplib/d2f.s                           0x00000000   Number         0  d2f.o ABSOLUTE
    ../fplib/daddsub.s                       0x00000000   Number         0  daddsub_clz.o ABSOLUTE
    ../fplib/dcheck1.s                       0x00000000   Number         0  dcheck1.o ABSOLUTE
    ../fplib/dcmpi.s                         0x00000000   Number         0  dcmpi.o ABSOLUTE
    ../fplib/ddiv.s                          0x00000000   Number         0  ddiv.o ABSOLUTE
    ../fplib/dfixll.s                        0x00000000   Number         0  dfixll.o ABSOLUTE
    ../fplib/dfixu.s                         0x00000000   Number         0  dfixu.o ABSOLUTE
    ../fplib/dflt.s                          0x00000000   Number         0  dflt_clz.o ABSOLUTE
    ../fplib/dfltll.s                        0x00000000   Number         0  dfltll_clz.o ABSOLUTE
    ../fplib/dleqf.s                         0x00000000   Number         0  dleqf.o ABSOLUTE
    ../fplib/dmul.s                          0x00000000   Number         0  dmul.o ABSOLUTE
    ../fplib/dnaninf.s                       0x00000000   Number         0  dnaninf.o ABSOLUTE
    ../fplib/dretinf.s                       0x00000000   Number         0  dretinf.o ABSOLUTE
    ../fplib/drleqf.s                        0x00000000   Number         0  drleqf.o ABSOLUTE
    ../fplib/dsqrt.s                         0x00000000   Number         0  dsqrt_umaal.o ABSOLUTE
    ../fplib/fpinit.s                        0x00000000   Number         0  fpinit.o ABSOLUTE
    ../fplib/fretinf.s                       0x00000000   Number         0  fretinf.o ABSOLUTE
    ../fplib/retnan.s                        0x00000000   Number         0  retnan.o ABSOLUTE
    ../fplib/scalbn.s                        0x00000000   Number         0  scalbn.o ABSOLUTE
    ../fplib/trapv.s                         0x00000000   Number         0  trapv.o ABSOLUTE
    ../fplib/usenofp.s                       0x00000000   Number         0  usenofp.o ABSOLUTE
    ../mathlib/dunder.c                      0x00000000   Number         0  dunder.o ABSOLUTE
    ../mathlib/fabs.c                        0x00000000   Number         0  fabs.o ABSOLUTE
    ../mathlib/fpclassify.c                  0x00000000   Number         0  fpclassify.o ABSOLUTE
    ../mathlib/poly.c                        0x00000000   Number         0  poly.o ABSOLUTE
    ../mathlib/pow.c                         0x00000000   Number         0  pow.o ABSOLUTE
    ../mathlib/pow.c                         0x00000000   Number         0  pow_x.o ABSOLUTE
    ../mathlib/qnan.c                        0x00000000   Number         0  qnan.o ABSOLUTE
    ../mathlib/sqrt.c                        0x00000000   Number         0  sqrt_x.o ABSOLUTE
    ../mathlib/sqrt.c                        0x00000000   Number         0  sqrt.o ABSOLUTE
    ADC.c                                    0x00000000   Number         0  adc.o ABSOLUTE
    Motion.c                                 0x00000000   Number         0  motion.o ABSOLUTE
    MotorInit.c                              0x00000000   Number         0  motorinit.o ABSOLUTE
    PID.c                                    0x00000000   Number         0  pid.o ABSOLUTE
    Poles.c                                  0x00000000   Number         0  poles.o ABSOLUTE
    Serve.c                                  0x00000000   Number         0  serve.o ABSOLUTE
    UART.c                                   0x00000000   Number         0  uart.o ABSOLUTE
    dc.s                                     0x00000000   Number         0  dc.o ABSOLUTE
    encoders.c                               0x00000000   Number         0  encoders.o ABSOLUTE
    main.c                                   0x00000000   Number         0  main.o ABSOLUTE
    pistons.c                                0x00000000   Number         0  pistons.o ABSOLUTE
    spi.c                                    0x00000000   Number         0  spi.o ABSOLUTE
    ssi.c                                    0x00000000   Number         0  ssi.o ABSOLUTE
    startup_TM4C123.s                        0x00000000   Number         0  startup_tm4c123.o ABSOLUTE
    !!!main                                  0x0000026c   Section        8  __main.o(!!!main)
    !!!scatter                               0x00000274   Section       52  __scatter.o(!!!scatter)
    !!dczerorl2                              0x000002a8   Section       90  __dczerorl2.o(!!dczerorl2)
    !!handler_zi                             0x00000304   Section       28  __scatter_zi.o(!!handler_zi)
    .ARM.Collect$$libinit$$00000000          0x00000320   Section        2  libinit.o(.ARM.Collect$$libinit$$00000000)
    .ARM.Collect$$libinit$$00000001          0x00000322   Section        4  libinit2.o(.ARM.Collect$$libinit$$00000001)
    .ARM.Collect$$libinit$$00000008          0x00000326   Section        0  libinit2.o(.ARM.Collect$$libinit$$00000008)
    .ARM.Collect$$libinit$$0000000A          0x00000326   Section        0  libinit2.o(.ARM.Collect$$libinit$$0000000A)
    .ARM.Collect$$libinit$$0000000C          0x00000326   Section        0  libinit2.o(.ARM.Collect$$libinit$$0000000C)
    .ARM.Collect$$libinit$$0000000F          0x00000326   Section        0  libinit2.o(.ARM.Collect$$libinit$$0000000F)
    .ARM.Collect$$libinit$$00000011          0x00000326   Section        0  libinit2.o(.ARM.Collect$$libinit$$00000011)
    .ARM.Collect$$libinit$$00000013          0x00000326   Section        0  libinit2.o(.ARM.Collect$$libinit$$00000013)
    .ARM.Collect$$libinit$$00000015          0x00000326   Section        0  libinit2.o(.ARM.Collect$$libinit$$00000015)
    .ARM.Collect$$libinit$$00000017          0x00000326   Section        0  libinit2.o(.ARM.Collect$$libinit$$00000017)
    .ARM.Collect$$libinit$$00000019          0x00000326   Section        0  libinit2.o(.ARM.Collect$$libinit$$00000019)
    .ARM.Collect$$libinit$$0000001B          0x00000326   Section        0  libinit2.o(.ARM.Collect$$libinit$$0000001B)
    .ARM.Collect$$libinit$$0000001D          0x00000326   Section        0  libinit2.o(.ARM.Collect$$libinit$$0000001D)
    .ARM.Collect$$libinit$$0000001F          0x00000326   Section        0  libinit2.o(.ARM.Collect$$libinit$$0000001F)
    .ARM.Collect$$libinit$$00000021          0x00000326   Section        0  libinit2.o(.ARM.Collect$$libinit$$00000021)
    .ARM.Collect$$libinit$$00000023          0x00000326   Section        0  libinit2.o(.ARM.Collect$$libinit$$00000023)
    .ARM.Collect$$libinit$$0000002A          0x00000326   Section        0  libinit2.o(.ARM.Collect$$libinit$$0000002A)
    .ARM.Collect$$libinit$$0000002C          0x00000326   Section        0  libinit2.o(.ARM.Collect$$libinit$$0000002C)
    .ARM.Collect$$libinit$$0000002E          0x00000326   Section        0  libinit2.o(.ARM.Collect$$libinit$$0000002E)
    .ARM.Collect$$libinit$$00000030          0x00000326   Section        0  libinit2.o(.ARM.Collect$$libinit$$00000030)
    .ARM.Collect$$libinit$$00000031          0x00000326   Section        2  libinit2.o(.ARM.Collect$$libinit$$00000031)
    .ARM.Collect$$libshutdown$$00000000      0x00000328   Section        2  libshutdown.o(.ARM.Collect$$libshutdown$$00000000)
    .ARM.Collect$$libshutdown$$00000003      0x0000032a   Section        0  libshutdown2.o(.ARM.Collect$$libshutdown$$00000003)
    .ARM.Collect$$libshutdown$$00000006      0x0000032a   Section        0  libshutdown2.o(.ARM.Collect$$libshutdown$$00000006)
    .ARM.Collect$$libshutdown$$00000009      0x0000032a   Section        0  libshutdown2.o(.ARM.Collect$$libshutdown$$00000009)
    .ARM.Collect$$libshutdown$$0000000B      0x0000032a   Section        0  libshutdown2.o(.ARM.Collect$$libshutdown$$0000000B)
    .ARM.Collect$$libshutdown$$0000000E      0x0000032a   Section        0  libshutdown2.o(.ARM.Collect$$libshutdown$$0000000E)
    .ARM.Collect$$libshutdown$$0000000F      0x0000032a   Section        2  libshutdown2.o(.ARM.Collect$$libshutdown$$0000000F)
    .ARM.Collect$$rtentry$$00000000          0x0000032c   Section        0  rtentry.o(.ARM.Collect$$rtentry$$00000000)
    .ARM.Collect$$rtentry$$00000002          0x0000032c   Section        0  rtentry2.o(.ARM.Collect$$rtentry$$00000002)
    .ARM.Collect$$rtentry$$00000004          0x0000032c   Section        6  rtentry4.o(.ARM.Collect$$rtentry$$00000004)
    .ARM.Collect$$rtentry$$00000009          0x00000332   Section        0  rtentry2.o(.ARM.Collect$$rtentry$$00000009)
    .ARM.Collect$$rtentry$$0000000A          0x00000332   Section        4  rtentry2.o(.ARM.Collect$$rtentry$$0000000A)
    .ARM.Collect$$rtentry$$0000000C          0x00000336   Section        0  rtentry2.o(.ARM.Collect$$rtentry$$0000000C)
    .ARM.Collect$$rtentry$$0000000D          0x00000336   Section        8  rtentry2.o(.ARM.Collect$$rtentry$$0000000D)
    .ARM.Collect$$rtexit$$00000000           0x0000033e   Section        2  rtexit.o(.ARM.Collect$$rtexit$$00000000)
    .ARM.Collect$$rtexit$$00000002           0x00000340   Section        0  rtexit2.o(.ARM.Collect$$rtexit$$00000002)
    .ARM.Collect$$rtexit$$00000003           0x00000340   Section        4  rtexit2.o(.ARM.Collect$$rtexit$$00000003)
    .ARM.Collect$$rtexit$$00000004           0x00000344   Section        6  rtexit2.o(.ARM.Collect$$rtexit$$00000004)
    .text                                    0x0000034c   Section        0  main.o(.text)
    .text                                    0x00000950   Section        0  motorinit.o(.text)
    .text                                    0x00001840   Section        0  encoders.o(.text)
    .text                                    0x00001d14   Section        0  pid.o(.text)
    .text                                    0x00002580   Section      276  startup_tm4c123.o(.text)
    $v0                                      0x00002580   Number         0  startup_tm4c123.o(.text)
    .text                                    0x00002694   Section        0  motion.o(.text)
    .text                                    0x00002c18   Section        0  ssi.o(.text)
    _SSIIntNumberGet                         0x00002c19   Thumb Code    56  ssi.o(.text)
    .text                                    0x00002dd4   Section        0  spi.o(.text)
    .text                                    0x00002f24   Section        0  serve.o(.text)
    .text                                    0x00002fe8   Section        0  poles.o(.text)
    .text                                    0x00003670   Section        0  strlen.o(.text)
    .text                                    0x000036ae   Section        0  heapauxi.o(.text)
    .text                                    0x000036b4   Section        0  _rserrno.o(.text)
    .text                                    0x000036cc   Section        8  rt_errno_addr_intlibspace.o(.text)
    .text                                    0x000036d4   Section        8  libspace.o(.text)
    .text                                    0x000036dc   Section       74  sys_stackheap_outer.o(.text)
    .text                                    0x00003726   Section        0  exit.o(.text)
    .text                                    0x00003734   Section        0  sys_exit.o(.text)
    .text                                    0x00003740   Section        2  use_no_semi.o(.text)
    .text                                    0x00003742   Section        0  indicate_semi.o(.text)
    i.__ARM_fpclassify                       0x00003742   Section        0  fpclassify.o(i.__ARM_fpclassify)
    i.__hardfp_pow                           0x00003778   Section        0  pow.o(i.__hardfp_pow)
    i.__kernel_poly                          0x00004408   Section        0  poly.o(i.__kernel_poly)
    i.__mathlib_dbl_underflow                0x00004500   Section        0  dunder.o(i.__mathlib_dbl_underflow)
    i.fabs                                   0x00004520   Section        0  fabs.o(i.fabs)
    i.sqrt                                   0x00004540   Section        0  sqrt.o(i.sqrt)
    x$fpl$basic                              0x000045ae   Section       24  basic.o(x$fpl$basic)
    $v0                                      0x000045ae   Number         0  basic.o(x$fpl$basic)
    x$fpl$d2f                                0x000045c8   Section       98  d2f.o(x$fpl$d2f)
    $v0                                      0x000045c8   Number         0  d2f.o(x$fpl$d2f)
    x$fpl$dadd                               0x0000462c   Section      336  daddsub_clz.o(x$fpl$dadd)
    $v0                                      0x0000462c   Number         0  daddsub_clz.o(x$fpl$dadd)
    _dadd1                                   0x0000463d   Thumb Code     0  daddsub_clz.o(x$fpl$dadd)
    x$fpl$dcheck1                            0x0000477c   Section       16  dcheck1.o(x$fpl$dcheck1)
    $v0                                      0x0000477c   Number         0  dcheck1.o(x$fpl$dcheck1)
    x$fpl$dcmpinf                            0x0000478c   Section       24  dcmpi.o(x$fpl$dcmpinf)
    $v0                                      0x0000478c   Number         0  dcmpi.o(x$fpl$dcmpinf)
    x$fpl$ddiv                               0x000047a4   Section      688  ddiv.o(x$fpl$ddiv)
    $v0                                      0x000047a4   Number         0  ddiv.o(x$fpl$ddiv)
    ddiv_entry                               0x000047ab   Thumb Code     0  ddiv.o(x$fpl$ddiv)
    x$fpl$dfixu                              0x00004a54   Section       90  dfixu.o(x$fpl$dfixu)
    $v0                                      0x00004a54   Number         0  dfixu.o(x$fpl$dfixu)
    x$fpl$dflt                               0x00004aae   Section       46  dflt_clz.o(x$fpl$dflt)
    $v0                                      0x00004aae   Number         0  dflt_clz.o(x$fpl$dflt)
    x$fpl$dfltll                             0x00004adc   Section      162  dfltll_clz.o(x$fpl$dfltll)
    $v0                                      0x00004adc   Number         0  dfltll_clz.o(x$fpl$dfltll)
    x$fpl$dfltu                              0x00004b7e   Section       38  dflt_clz.o(x$fpl$dfltu)
    $v0                                      0x00004b7e   Number         0  dflt_clz.o(x$fpl$dfltu)
    x$fpl$dleqf                              0x00004ba4   Section      120  dleqf.o(x$fpl$dleqf)
    $v0                                      0x00004ba4   Number         0  dleqf.o(x$fpl$dleqf)
    x$fpl$dmul                               0x00004c1c   Section      340  dmul.o(x$fpl$dmul)
    $v0                                      0x00004c1c   Number         0  dmul.o(x$fpl$dmul)
    x$fpl$dnaninf                            0x00004d70   Section      156  dnaninf.o(x$fpl$dnaninf)
    $v0                                      0x00004d70   Number         0  dnaninf.o(x$fpl$dnaninf)
    x$fpl$dretinf                            0x00004e0c   Section       12  dretinf.o(x$fpl$dretinf)
    $v0                                      0x00004e0c   Number         0  dretinf.o(x$fpl$dretinf)
    x$fpl$drleqf                             0x00004e18   Section      108  drleqf.o(x$fpl$drleqf)
    $v0                                      0x00004e18   Number         0  drleqf.o(x$fpl$drleqf)
    x$fpl$drsb                               0x00004e84   Section       22  daddsub_clz.o(x$fpl$drsb)
    $v0                                      0x00004e84   Number         0  daddsub_clz.o(x$fpl$drsb)
    x$fpl$dsqrt                              0x00004e9c   Section      408  dsqrt_umaal.o(x$fpl$dsqrt)
    $v0                                      0x00004e9c   Number         0  dsqrt_umaal.o(x$fpl$dsqrt)
    x$fpl$dsub                               0x00005034   Section      468  daddsub_clz.o(x$fpl$dsub)
    $v0                                      0x00005034   Number         0  daddsub_clz.o(x$fpl$dsub)
    _dsub1                                   0x00005045   Thumb Code     0  daddsub_clz.o(x$fpl$dsub)
    x$fpl$fpinit                             0x00005208   Section       10  fpinit.o(x$fpl$fpinit)
    $v0                                      0x00005208   Number         0  fpinit.o(x$fpl$fpinit)
    x$fpl$fretinf                            0x00005212   Section       10  fretinf.o(x$fpl$fretinf)
    $v0                                      0x00005212   Number         0  fretinf.o(x$fpl$fretinf)
    x$fpl$llsfromd                           0x0000521c   Section      194  dfixll.o(x$fpl$llsfromd)
    $v0                                      0x0000521c   Number         0  dfixll.o(x$fpl$llsfromd)
    x$fpl$retnan                             0x000052de   Section      100  retnan.o(x$fpl$retnan)
    $v0                                      0x000052de   Number         0  retnan.o(x$fpl$retnan)
    x$fpl$scalbn                             0x00005342   Section       92  scalbn.o(x$fpl$scalbn)
    $v0                                      0x00005342   Number         0  scalbn.o(x$fpl$scalbn)
    x$fpl$trapveneer                         0x0000539e   Section       48  trapv.o(x$fpl$trapveneer)
    $v0                                      0x0000539e   Number         0  trapv.o(x$fpl$trapveneer)
    x$fpl$usenofp                            0x000053ce   Section        0  usenofp.o(x$fpl$usenofp)
    .constdata                               0x000053d0   Section       64  ssi.o(.constdata)
    g_ppui32SSIIntMap                        0x000053d0   Data          32  ssi.o(.constdata)
    g_ppui32SSIIntMapSnowflake               0x000053f0   Data          32  ssi.o(.constdata)
    .constdata                               0x00005410   Section      136  pow.o(.constdata)
    bp                                       0x00005410   Data          16  pow.o(.constdata)
    dp_h                                     0x00005420   Data          16  pow.o(.constdata)
    dp_l                                     0x00005430   Data          16  pow.o(.constdata)
    L                                        0x00005440   Data          48  pow.o(.constdata)
    P                                        0x00005470   Data          40  pow.o(.constdata)
    .constdata                               0x00005498   Section        8  qnan.o(.constdata)
    .data                                    0x20000000   Section        8  main.o(.data)
    .data                                    0x20000008   Section        2  motorinit.o(.data)
    .data                                    0x2000000c   Section       80  encoders.o(.data)
    .data                                    0x2000005c   Section      192  pid.o(.data)
    .data                                    0x2000011c   Section      196  motion.o(.data)
    .data                                    0x200001e0   Section       44  spi.o(.data)
    .data                                    0x2000020c   Section        8  serve.o(.data)
    .data                                    0x20000214   Section       36  poles.o(.data)
    .bss                                     0x20000238   Section       96  libspace.o(.bss)
    HEAP                                     0x20000298   Section        0  startup_tm4c123.o(HEAP)
    STACK                                    0x20000298   Section      512  startup_tm4c123.o(STACK)
    Heap_Mem                                 0x20000298   Data           0  startup_tm4c123.o(HEAP)
    Stack_Mem                                0x20000298   Data         512  startup_tm4c123.o(STACK)
    __initial_sp                             0x20000498   Data           0  startup_tm4c123.o(STACK)

    Global Symbols

    Symbol Name                              Value     Ov Type        Size  Object(Section)

    BuildAttributes$$THM_ISAv4$E$P$D$K$B$S$7EM$VFPi3$EXTD16$VFPS$VFMA$PE$A:L22UL41UL21$X:L11$S22US41US21$IEEE1$IW$USESV6$~STKCKD$USESV7$~SHL$OTIME$ROPI$IEEEX$EBA8$UX$STANDARDLIB$REQ8$PRES8$EABIv2 0x00000000   Number         0  anon$$obj.o ABSOLUTE
    __ARM_use_no_argv                        0x00000000   Number         0  main.o ABSOLUTE
    __Vectors                                0x00000000   Data           4  startup_tm4c123.o(RESET)
    __ARM_exceptions_init                     - Undefined Weak Reference
    __alloca_initialize                       - Undefined Weak Reference
    __cpp_initialize__aeabi_                  - Undefined Weak Reference
    __cxa_finalize                            - Undefined Weak Reference
    __rt_locale                               - Undefined Weak Reference
    __sigvec_lookup                           - Undefined Weak Reference
    _atexit_init                              - Undefined Weak Reference
    _call_atexit_fns                          - Undefined Weak Reference
    _clock_init                               - Undefined Weak Reference
    _fp_trap_init                             - Undefined Weak Reference
    _fp_trap_shutdown                         - Undefined Weak Reference
    _get_lc_collate                           - Undefined Weak Reference
    _get_lc_ctype                             - Undefined Weak Reference
    _get_lc_monetary                          - Undefined Weak Reference
    _get_lc_numeric                           - Undefined Weak Reference
    _get_lc_time                              - Undefined Weak Reference
    _getenv_init                              - Undefined Weak Reference
    _handle_redirection                       - Undefined Weak Reference
    _init_alloc                               - Undefined Weak Reference
    _init_user_alloc                          - Undefined Weak Reference
    _initio                                   - Undefined Weak Reference
    _rand_init                                - Undefined Weak Reference
    _signal_finish                            - Undefined Weak Reference
    _signal_init                              - Undefined Weak Reference
    _terminate_alloc                          - Undefined Weak Reference
    _terminate_user_alloc                     - Undefined Weak Reference
    _terminateio                              - Undefined Weak Reference
    __Vectors_End                            0x0000026c   Data           0  startup_tm4c123.o(RESET)
    __Vectors_Size                           0x0000026c   Number         0  startup_tm4c123.o ABSOLUTE
    __main                                   0x0000026d   Thumb Code     8  __main.o(!!!main)
    __scatterload                            0x00000275   Thumb Code     0  __scatter.o(!!!scatter)
    __scatterload_rt2                        0x00000275   Thumb Code    44  __scatter.o(!!!scatter)
    __scatterload_rt2_thumb_only             0x00000275   Thumb Code     0  __scatter.o(!!!scatter)
    __scatterload_null                       0x00000283   Thumb Code     0  __scatter.o(!!!scatter)
    __decompress                             0x000002a9   Thumb Code    90  __dczerorl2.o(!!dczerorl2)
    __decompress1                            0x000002a9   Thumb Code     0  __dczerorl2.o(!!dczerorl2)
    __scatterload_zeroinit                   0x00000305   Thumb Code    28  __scatter_zi.o(!!handler_zi)
    __rt_lib_init                            0x00000321   Thumb Code     0  libinit.o(.ARM.Collect$$libinit$$00000000)
    __rt_lib_init_fp_1                       0x00000323   Thumb Code     0  libinit2.o(.ARM.Collect$$libinit$$00000001)
    __rt_lib_init_alloca_1                   0x00000327   Thumb Code     0  libinit2.o(.ARM.Collect$$libinit$$0000002C)
    __rt_lib_init_argv_1                     0x00000327   Thumb Code     0  libinit2.o(.ARM.Collect$$libinit$$0000002A)
    __rt_lib_init_atexit_1                   0x00000327   Thumb Code     0  libinit2.o(.ARM.Collect$$libinit$$00000019)
    __rt_lib_init_clock_1                    0x00000327   Thumb Code     0  libinit2.o(.ARM.Collect$$libinit$$0000001F)
    __rt_lib_init_cpp_1                      0x00000327   Thumb Code     0  libinit2.o(.ARM.Collect$$libinit$$00000030)
    __rt_lib_init_exceptions_1               0x00000327   Thumb Code     0  libinit2.o(.ARM.Collect$$libinit$$0000002E)
    __rt_lib_init_fp_trap_1                  0x00000327   Thumb Code     0  libinit2.o(.ARM.Collect$$libinit$$0000001D)
    __rt_lib_init_getenv_1                   0x00000327   Thumb Code     0  libinit2.o(.ARM.Collect$$libinit$$00000021)
    __rt_lib_init_heap_1                     0x00000327   Thumb Code     0  libinit2.o(.ARM.Collect$$libinit$$00000008)
    __rt_lib_init_lc_collate_1               0x00000327   Thumb Code     0  libinit2.o(.ARM.Collect$$libinit$$0000000F)
    __rt_lib_init_lc_ctype_1                 0x00000327   Thumb Code     0  libinit2.o(.ARM.Collect$$libinit$$00000011)
    __rt_lib_init_lc_monetary_1              0x00000327   Thumb Code     0  libinit2.o(.ARM.Collect$$libinit$$00000013)
    __rt_lib_init_lc_numeric_1               0x00000327   Thumb Code     0  libinit2.o(.ARM.Collect$$libinit$$00000015)
    __rt_lib_init_lc_time_1                  0x00000327   Thumb Code     0  libinit2.o(.ARM.Collect$$libinit$$00000017)
    __rt_lib_init_rand_1                     0x00000327   Thumb Code     0  libinit2.o(.ARM.Collect$$libinit$$0000000C)
    __rt_lib_init_return                     0x00000327   Thumb Code     0  libinit2.o(.ARM.Collect$$libinit$$00000031)
    __rt_lib_init_signal_1                   0x00000327   Thumb Code     0  libinit2.o(.ARM.Collect$$libinit$$0000001B)
    __rt_lib_init_stdio_1                    0x00000327   Thumb Code     0  libinit2.o(.ARM.Collect$$libinit$$00000023)
    __rt_lib_init_user_alloc_1               0x00000327   Thumb Code     0  libinit2.o(.ARM.Collect$$libinit$$0000000A)
    __rt_lib_shutdown                        0x00000329   Thumb Code     0  libshutdown.o(.ARM.Collect$$libshutdown$$00000000)
    __rt_lib_shutdown_fp_trap_1              0x0000032b   Thumb Code     0  libshutdown2.o(.ARM.Collect$$libshutdown$$00000006)
    __rt_lib_shutdown_heap_1                 0x0000032b   Thumb Code     0  libshutdown2.o(.ARM.Collect$$libshutdown$$0000000E)
    __rt_lib_shutdown_return                 0x0000032b   Thumb Code     0  libshutdown2.o(.ARM.Collect$$libshutdown$$0000000F)
    __rt_lib_shutdown_signal_1               0x0000032b   Thumb Code     0  libshutdown2.o(.ARM.Collect$$libshutdown$$00000009)
    __rt_lib_shutdown_stdio_1                0x0000032b   Thumb Code     0  libshutdown2.o(.ARM.Collect$$libshutdown$$00000003)
    __rt_lib_shutdown_user_alloc_1           0x0000032b   Thumb Code     0  libshutdown2.o(.ARM.Collect$$libshutdown$$0000000B)
    __rt_entry                               0x0000032d   Thumb Code     0  rtentry.o(.ARM.Collect$$rtentry$$00000000)
    __rt_entry_presh_1                       0x0000032d   Thumb Code     0  rtentry2.o(.ARM.Collect$$rtentry$$00000002)
    __rt_entry_sh                            0x0000032d   Thumb Code     0  rtentry4.o(.ARM.Collect$$rtentry$$00000004)
    __rt_entry_li                            0x00000333   Thumb Code     0  rtentry2.o(.ARM.Collect$$rtentry$$0000000A)
    __rt_entry_postsh_1                      0x00000333   Thumb Code     0  rtentry2.o(.ARM.Collect$$rtentry$$00000009)
    __rt_entry_main                          0x00000337   Thumb Code     0  rtentry2.o(.ARM.Collect$$rtentry$$0000000D)
    __rt_entry_postli_1                      0x00000337   Thumb Code     0  rtentry2.o(.ARM.Collect$$rtentry$$0000000C)
    __rt_exit                                0x0000033f   Thumb Code     0  rtexit.o(.ARM.Collect$$rtexit$$00000000)
    __rt_exit_ls                             0x00000341   Thumb Code     0  rtexit2.o(.ARM.Collect$$rtexit$$00000003)
    __rt_exit_prels_1                        0x00000341   Thumb Code     0  rtexit2.o(.ARM.Collect$$rtexit$$00000002)
    __rt_exit_exit                           0x00000345   Thumb Code     0  rtexit2.o(.ARM.Collect$$rtexit$$00000004)
    Data                                     0x0000034d   Thumb Code  1438  main.o(.text)
    main                                     0x000008eb   Thumb Code    12  main.o(.text)
    Delay1ms                                 0x000008f7   Thumb Code    22  main.o(.text)
    SystemInit                               0x0000090d   Thumb Code    14  main.o(.text)
    PWMA_Init                                0x00000951   Thumb Code   298  motorinit.o(.text)
    PWMB_Init                                0x00000a7b   Thumb Code   190  motorinit.o(.text)
    PWMC_Init                                0x00000b39   Thumb Code   148  motorinit.o(.text)
    PWMD_Init                                0x00000bcd   Thumb Code   202  motorinit.o(.text)
    PWME_Init                                0x00000c97   Thumb Code   382  motorinit.o(.text)
    ADCB_Init                                0x00000e15   Thumb Code   134  motorinit.o(.text)
    ADCC_Init                                0x00000e9b   Thumb Code   148  motorinit.o(.text)
    ADCD_Init                                0x00000f2f   Thumb Code    96  motorinit.o(.text)
    ADCE_Init                                0x00000f8f   Thumb Code   168  motorinit.o(.text)
    PortF_Init                               0x00001037   Thumb Code   218  motorinit.o(.text)
    SysTick_Init                             0x00001111   Thumb Code    28  motorinit.o(.text)
    init_adc_3pins                           0x0000112d   Thumb Code    82  motorinit.o(.text)
    TIVA1                                    0x0000117f   Thumb Code    80  motorinit.o(.text)
    TIVA2                                    0x000011cf   Thumb Code   226  motorinit.o(.text)
    init_adc_8pins                           0x000012b1   Thumb Code   160  motorinit.o(.text)
    init_adc_2pins                           0x00001351   Thumb Code    76  motorinit.o(.text)
    delayUs                                  0x0000139d   Thumb Code    22  motorinit.o(.text)
    analogWrite                              0x000013b3   Thumb Code   348  motorinit.o(.text)
    digitalWrite                             0x0000150f   Thumb Code   612  motorinit.o(.text)
    MotorStop                                0x00001773   Thumb Code   180  motorinit.o(.text)
    GPIOA_Handler                            0x00001841   Thumb Code   178  encoders.o(.text)
    SysTick_Handler                          0x000018f3   Thumb Code   540  encoders.o(.text)
    singlePoleFilter                         0x00001b0f   Thumb Code   144  encoders.o(.text)
    Hex2Dec                                  0x00001b9f   Thumb Code   372  encoders.o(.text)
    map                                      0x00001d15   Thumb Code    22  pid.o(.text)
    PID_ML1_RPM                              0x00001d2b   Thumb Code   270  pid.o(.text)
    PID_ML1_REV                              0x00001e39   Thumb Code   268  pid.o(.text)
    PID_ML2_RPM                              0x00001f45   Thumb Code   270  pid.o(.text)
    PID_ML2_REV                              0x00002053   Thumb Code   366  pid.o(.text)
    PID_ML3_RPM                              0x000021c1   Thumb Code   300  pid.o(.text)
    PID_ML3_REV                              0x000022ed   Thumb Code   286  pid.o(.text)
    PID_MServe_RPM                           0x0000240b   Thumb Code   270  pid.o(.text)
    Reset_Handler                            0x00002581   Thumb Code     8  startup_tm4c123.o(.text)
    NMI_Handler                              0x00002589   Thumb Code     2  startup_tm4c123.o(.text)
    HardFault_Handler                        0x0000258b   Thumb Code     2  startup_tm4c123.o(.text)
    MemManage_Handler                        0x0000258d   Thumb Code     2  startup_tm4c123.o(.text)
    BusFault_Handler                         0x0000258f   Thumb Code     2  startup_tm4c123.o(.text)
    UsageFault_Handler                       0x00002591   Thumb Code     2  startup_tm4c123.o(.text)
    SVC_Handler                              0x00002593   Thumb Code     2  startup_tm4c123.o(.text)
    DebugMon_Handler                         0x00002595   Thumb Code     2  startup_tm4c123.o(.text)
    PendSV_Handler                           0x00002597   Thumb Code     2  startup_tm4c123.o(.text)
    GPIOB_Handler                            0x0000259d   Thumb Code     2  startup_tm4c123.o(.text)
    GPIOC_Handler                            0x0000259f   Thumb Code     2  startup_tm4c123.o(.text)
    GPIOE_Handler                            0x000025a3   Thumb Code     2  startup_tm4c123.o(.text)
    UART0_Handler                            0x000025a5   Thumb Code     2  startup_tm4c123.o(.text)
    UART1_Handler                            0x000025a7   Thumb Code     2  startup_tm4c123.o(.text)
    SSI0_Handler                             0x000025a9   Thumb Code     2  startup_tm4c123.o(.text)
    I2C0_Handler                             0x000025ab   Thumb Code     2  startup_tm4c123.o(.text)
    PMW0_FAULT_Handler                       0x000025ad   Thumb Code     2  startup_tm4c123.o(.text)
    PWM0_0_Handler                           0x000025af   Thumb Code     2  startup_tm4c123.o(.text)
    PWM0_1_Handler                           0x000025b1   Thumb Code     2  startup_tm4c123.o(.text)
    PWM0_2_Handler                           0x000025b3   Thumb Code     2  startup_tm4c123.o(.text)
    QEI0_Handler                             0x000025b5   Thumb Code     2  startup_tm4c123.o(.text)
    ADC0SS0_Handler                          0x000025b7   Thumb Code     2  startup_tm4c123.o(.text)
    ADC0SS1_Handler                          0x000025b9   Thumb Code     2  startup_tm4c123.o(.text)
    ADC0SS2_Handler                          0x000025bb   Thumb Code     2  startup_tm4c123.o(.text)
    ADC0SS3_Handler                          0x000025bd   Thumb Code     2  startup_tm4c123.o(.text)
    WDT0_Handler                             0x000025bf   Thumb Code     2  startup_tm4c123.o(.text)
    TIMER0A_Handler                          0x000025c1   Thumb Code     2  startup_tm4c123.o(.text)
    TIMER0B_Handler                          0x000025c3   Thumb Code     2  startup_tm4c123.o(.text)
    TIMER1A_Handler                          0x000025c5   Thumb Code     2  startup_tm4c123.o(.text)
    TIMER1B_Handler                          0x000025c7   Thumb Code     2  startup_tm4c123.o(.text)
    TIMER2A_Handler                          0x000025c9   Thumb Code     2  startup_tm4c123.o(.text)
    TIMER2B_Handler                          0x000025cb   Thumb Code     2  startup_tm4c123.o(.text)
    COMP0_Handler                            0x000025cd   Thumb Code     2  startup_tm4c123.o(.text)
    COMP1_Handler                            0x000025cf   Thumb Code     2  startup_tm4c123.o(.text)
    COMP2_Handler                            0x000025d1   Thumb Code     2  startup_tm4c123.o(.text)
    SYSCTL_Handler                           0x000025d3   Thumb Code     2  startup_tm4c123.o(.text)
    FLASH_Handler                            0x000025d5   Thumb Code     2  startup_tm4c123.o(.text)
    GPIOF_Handler                            0x000025d7   Thumb Code     2  startup_tm4c123.o(.text)
    GPIOG_Handler                            0x000025d9   Thumb Code     2  startup_tm4c123.o(.text)
    GPIOH_Handler                            0x000025db   Thumb Code     2  startup_tm4c123.o(.text)
    UART2_Handler                            0x000025dd   Thumb Code     2  startup_tm4c123.o(.text)
    SSI1_Handler                             0x000025df   Thumb Code     2  startup_tm4c123.o(.text)
    TIMER3A_Handler                          0x000025e1   Thumb Code     2  startup_tm4c123.o(.text)
    TIMER3B_Handler                          0x000025e3   Thumb Code     2  startup_tm4c123.o(.text)
    I2C1_Handler                             0x000025e5   Thumb Code     2  startup_tm4c123.o(.text)
    QEI1_Handler                             0x000025e7   Thumb Code     2  startup_tm4c123.o(.text)
    CAN0_Handler                             0x000025e9   Thumb Code     2  startup_tm4c123.o(.text)
    CAN1_Handler                             0x000025eb   Thumb Code     2  startup_tm4c123.o(.text)
    CAN2_Handler                             0x000025ed   Thumb Code     2  startup_tm4c123.o(.text)
    HIB_Handler                              0x000025ef   Thumb Code     2  startup_tm4c123.o(.text)
    USB0_Handler                             0x000025f1   Thumb Code     2  startup_tm4c123.o(.text)
    PWM0_3_Handler                           0x000025f3   Thumb Code     2  startup_tm4c123.o(.text)
    UDMA_Handler                             0x000025f5   Thumb Code     2  startup_tm4c123.o(.text)
    UDMAERR_Handler                          0x000025f7   Thumb Code     2  startup_tm4c123.o(.text)
    ADC1SS0_Handler                          0x000025f9   Thumb Code     2  startup_tm4c123.o(.text)
    ADC1SS1_Handler                          0x000025fb   Thumb Code     2  startup_tm4c123.o(.text)
    ADC1SS2_Handler                          0x000025fd   Thumb Code     2  startup_tm4c123.o(.text)
    ADC1SS3_Handler                          0x000025ff   Thumb Code     2  startup_tm4c123.o(.text)
    GPIOJ_Handler                            0x00002601   Thumb Code     2  startup_tm4c123.o(.text)
    GPIOK_Handler                            0x00002603   Thumb Code     2  startup_tm4c123.o(.text)
    GPIOL_Handler                            0x00002605   Thumb Code     2  startup_tm4c123.o(.text)
    SSI2_Handler                             0x00002607   Thumb Code     2  startup_tm4c123.o(.text)
    SSI3_Handler                             0x00002609   Thumb Code     2  startup_tm4c123.o(.text)
    UART3_Handler                            0x0000260b   Thumb Code     2  startup_tm4c123.o(.text)
    UART4_Handler                            0x0000260d   Thumb Code     2  startup_tm4c123.o(.text)
    UART5_Handler                            0x0000260f   Thumb Code     2  startup_tm4c123.o(.text)
    UART6_Handler                            0x00002611   Thumb Code     2  startup_tm4c123.o(.text)
    UART7_Handler                            0x00002613   Thumb Code     2  startup_tm4c123.o(.text)
    I2C2_Handler                             0x00002615   Thumb Code     2  startup_tm4c123.o(.text)
    I2C3_Handler                             0x00002617   Thumb Code     2  startup_tm4c123.o(.text)
    TIMER4A_Handler                          0x00002619   Thumb Code     2  startup_tm4c123.o(.text)
    TIMER4B_Handler                          0x0000261b   Thumb Code     2  startup_tm4c123.o(.text)
    TIMER5A_Handler                          0x0000261d   Thumb Code     2  startup_tm4c123.o(.text)
    TIMER5B_Handler                          0x0000261f   Thumb Code     2  startup_tm4c123.o(.text)
    WTIMER0A_Handler                         0x00002621   Thumb Code     2  startup_tm4c123.o(.text)
    WTIMER0B_Handler                         0x00002623   Thumb Code     2  startup_tm4c123.o(.text)
    WTIMER1A_Handler                         0x00002625   Thumb Code     2  startup_tm4c123.o(.text)
    WTIMER1B_Handler                         0x00002627   Thumb Code     2  startup_tm4c123.o(.text)
    WTIMER2A_Handler                         0x00002629   Thumb Code     2  startup_tm4c123.o(.text)
    WTIMER2B_Handler                         0x0000262b   Thumb Code     2  startup_tm4c123.o(.text)
    WTIMER3A_Handler                         0x0000262d   Thumb Code     2  startup_tm4c123.o(.text)
    WTIMER3B_Handler                         0x0000262f   Thumb Code     2  startup_tm4c123.o(.text)
    WTIMER4A_Handler                         0x00002631   Thumb Code     2  startup_tm4c123.o(.text)
    WTIMER4B_Handler                         0x00002633   Thumb Code     2  startup_tm4c123.o(.text)
    WTIMER5A_Handler                         0x00002635   Thumb Code     2  startup_tm4c123.o(.text)
    WTIMER5B_Handler                         0x00002637   Thumb Code     2  startup_tm4c123.o(.text)
    FPU_Handler                              0x00002639   Thumb Code     2  startup_tm4c123.o(.text)
    I2C4_Handler                             0x0000263b   Thumb Code     2  startup_tm4c123.o(.text)
    I2C5_Handler                             0x0000263d   Thumb Code     2  startup_tm4c123.o(.text)
    GPIOM_Handler                            0x0000263f   Thumb Code     2  startup_tm4c123.o(.text)
    GPION_Handler                            0x00002641   Thumb Code     2  startup_tm4c123.o(.text)
    QEI2_Handler                             0x00002643   Thumb Code     2  startup_tm4c123.o(.text)
    GPIOP0_Handler                           0x00002645   Thumb Code     2  startup_tm4c123.o(.text)
    GPIOP1_Handler                           0x00002647   Thumb Code     2  startup_tm4c123.o(.text)
    GPIOP2_Handler                           0x00002649   Thumb Code     2  startup_tm4c123.o(.text)
    GPIOP3_Handler                           0x0000264b   Thumb Code     2  startup_tm4c123.o(.text)
    GPIOP4_Handler                           0x0000264d   Thumb Code     2  startup_tm4c123.o(.text)
    GPIOP5_Handler                           0x0000264f   Thumb Code     2  startup_tm4c123.o(.text)
    GPIOP6_Handler                           0x00002651   Thumb Code     2  startup_tm4c123.o(.text)
    GPIOP7_Handler                           0x00002653   Thumb Code     2  startup_tm4c123.o(.text)
    GPIOQ0_Handler                           0x00002655   Thumb Code     2  startup_tm4c123.o(.text)
    GPIOQ1_Handler                           0x00002657   Thumb Code     2  startup_tm4c123.o(.text)
    GPIOQ2_Handler                           0x00002659   Thumb Code     2  startup_tm4c123.o(.text)
    GPIOQ3_Handler                           0x0000265b   Thumb Code     2  startup_tm4c123.o(.text)
    GPIOQ4_Handler                           0x0000265d   Thumb Code     2  startup_tm4c123.o(.text)
    GPIOQ5_Handler                           0x0000265f   Thumb Code     2  startup_tm4c123.o(.text)
    GPIOQ6_Handler                           0x00002661   Thumb Code     2  startup_tm4c123.o(.text)
    GPIOQ7_Handler                           0x00002663   Thumb Code     2  startup_tm4c123.o(.text)
    GPIOR_Handler                            0x00002665   Thumb Code     2  startup_tm4c123.o(.text)
    GPIOS_Handler                            0x00002667   Thumb Code     2  startup_tm4c123.o(.text)
    PMW1_0_Handler                           0x00002669   Thumb Code     2  startup_tm4c123.o(.text)
    PWM1_1_Handler                           0x0000266b   Thumb Code     2  startup_tm4c123.o(.text)
    PWM1_2_Handler                           0x0000266d   Thumb Code     2  startup_tm4c123.o(.text)
    PWM1_3_Handler                           0x0000266f   Thumb Code     2  startup_tm4c123.o(.text)
    PWM1_FAULT_Handler                       0x00002671   Thumb Code     2  startup_tm4c123.o(.text)
    __user_initial_stackheap                 0x00002675   Thumb Code     0  startup_tm4c123.o(.text)
    Stop                                     0x00002695   Thumb Code    68  motion.o(.text)
    Forward                                  0x000026d9   Thumb Code    84  motion.o(.text)
    Reverse                                  0x0000272d   Thumb Code    84  motion.o(.text)
    Left                                     0x00002781   Thumb Code    84  motion.o(.text)
    Right                                    0x000027d5   Thumb Code    84  motion.o(.text)
    UpRight                                  0x00002829   Thumb Code    76  motion.o(.text)
    UpLeft                                   0x00002875   Thumb Code    76  motion.o(.text)
    DownRight                                0x000028c1   Thumb Code    76  motion.o(.text)
    DownLeft                                 0x0000290d   Thumb Code    76  motion.o(.text)
    ClockWise                                0x00002959   Thumb Code    84  motion.o(.text)
    CounterClockWise                         0x000029ad   Thumb Code    84  motion.o(.text)
    lifter1up                                0x00002a01   Thumb Code    24  motion.o(.text)
    lifter1down                              0x00002a19   Thumb Code    24  motion.o(.text)
    lifter2up                                0x00002a31   Thumb Code    24  motion.o(.text)
    lifter2down                              0x00002a49   Thumb Code    24  motion.o(.text)
    lifter12up                               0x00002a61   Thumb Code    96  motion.o(.text)
    lifter12down                             0x00002ac1   Thumb Code    44  motion.o(.text)
    lifter3up                                0x00002aed   Thumb Code    24  motion.o(.text)
    lifter3down                              0x00002b05   Thumb Code    24  motion.o(.text)
    liftersup                                0x00002b1d   Thumb Code    64  motion.o(.text)
    liftersdown                              0x00002b5d   Thumb Code    64  motion.o(.text)
    liftersStop                              0x00002b9d   Thumb Code    52  motion.o(.text)
    serve                                    0x00002bd1   Thumb Code    44  motion.o(.text)
    servestop                                0x00002bfd   Thumb Code    16  motion.o(.text)
    SSIConfigSetExpClk                       0x00002c51   Thumb Code    86  ssi.o(.text)
    SSIEnable                                0x00002ca7   Thumb Code    10  ssi.o(.text)
    SSIDisable                               0x00002cb1   Thumb Code    10  ssi.o(.text)
    SSIIntRegister                           0x00002cbb   Thumb Code    16  ssi.o(.text)
    SSIIntUnregister                         0x00002ccb   Thumb Code    14  ssi.o(.text)
    SSIIntEnable                             0x00002cd9   Thumb Code     8  ssi.o(.text)
    SSIIntDisable                            0x00002ce1   Thumb Code     8  ssi.o(.text)
    SSIIntStatus                             0x00002ce9   Thumb Code    12  ssi.o(.text)
    SSIIntClear                              0x00002cf5   Thumb Code     4  ssi.o(.text)
    SSIDataPut                               0x00002cf9   Thumb Code    14  ssi.o(.text)
    SSIDataPutNonBlocking                    0x00002d07   Thumb Code    20  ssi.o(.text)
    SSIDataGet                               0x00002d1b   Thumb Code    16  ssi.o(.text)
    SSIDataGetNonBlocking                    0x00002d2b   Thumb Code    22  ssi.o(.text)
    SSIDMAEnable                             0x00002d41   Thumb Code     8  ssi.o(.text)
    SSIDMADisable                            0x00002d49   Thumb Code     8  ssi.o(.text)
    SSIBusy                                  0x00002d51   Thumb Code    10  ssi.o(.text)
    SSIClockSourceSet                        0x00002d5b   Thumb Code     8  ssi.o(.text)
    SSIClockSourceGet                        0x00002d63   Thumb Code    10  ssi.o(.text)
    SSIAdvModeSet                            0x00002d6d   Thumb Code    12  ssi.o(.text)
    SSIAdvDataPutFrameEnd                    0x00002d79   Thumb Code    22  ssi.o(.text)
    SSIAdvDataPutFrameEndNonBlocking         0x00002d8f   Thumb Code    28  ssi.o(.text)
    SSIAdvFrameHoldEnable                    0x00002dab   Thumb Code    10  ssi.o(.text)
    SSIAdvFrameHoldDisable                   0x00002db5   Thumb Code    10  ssi.o(.text)
    ReadData                                 0x00002dd5   Thumb Code   322  spi.o(.text)
    GPIOD_Handler                            0x00002f25   Thumb Code   108  serve.o(.text)
    Serve                                    0x00002f91   Thumb Code    68  serve.o(.text)
    Pole1                                    0x00002fe9   Thumb Code   316  poles.o(.text)
    Pole2                                    0x00003125   Thumb Code   316  poles.o(.text)
    Pole3                                    0x00003261   Thumb Code   316  poles.o(.text)
    Pole4                                    0x0000339d   Thumb Code   362  poles.o(.text)
    Pole5                                    0x00003507   Thumb Code   316  poles.o(.text)
    strlen                                   0x00003671   Thumb Code    62  strlen.o(.text)
    __use_two_region_memory                  0x000036af   Thumb Code     2  heapauxi.o(.text)
    __rt_heap_escrow$2region                 0x000036b1   Thumb Code     2  heapauxi.o(.text)
    __rt_heap_expand$2region                 0x000036b3   Thumb Code     2  heapauxi.o(.text)
    __read_errno                             0x000036b5   Thumb Code    10  _rserrno.o(.text)
    __set_errno                              0x000036bf   Thumb Code    12  _rserrno.o(.text)
    __aeabi_errno_addr                       0x000036cd   Thumb Code     8  rt_errno_addr_intlibspace.o(.text)
    __errno$intlibspace                      0x000036cd   Thumb Code     0  rt_errno_addr_intlibspace.o(.text)
    __rt_errno_addr$intlibspace              0x000036cd   Thumb Code     0  rt_errno_addr_intlibspace.o(.text)
    __user_libspace                          0x000036d5   Thumb Code     8  libspace.o(.text)
    __user_perproc_libspace                  0x000036d5   Thumb Code     0  libspace.o(.text)
    __user_perthread_libspace                0x000036d5   Thumb Code     0  libspace.o(.text)
    __user_setup_stackheap                   0x000036dd   Thumb Code    74  sys_stackheap_outer.o(.text)
    exit                                     0x00003727   Thumb Code    12  exit.o(.text)
    _sys_exit                                0x00003735   Thumb Code     8  sys_exit.o(.text)
    __I$use$semihosting                      0x00003741   Thumb Code     0  use_no_semi.o(.text)
    __use_no_semihosting_swi                 0x00003741   Thumb Code     2  use_no_semi.o(.text)
    __ARM_fpclassify                         0x00003743   Thumb Code    48  fpclassify.o(i.__ARM_fpclassify)
    __semihosting_library_function           0x00003743   Thumb Code     0  indicate_semi.o(.text)
    __hardfp_pow                             0x00003779   Thumb Code  3132  pow.o(i.__hardfp_pow)
    __kernel_poly                            0x00004409   Thumb Code   248  poly.o(i.__kernel_poly)
    __mathlib_dbl_underflow                  0x00004501   Thumb Code    24  dunder.o(i.__mathlib_dbl_underflow)
    fabs                                     0x00004521   Thumb Code    32  fabs.o(i.fabs)
    sqrt                                     0x00004541   Thumb Code   110  sqrt.o(i.sqrt)
    __aeabi_dneg                             0x000045af   Thumb Code     0  basic.o(x$fpl$basic)
    _dneg                                    0x000045af   Thumb Code     6  basic.o(x$fpl$basic)
    __aeabi_fneg                             0x000045b5   Thumb Code     0  basic.o(x$fpl$basic)
    _fneg                                    0x000045b5   Thumb Code     6  basic.o(x$fpl$basic)
    _dabs                                    0x000045bb   Thumb Code     6  basic.o(x$fpl$basic)
    _fabs                                    0x000045c1   Thumb Code     6  basic.o(x$fpl$basic)
    __aeabi_d2f                              0x000045c9   Thumb Code     0  d2f.o(x$fpl$d2f)
    _d2f                                     0x000045c9   Thumb Code    98  d2f.o(x$fpl$d2f)
    __aeabi_dadd                             0x0000462d   Thumb Code     0  daddsub_clz.o(x$fpl$dadd)
    _dadd                                    0x0000462d   Thumb Code   332  daddsub_clz.o(x$fpl$dadd)
    __fpl_dcheck_NaN1                        0x0000477d   Thumb Code    10  dcheck1.o(x$fpl$dcheck1)
    __fpl_dcmp_Inf                           0x0000478d   Thumb Code    24  dcmpi.o(x$fpl$dcmpinf)
    __aeabi_ddiv                             0x000047a5   Thumb Code     0  ddiv.o(x$fpl$ddiv)
    _ddiv                                    0x000047a5   Thumb Code   552  ddiv.o(x$fpl$ddiv)
    __aeabi_d2uiz                            0x00004a55   Thumb Code     0  dfixu.o(x$fpl$dfixu)
    _dfixu                                   0x00004a55   Thumb Code    90  dfixu.o(x$fpl$dfixu)
    __aeabi_i2d                              0x00004aaf   Thumb Code     0  dflt_clz.o(x$fpl$dflt)
    _dflt                                    0x00004aaf   Thumb Code    46  dflt_clz.o(x$fpl$dflt)
    __aeabi_l2d                              0x00004add   Thumb Code     0  dfltll_clz.o(x$fpl$dfltll)
    _ll_sto_d                                0x00004add   Thumb Code   162  dfltll_clz.o(x$fpl$dfltll)
    __aeabi_ui2d                             0x00004b7f   Thumb Code     0  dflt_clz.o(x$fpl$dfltu)
    _dfltu                                   0x00004b7f   Thumb Code    38  dflt_clz.o(x$fpl$dfltu)
    __aeabi_cdcmple                          0x00004ba5   Thumb Code     0  dleqf.o(x$fpl$dleqf)
    _dcmple                                  0x00004ba5   Thumb Code   120  dleqf.o(x$fpl$dleqf)
    __fpl_dcmple_InfNaN                      0x00004c07   Thumb Code     0  dleqf.o(x$fpl$dleqf)
    __aeabi_dmul                             0x00004c1d   Thumb Code     0  dmul.o(x$fpl$dmul)
    _dmul                                    0x00004c1d   Thumb Code   332  dmul.o(x$fpl$dmul)
    __fpl_dnaninf                            0x00004d71   Thumb Code   156  dnaninf.o(x$fpl$dnaninf)
    __fpl_dretinf                            0x00004e0d   Thumb Code    12  dretinf.o(x$fpl$dretinf)
    __aeabi_cdrcmple                         0x00004e19   Thumb Code     0  drleqf.o(x$fpl$drleqf)
    _drcmple                                 0x00004e19   Thumb Code   108  drleqf.o(x$fpl$drleqf)
    __aeabi_drsub                            0x00004e85   Thumb Code     0  daddsub_clz.o(x$fpl$drsb)
    _drsb                                    0x00004e85   Thumb Code    22  daddsub_clz.o(x$fpl$drsb)
    _dsqrt                                   0x00004e9d   Thumb Code   404  dsqrt_umaal.o(x$fpl$dsqrt)
    __aeabi_dsub                             0x00005035   Thumb Code     0  daddsub_clz.o(x$fpl$dsub)
    _dsub                                    0x00005035   Thumb Code   464  daddsub_clz.o(x$fpl$dsub)
    _fp_init                                 0x00005209   Thumb Code    10  fpinit.o(x$fpl$fpinit)
    __fplib_config_fpu_vfp                   0x00005211   Thumb Code     0  fpinit.o(x$fpl$fpinit)
    __fplib_config_pureend_doubles           0x00005211   Thumb Code     0  fpinit.o(x$fpl$fpinit)
    __fpl_fretinf                            0x00005213   Thumb Code    10  fretinf.o(x$fpl$fretinf)
    __aeabi_d2lz                             0x0000521d   Thumb Code     0  dfixll.o(x$fpl$llsfromd)
    _ll_sfrom_d                              0x0000521d   Thumb Code   194  dfixll.o(x$fpl$llsfromd)
    __fpl_return_NaN                         0x000052df   Thumb Code   100  retnan.o(x$fpl$retnan)
    __ARM_scalbn                             0x00005343   Thumb Code    92  scalbn.o(x$fpl$scalbn)
    __fpl_cmpreturn                          0x0000539f   Thumb Code    48  trapv.o(x$fpl$trapveneer)
    __I$use$fp                               0x000053ce   Number         0  usenofp.o(x$fpl$usenofp)
    __mathlib_zero                           0x00005498   Data           8  qnan.o(.constdata)
    Region$$Table$$Base                      0x000054a0   Number         0  anon$$obj.o(Region$$Table)
    Region$$Table$$Limit                     0x000054c0   Number         0  anon$$obj.o(Region$$Table)
    i                                        0x20000000   Data           4  main.o(.data)
    a                                        0x20000004   Data           4  main.o(.data)
    HIGH                                     0x20000008   Data           1  motorinit.o(.data)
    LOW                                      0x20000009   Data           1  motorinit.o(.data)
    Mlifter1counter                          0x2000000c   Data           4  encoders.o(.data)
    Mlifter2counter                          0x20000010   Data           4  encoders.o(.data)
    Mlifter3counter                          0x20000014   Data           4  encoders.o(.data)
    MServecounter                            0x20000018   Data           4  encoders.o(.data)
    RPM_ML1                                  0x2000001c   Data           4  encoders.o(.data)
    RPM_ML2                                  0x20000020   Data           4  encoders.o(.data)
    RPM_ML3                                  0x20000024   Data           4  encoders.o(.data)
    RPM_MServe                               0x20000028   Data           4  encoders.o(.data)
    prev1                                    0x2000002c   Data           4  encoders.o(.data)
    prev2                                    0x20000030   Data           4  encoders.o(.data)
    prev3                                    0x20000034   Data           4  encoders.o(.data)
    prevMServe                               0x20000038   Data           4  encoders.o(.data)
    counts1                                  0x2000003c   Data           4  encoders.o(.data)
    counts2                                  0x20000040   Data           4  encoders.o(.data)
    counts3                                  0x20000044   Data           4  encoders.o(.data)
    countsMServe                             0x20000048   Data           4  encoders.o(.data)
    prev_counts1                             0x2000004c   Data           4  encoders.o(.data)
    prev_counts2                             0x20000050   Data           4  encoders.o(.data)
    prev_counts3                             0x20000054   Data           4  encoders.o(.data)
    prev_MServe                              0x20000058   Data           4  encoders.o(.data)
    kp_ML1                                   0x2000005c   Data           4  pid.o(.data)
    ki_ML1                                   0x20000060   Data           4  pid.o(.data)
    kd_ML1                                   0x20000064   Data           4  pid.o(.data)
    error_ML1                                0x20000068   Data           4  pid.o(.data)
    P_ML1                                    0x2000006c   Data           4  pid.o(.data)
    I_ML1                                    0x20000070   Data           4  pid.o(.data)
    D_ML1                                    0x20000074   Data           4  pid.o(.data)
    PID_value_ML1                            0x20000078   Data           4  pid.o(.data)
    previous_error_ML1                       0x2000007c   Data           4  pid.o(.data)
    previous_I_ML1                           0x20000080   Data           4  pid.o(.data)
    REF_RPM_ML1                              0x20000084   Data           4  pid.o(.data)
    REF_REV_ML1                              0x20000088   Data           4  pid.o(.data)
    kp_ML2                                   0x2000008c   Data           4  pid.o(.data)
    ki_ML2                                   0x20000090   Data           4  pid.o(.data)
    kd_ML2                                   0x20000094   Data           4  pid.o(.data)
    error_ML2                                0x20000098   Data           4  pid.o(.data)
    P_ML2                                    0x2000009c   Data           4  pid.o(.data)
    I_ML2                                    0x200000a0   Data           4  pid.o(.data)
    D_ML2                                    0x200000a4   Data           4  pid.o(.data)
    PID_value_ML2                            0x200000a8   Data           4  pid.o(.data)
    previous_error_ML2                       0x200000ac   Data           4  pid.o(.data)
    previous_I_ML2                           0x200000b0   Data           4  pid.o(.data)
    REF_RPM_ML2                              0x200000b4   Data           4  pid.o(.data)
    REF_REV_ML2                              0x200000b8   Data           4  pid.o(.data)
    kp_ML3                                   0x200000bc   Data           4  pid.o(.data)
    ki_ML3                                   0x200000c0   Data           4  pid.o(.data)
    kd_ML3                                   0x200000c4   Data           4  pid.o(.data)
    error_ML3                                0x200000c8   Data           4  pid.o(.data)
    P_ML3                                    0x200000cc   Data           4  pid.o(.data)
    I_ML3                                    0x200000d0   Data           4  pid.o(.data)
    D_ML3                                    0x200000d4   Data           4  pid.o(.data)
    PID_value_ML3                            0x200000d8   Data           4  pid.o(.data)
    previous_error_ML3                       0x200000dc   Data           4  pid.o(.data)
    previous_I_ML3                           0x200000e0   Data           4  pid.o(.data)
    REF_RPM_ML3                              0x200000e4   Data           4  pid.o(.data)
    REF_REV_ML3                              0x200000e8   Data           4  pid.o(.data)
    kp_MServe                                0x200000ec   Data           4  pid.o(.data)
    ki_MServe                                0x200000f0   Data           4  pid.o(.data)
    kd_MServe                                0x200000f4   Data           4  pid.o(.data)
    error_MServe                             0x200000f8   Data           4  pid.o(.data)
    P_MServe                                 0x200000fc   Data           4  pid.o(.data)
    I_MServe                                 0x20000100   Data           4  pid.o(.data)
    D_MServe                                 0x20000104   Data           4  pid.o(.data)
    PID_value_MServe                         0x20000108   Data           4  pid.o(.data)
    previous_error_MServe                    0x2000010c   Data           4  pid.o(.data)
    previous_I_MServe                        0x20000110   Data           4  pid.o(.data)
    REF_RPM_MServe                           0x20000114   Data           4  pid.o(.data)
    REF_REV_MServe                           0x20000118   Data           4  pid.o(.data)
    M5_CW                                    0x2000011c   Data           4  motion.o(.data)
    M6_CW                                    0x20000120   Data           4  motion.o(.data)
    M7_CW                                    0x20000124   Data           4  motion.o(.data)
    M8_CW                                    0x20000128   Data           4  motion.o(.data)
    M5_CCW                                   0x2000012c   Data           4  motion.o(.data)
    M6_CCW                                   0x20000130   Data           4  motion.o(.data)
    M7_CCW                                   0x20000134   Data           4  motion.o(.data)
    M8_CCW                                   0x20000138   Data           4  motion.o(.data)
    FORWARD                                  0x2000013c   Data          16  motion.o(.data)
    REVERSE                                  0x2000014c   Data          16  motion.o(.data)
    LEFT                                     0x2000015c   Data          16  motion.o(.data)
    RIGHT                                    0x2000016c   Data          16  motion.o(.data)
    UPRIGHT                                  0x2000017c   Data          16  motion.o(.data)
    UPLEFT                                   0x2000018c   Data          16  motion.o(.data)
    DOWNRIGHT                                0x2000019c   Data          16  motion.o(.data)
    DOWNLEFT                                 0x200001ac   Data          16  motion.o(.data)
    CLOCKWISE                                0x200001bc   Data          16  motion.o(.data)
    COUNTERCLOCKWISE                         0x200001cc   Data          16  motion.o(.data)
    servepwm                                 0x200001dc   Data           4  motion.o(.data)
    stop                                     0x200001e0   Data           1  spi.o(.data)
    F                                        0x200001e1   Data           1  spi.o(.data)
    Rev                                      0x200001e2   Data           1  spi.o(.data)
    L                                        0x200001e3   Data           1  spi.o(.data)
    R                                        0x200001e4   Data           1  spi.o(.data)
    UR                                       0x200001e5   Data           1  spi.o(.data)
    UL                                       0x200001e6   Data           1  spi.o(.data)
    DR                                       0x200001e7   Data           1  spi.o(.data)
    DL                                       0x200001e8   Data           1  spi.o(.data)
    CW                                       0x200001e9   Data           1  spi.o(.data)
    CCW                                      0x200001ea   Data           1  spi.o(.data)
    ServeStart                               0x200001eb   Data           1  spi.o(.data)
    ServeStop                                0x200001ec   Data           1  spi.o(.data)
    LIFT1_UP                                 0x200001ed   Data           1  spi.o(.data)
    LIFT1_DOWN                               0x200001ee   Data           1  spi.o(.data)
    LIFT2_UP                                 0x200001ef   Data           1  spi.o(.data)
    LIFT2_DOWN                               0x200001f0   Data           1  spi.o(.data)
    LIFT12_UP                                0x200001f1   Data           1  spi.o(.data)
    LIFT12_DOWN                              0x200001f2   Data           1  spi.o(.data)
    LIFT3_UP                                 0x200001f3   Data           1  spi.o(.data)
    LIFT3_DOWN                               0x200001f4   Data           1  spi.o(.data)
    LIFTall_UP                               0x200001f5   Data           1  spi.o(.data)
    LIFTall_DOWN                             0x200001f6   Data           1  spi.o(.data)
    LIFT_STOP                                0x200001f7   Data           1  spi.o(.data)
    servepwm_UP                              0x200001f8   Data           1  spi.o(.data)
    servepwm_DOWN                            0x200001f9   Data           1  spi.o(.data)
    POLE3                                    0x200001fa   Data           1  spi.o(.data)
    POLE1                                    0x200001fb   Data           1  spi.o(.data)
    POLE2                                    0x200001fc   Data           1  spi.o(.data)
    POLE5                                    0x200001fd   Data           1  spi.o(.data)
    POLE4                                    0x200001fe   Data           1  spi.o(.data)
    VERTICAL_LINE                            0x200001ff   Data           1  spi.o(.data)
    LINE                                     0x20000200   Data           1  spi.o(.data)
    R2                                       0x20000201   Data           1  spi.o(.data)
    ui32Index                                0x20000204   Data           4  spi.o(.data)
    pui32DataRx                              0x20000208   Data           4  spi.o(.data)
    State                                    0x2000020c   Data           4  serve.o(.data)
    I                                        0x20000210   Data           4  serve.o(.data)
    desired_pos1                             0x20000214   Data           4  poles.o(.data)
    desired_pos2                             0x20000218   Data           4  poles.o(.data)
    desired_pos3                             0x2000021c   Data           4  poles.o(.data)
    current_pos1                             0x20000220   Data           4  poles.o(.data)
    current_pos2                             0x20000224   Data           4  poles.o(.data)
    current_pos3                             0x20000228   Data           4  poles.o(.data)
    pos1                                     0x2000022c   Data           4  poles.o(.data)
    pos2                                     0x20000230   Data           4  poles.o(.data)
    pos3                                     0x20000234   Data           4  poles.o(.data)
    __libspace_start                         0x20000238   Data          96  libspace.o(.bss)
    __temporary_stack_top$libspace           0x20000298   Data           0  libspace.o(.bss)



==============================================================================

Memory Map of the image

  Image Entry point : 0x0000026d

  Load Region LR_IROM1 (Base: 0x00000000, Size: 0x000056f8, Max: 0x00040000, ABSOLUTE, COMPRESSED[0x00005574])

    Execution Region ER_IROM1 (Base: 0x00000000, Size: 0x000054c0, Max: 0x00040000, ABSOLUTE)

    Base Addr    Size         Type   Attr      Idx    E Section Name        Object

    0x00000000   0x0000026c   Data   RO          172    RESET               startup_tm4c123.o
    0x0000026c   0x00000008   Code   RO          314  * !!!main             c_w.l(__main.o)
    0x00000274   0x00000034   Code   RO          573    !!!scatter          c_w.l(__scatter.o)
    0x000002a8   0x0000005a   Code   RO          571    !!dczerorl2         c_w.l(__dczerorl2.o)
    0x00000302   0x00000002   PAD
    0x00000304   0x0000001c   Code   RO          575    !!handler_zi        c_w.l(__scatter_zi.o)
    0x00000320   0x00000002   Code   RO          441    .ARM.Collect$$libinit$$00000000  c_w.l(libinit.o)
    0x00000322   0x00000004   Code   RO          448    .ARM.Collect$$libinit$$00000001  c_w.l(libinit2.o)
    0x00000326   0x00000000   Code   RO          452    .ARM.Collect$$libinit$$00000008  c_w.l(libinit2.o)
    0x00000326   0x00000000   Code   RO          454    .ARM.Collect$$libinit$$0000000A  c_w.l(libinit2.o)
    0x00000326   0x00000000   Code   RO          456    .ARM.Collect$$libinit$$0000000C  c_w.l(libinit2.o)
    0x00000326   0x00000000   Code   RO          459    .ARM.Collect$$libinit$$0000000F  c_w.l(libinit2.o)
    0x00000326   0x00000000   Code   RO          461    .ARM.Collect$$libinit$$00000011  c_w.l(libinit2.o)
    0x00000326   0x00000000   Code   RO          463    .ARM.Collect$$libinit$$00000013  c_w.l(libinit2.o)
    0x00000326   0x00000000   Code   RO          465    .ARM.Collect$$libinit$$00000015  c_w.l(libinit2.o)
    0x00000326   0x00000000   Code   RO          467    .ARM.Collect$$libinit$$00000017  c_w.l(libinit2.o)
    0x00000326   0x00000000   Code   RO          469    .ARM.Collect$$libinit$$00000019  c_w.l(libinit2.o)
    0x00000326   0x00000000   Code   RO          471    .ARM.Collect$$libinit$$0000001B  c_w.l(libinit2.o)
    0x00000326   0x00000000   Code   RO          473    .ARM.Collect$$libinit$$0000001D  c_w.l(libinit2.o)
    0x00000326   0x00000000   Code   RO          475    .ARM.Collect$$libinit$$0000001F  c_w.l(libinit2.o)
    0x00000326   0x00000000   Code   RO          477    .ARM.Collect$$libinit$$00000021  c_w.l(libinit2.o)
    0x00000326   0x00000000   Code   RO          479    .ARM.Collect$$libinit$$00000023  c_w.l(libinit2.o)
    0x00000326   0x00000000   Code   RO          483    .ARM.Collect$$libinit$$0000002A  c_w.l(libinit2.o)
    0x00000326   0x00000000   Code   RO          485    .ARM.Collect$$libinit$$0000002C  c_w.l(libinit2.o)
    0x00000326   0x00000000   Code   RO          487    .ARM.Collect$$libinit$$0000002E  c_w.l(libinit2.o)
    0x00000326   0x00000000   Code   RO          489    .ARM.Collect$$libinit$$00000030  c_w.l(libinit2.o)
    0x00000326   0x00000002   Code   RO          490    .ARM.Collect$$libinit$$00000031  c_w.l(libinit2.o)
    0x00000328   0x00000002   Code   RO          512    .ARM.Collect$$libshutdown$$00000000  c_w.l(libshutdown.o)
    0x0000032a   0x00000000   Code   RO          526    .ARM.Collect$$libshutdown$$00000003  c_w.l(libshutdown2.o)
    0x0000032a   0x00000000   Code   RO          529    .ARM.Collect$$libshutdown$$00000006  c_w.l(libshutdown2.o)
    0x0000032a   0x00000000   Code   RO          532    .ARM.Collect$$libshutdown$$00000009  c_w.l(libshutdown2.o)
    0x0000032a   0x00000000   Code   RO          534    .ARM.Collect$$libshutdown$$0000000B  c_w.l(libshutdown2.o)
    0x0000032a   0x00000000   Code   RO          537    .ARM.Collect$$libshutdown$$0000000E  c_w.l(libshutdown2.o)
    0x0000032a   0x00000002   Code   RO          538    .ARM.Collect$$libshutdown$$0000000F  c_w.l(libshutdown2.o)
    0x0000032c   0x00000000   Code   RO          358    .ARM.Collect$$rtentry$$00000000  c_w.l(rtentry.o)
    0x0000032c   0x00000000   Code   RO          404    .ARM.Collect$$rtentry$$00000002  c_w.l(rtentry2.o)
    0x0000032c   0x00000006   Code   RO          416    .ARM.Collect$$rtentry$$00000004  c_w.l(rtentry4.o)
    0x00000332   0x00000000   Code   RO          406    .ARM.Collect$$rtentry$$00000009  c_w.l(rtentry2.o)
    0x00000332   0x00000004   Code   RO          407    .ARM.Collect$$rtentry$$0000000A  c_w.l(rtentry2.o)
    0x00000336   0x00000000   Code   RO          409    .ARM.Collect$$rtentry$$0000000C  c_w.l(rtentry2.o)
    0x00000336   0x00000008   Code   RO          410    .ARM.Collect$$rtentry$$0000000D  c_w.l(rtentry2.o)
    0x0000033e   0x00000002   Code   RO          446    .ARM.Collect$$rtexit$$00000000  c_w.l(rtexit.o)
    0x00000340   0x00000000   Code   RO          494    .ARM.Collect$$rtexit$$00000002  c_w.l(rtexit2.o)
    0x00000340   0x00000004   Code   RO          495    .ARM.Collect$$rtexit$$00000003  c_w.l(rtexit2.o)
    0x00000344   0x00000006   Code   RO          496    .ARM.Collect$$rtexit$$00000004  c_w.l(rtexit2.o)
    0x0000034a   0x00000002   PAD
    0x0000034c   0x00000604   Code   RO            1    .text               main.o
    0x00000950   0x00000ef0   Code   RO           99    .text               motorinit.o
    0x00001840   0x000004d2   Code   RO          117    .text               encoders.o
    0x00001d12   0x00000002   PAD
    0x00001d14   0x0000086c   Code   RO          140    .text               pid.o
    0x00002580   0x00000114   Code   RO          173    .text               startup_tm4c123.o
    0x00002694   0x00000584   Code   RO          178    .text               motion.o
    0x00002c18   0x000001bc   Code   RO          196    .text               ssi.o
    0x00002dd4   0x00000150   Code   RO          228    .text               spi.o
    0x00002f24   0x000000c4   Code   RO          272    .text               serve.o
    0x00002fe8   0x00000688   Code   RO          290    .text               poles.o
    0x00003670   0x0000003e   Code   RO          310    .text               c_w.l(strlen.o)
    0x000036ae   0x00000006   Code   RO          312    .text               c_w.l(heapauxi.o)
    0x000036b4   0x00000016   Code   RO          359    .text               c_w.l(_rserrno.o)
    0x000036ca   0x00000002   PAD
    0x000036cc   0x00000008   Code   RO          421    .text               c_w.l(rt_errno_addr_intlibspace.o)
    0x000036d4   0x00000008   Code   RO          429    .text               c_w.l(libspace.o)
    0x000036dc   0x0000004a   Code   RO          432    .text               c_w.l(sys_stackheap_outer.o)
    0x00003726   0x0000000c   Code   RO          434    .text               c_w.l(exit.o)
    0x00003732   0x00000002   PAD
    0x00003734   0x0000000c   Code   RO          504    .text               c_w.l(sys_exit.o)
    0x00003740   0x00000002   Code   RO          515    .text               c_w.l(use_no_semi.o)
    0x00003742   0x00000000   Code   RO          517    .text               c_w.l(indicate_semi.o)
    0x00003742   0x00000030   Code   RO          386    i.__ARM_fpclassify  m_wm.l(fpclassify.o)
    0x00003772   0x00000006   PAD
    0x00003778   0x00000c90   Code   RO          344    i.__hardfp_pow      m_wm.l(pow.o)
    0x00004408   0x000000f8   Code   RO          388    i.__kernel_poly     m_wm.l(poly.o)
    0x00004500   0x00000020   Code   RO          378    i.__mathlib_dbl_underflow  m_wm.l(dunder.o)
    0x00004520   0x00000020   Code   RO          382    i.fabs              m_wm.l(fabs.o)
    0x00004540   0x0000006e   Code   RO          393    i.sqrt              m_wm.l(sqrt.o)
    0x000045ae   0x00000018   Code   RO          361    x$fpl$basic         fz_wm.l(basic.o)
    0x000045c6   0x00000002   PAD
    0x000045c8   0x00000062   Code   RO          316    x$fpl$d2f           fz_wm.l(d2f.o)
    0x0000462a   0x00000002   PAD
    0x0000462c   0x00000150   Code   RO          318    x$fpl$dadd          fz_wm.l(daddsub_clz.o)
    0x0000477c   0x00000010   Code   RO          423    x$fpl$dcheck1       fz_wm.l(dcheck1.o)
    0x0000478c   0x00000018   Code   RO          442    x$fpl$dcmpinf       fz_wm.l(dcmpi.o)
    0x000047a4   0x000002b0   Code   RO          364    x$fpl$ddiv          fz_wm.l(ddiv.o)
    0x00004a54   0x0000005a   Code   RO          328    x$fpl$dfixu         fz_wm.l(dfixu.o)
    0x00004aae   0x0000002e   Code   RO          333    x$fpl$dflt          fz_wm.l(dflt_clz.o)
    0x00004adc   0x000000a2   Code   RO          338    x$fpl$dfltll        fz_wm.l(dfltll_clz.o)
    0x00004b7e   0x00000026   Code   RO          332    x$fpl$dfltu         fz_wm.l(dflt_clz.o)
    0x00004ba4   0x00000078   Code   RO          425    x$fpl$dleqf         fz_wm.l(dleqf.o)
    0x00004c1c   0x00000154   Code   RO          342    x$fpl$dmul          fz_wm.l(dmul.o)
    0x00004d70   0x0000009c   Code   RO          367    x$fpl$dnaninf       fz_wm.l(dnaninf.o)
    0x00004e0c   0x0000000c   Code   RO          369    x$fpl$dretinf       fz_wm.l(dretinf.o)
    0x00004e18   0x0000006c   Code   RO          371    x$fpl$drleqf        fz_wm.l(drleqf.o)
    0x00004e84   0x00000016   Code   RO          319    x$fpl$drsb          fz_wm.l(daddsub_clz.o)
    0x00004e9a   0x00000002   PAD
    0x00004e9c   0x00000198   Code   RO          427    x$fpl$dsqrt         fz_wm.l(dsqrt_umaal.o)
    0x00005034   0x000001d4   Code   RO          320    x$fpl$dsub          fz_wm.l(daddsub_clz.o)
    0x00005208   0x0000000a   Code   RO          502    x$fpl$fpinit        fz_wm.l(fpinit.o)
    0x00005212   0x0000000a   Code   RO          373    x$fpl$fretinf       fz_wm.l(fretinf.o)
    0x0000521c   0x000000c2   Code   RO          324    x$fpl$llsfromd      fz_wm.l(dfixll.o)
    0x000052de   0x00000064   Code   RO          444    x$fpl$retnan        fz_wm.l(retnan.o)
    0x00005342   0x0000005c   Code   RO          375    x$fpl$scalbn        fz_wm.l(scalbn.o)
    0x0000539e   0x00000030   Code   RO          491    x$fpl$trapveneer    fz_wm.l(trapv.o)
    0x000053ce   0x00000000   Code   RO          377    x$fpl$usenofp       fz_wm.l(usenofp.o)
    0x000053ce   0x00000002   PAD
    0x000053d0   0x00000040   Data   RO          197    .constdata          ssi.o
    0x00005410   0x00000088   Data   RO          347    .constdata          m_wm.l(pow.o)
    0x00005498   0x00000008   Data   RO          390    .constdata          m_wm.l(qnan.o)
    0x000054a0   0x00000020   Data   RO          569    Region$$Table       anon$$obj.o


    Execution Region RW_IRAM1 (Base: 0x20000000, Size: 0x00000498, Max: 0x00008000, ABSOLUTE, COMPRESSED[0x000000b4])

    Base Addr    Size         Type   Attr      Idx    E Section Name        Object

    0x20000000   0x00000008   Data   RW            2    .data               main.o
    0x20000008   0x00000002   Data   RW          100    .data               motorinit.o
    0x2000000a   0x00000002   PAD
    0x2000000c   0x00000050   Data   RW          118    .data               encoders.o
    0x2000005c   0x000000c0   Data   RW          141    .data               pid.o
    0x2000011c   0x000000c4   Data   RW          179    .data               motion.o
    0x200001e0   0x0000002c   Data   RW          229    .data               spi.o
    0x2000020c   0x00000008   Data   RW          273    .data               serve.o
    0x20000214   0x00000024   Data   RW          291    .data               poles.o
    0x20000238   0x00000060   Zero   RW          430    .bss                c_w.l(libspace.o)
    0x20000298   0x00000000   Zero   RW          171    HEAP                startup_tm4c123.o
    0x20000298   0x00000200   Zero   RW          170    STACK               startup_tm4c123.o


==============================================================================

Image component sizes


      Code (inc. data)   RO Data    RW Data    ZI Data      Debug   Object Name

      1234        140          0         80          0       2585   encoders.o
      1540        190          0          8          0       6298   main.o
      1412         64          0        196          0       4610   motion.o
      3824        512          0          2          0       4411   motorinit.o
      2156        200          0        192          0       4115   pid.o
      1672         90          0         36          0       2995   poles.o
       196         20          0          8          0        812   serve.o
       336         14          0         44          0       1932   spi.o
       444         22         64          0          0       6441   ssi.o
       276         24        620          0        512       5396   startup_tm4c123.o

    ----------------------------------------------------------------------
     13092       1276        716        568        512      39595   Object Totals
         0          0         32          0          0          0   (incl. Generated)
         2          0          0          2          0          0   (incl. Padding)

    ----------------------------------------------------------------------

      Code (inc. data)   RO Data    RW Data    ZI Data      Debug   Library Member Name

        90          0          0          0          0          0   __dczerorl2.o
         8          0          0          0          0         68   __main.o
        52          8          0          0          0          0   __scatter.o
        28          0          0          0          0          0   __scatter_zi.o
        22          0          0          0          0        100   _rserrno.o
        12          0          0          0          0         72   exit.o
         6          0          0          0          0        152   heapauxi.o
         0          0          0          0          0          0   indicate_semi.o
         2          0          0          0          0          0   libinit.o
         6          0          0          0          0          0   libinit2.o
         2          0          0          0          0          0   libshutdown.o
         2          0          0          0          0          0   libshutdown2.o
         8          4          0          0         96         68   libspace.o
         8          4          0          0          0         68   rt_errno_addr_intlibspace.o
         0          0          0          0          0          0   rtentry.o
        12          0          0          0          0          0   rtentry2.o
         6          0          0          0          0          0   rtentry4.o
         2          0          0          0          0          0   rtexit.o
        10          0          0          0          0          0   rtexit2.o
        62          0          0          0          0         76   strlen.o
        12          4          0          0          0         68   sys_exit.o
        74          0          0          0          0         80   sys_stackheap_outer.o
         2          0          0          0          0         68   use_no_semi.o
        24          0          0          0          0        164   basic.o
        98          4          0          0          0        140   d2f.o
       826         16          0          0          0        492   daddsub_clz.o
        16          4          0          0          0        116   dcheck1.o
        24          0          0          0          0        116   dcmpi.o
       688        140          0          0          0        256   ddiv.o
       194          4          0          0          0        164   dfixll.o
        90          4          0          0          0        140   dfixu.o
        84          0          0          0          0        232   dflt_clz.o
       162          0          0          0          0        132   dfltll_clz.o
       120          4          0          0          0        140   dleqf.o
       340         12          0          0          0        152   dmul.o
       156          4          0          0          0        140   dnaninf.o
        12          0          0          0          0        116   dretinf.o
       108          0          0          0          0        128   drleqf.o
       408         56          0          0          0        168   dsqrt_umaal.o
        10          0          0          0          0        116   fpinit.o
        10          0          0          0          0        116   fretinf.o
       100          0          0          0          0        116   retnan.o
        92          0          0          0          0        116   scalbn.o
        48          0          0          0          0        116   trapv.o
         0          0          0          0          0          0   usenofp.o
        32          8          0          0          0        124   dunder.o
        32          0          0          0          0        124   fabs.o
        48          0          0          0          0        124   fpclassify.o
       248          0          0          0          0        152   poly.o
      3216        310        136          0          0        216   pow.o
         0          0          8          0          0          0   qnan.o
       110          0          0          0          0        148   sqrt.o

    ----------------------------------------------------------------------
      7744        586        144          0         96       5084   Library Totals
        22          0          0          0          0          0   (incl. Padding)

    ----------------------------------------------------------------------

      Code (inc. data)   RO Data    RW Data    ZI Data      Debug   Library Name

       426         20          0          0         96        820   c_w.l
      3610        248          0          0          0       3376   fz_wm.l
      3686        318        144          0          0        888   m_wm.l

    ----------------------------------------------------------------------
      7744        586        144          0         96       5084   Library Totals

    ----------------------------------------------------------------------

==============================================================================


      Code (inc. data)   RO Data    RW Data    ZI Data      Debug   

     20836       1862        860        568        608      39863   Grand Totals
     20836       1862        860        180        608      39863   ELF Image Totals (compressed)
     20836       1862        860        180          0          0   ROM Totals

==============================================================================

    Total RO  Size (Code + RO Data)                21696 (  21.19kB)
    Total RW  Size (RW Data + ZI Data)              1176 (   1.15kB)
    Total ROM Size (Code + RO Data + RW Data)      21876 (  21.36kB)

==============================================================================

