<html>
<body>
<pre>
<h1>µVision Build Log</h1>
<h2>Project:</h2>
C:\Users\omar_\Documents\GitHub\Pirates14\Robot 1 tiva\trial pwm functions.uvproj
Project File Date:  06/17/2017

<h2>Output:</h2>
Build target 'Target 1'
compiling main.c...
compiling MotorInit.c...
compiling Poles.c...
linking...
Program Size: Code=20836 RO-data=860 RW-data=568 ZI-data=608  
".\trial pwm functions.axf" - 0 Error(s), 0 Warning(s).
es14\\Robot 1 tiva\\trial pwm functions.axf" 
Connecting: Mode=JTAG, Speed=1000000Hz
Erase Done.
Programming Done.
Verify OK.
