ARM Linker, 5.03 [Build 76] [MDK-ARM Lite]

==============================================================================

Section Cross References

    main.o(.text) refers to spi.o(.text) for ReadData
    main.o(.text) refers to motion.o(.text) for Stop
    main.o(.text) refers to motorinit.o(.text) for analogWrite
    main.o(.text) refers to serve.o(.text) for Serve
    main.o(.text) refers to poles.o(.text) for Pole1
    main.o(.text) refers to spi.o(.data) for stop
    main.o(.text) refers to main.o(.data) for a
    main.o(.text) refers to motorinit.o(.data) for HIGH
    motorinit.o(.text) refers to motorinit.o(.data) for LOW
    motorinit.o(.text) refers to adc.o(.text) for calibration
    encoders.o(.text) refers to dflt_clz.o(x$fpl$dfltu) for __aeabi_ui2d
    encoders.o(.text) refers to dmul.o(x$fpl$dmul) for __aeabi_dmul
    encoders.o(.text) refers to dfixu.o(x$fpl$dfixu) for __aeabi_d2uiz
    encoders.o(.text) refers to dflt_clz.o(x$fpl$dflt) for __aeabi_i2d
    encoders.o(.text) refers to daddsub_clz.o(x$fpl$dadd) for __aeabi_dadd
    encoders.o(.text) refers to d2f.o(x$fpl$d2f) for __aeabi_d2f
    encoders.o(.text) refers to strlen.o(.text) for strlen
    encoders.o(.text) refers to pow.o(i.__hardfp_pow) for __hardfp_pow
    encoders.o(.text) refers to dfltll_clz.o(x$fpl$dfltll) for __aeabi_l2d
    encoders.o(.text) refers to dfixll.o(x$fpl$llsfromd) for __aeabi_d2lz
    encoders.o(.text) refers to encoders.o(.data) for Mlifter1counter
    pid.o(.text) refers to motorinit.o(.text) for analogWrite
    pid.o(.text) refers to encoders.o(.data) for RPM_ML1
    pid.o(.text) refers to pid.o(.data) for error_ML1
    pid.o(.text) refers to spi.o(.text) for ReadData
    pid.o(.text) refers to motion.o(.text) for liftersStop
    pid.o(.text) refers to spi.o(.data) for R2
    startup_tm4c123.o(STACK) refers (Special) to heapauxi.o(.text) for __use_two_region_memory
    startup_tm4c123.o(HEAP) refers (Special) to heapauxi.o(.text) for __use_two_region_memory
    startup_tm4c123.o(RESET) refers (Special) to heapauxi.o(.text) for __use_two_region_memory
    startup_tm4c123.o(RESET) refers to startup_tm4c123.o(STACK) for __initial_sp
    startup_tm4c123.o(RESET) refers to startup_tm4c123.o(.text) for Reset_Handler
    startup_tm4c123.o(RESET) refers to encoders.o(.text) for SysTick_Handler
    startup_tm4c123.o(.text) refers (Special) to heapauxi.o(.text) for __use_two_region_memory
    startup_tm4c123.o(.text) refers to main.o(.text) for SystemInit
    startup_tm4c123.o(.text) refers to __main.o(!!!main) for __main
    startup_tm4c123.o(.text) refers to startup_tm4c123.o(HEAP) for Heap_Mem
    startup_tm4c123.o(.text) refers to startup_tm4c123.o(STACK) for Stack_Mem
    motion.o(.text) refers to motorinit.o(.text) for digitalWrite
    motion.o(.text) refers to motorinit.o(.data) for LOW
    motion.o(.text) refers to motion.o(.data) for FORWARD
    motion.o(.text) refers to main.o(.data) for servepwm
    ssi.o(.text) refers to ssi.o(.constdata) for g_ppui32SSIIntMap
    spi.o(.text) refers to ssi.o(.text) for SSIDataGet
    spi.o(.text) refers to spi.o(.data) for pui32DataRx
    adc.o(.text) refers to motorinit.o(.text) for analogWrite
    adc.o(.text) refers to adc.o(.bss) for ADC0Value
    adc.o(.text) refers to adc.o(.data) for V1
    adc.o(.text) refers to motorinit.o(.data) for LOW
    serve.o(.text) refers to motorinit.o(.text) for digitalWrite
    serve.o(.text) refers to spi.o(.text) for ReadData
    serve.o(.text) refers to motorinit.o(.data) for LOW
    poles.o(.text) refers to motorinit.o(.text) for digitalWrite
    poles.o(.text) refers to pid.o(.text) for PID_ML1_REV
    poles.o(.text) refers to motion.o(.text) for liftersStop
    poles.o(.text) refers to spi.o(.text) for ReadData
    poles.o(.text) refers to poles.o(.data) for current_pos1
    poles.o(.text) refers to encoders.o(.data) for Mlifter1counter
    poles.o(.text) refers to motorinit.o(.data) for HIGH
    poles.o(.text) refers to spi.o(.data) for R2
    poles.o(.text) refers to main.o(.data) for servepwm
    fence.o(.text) refers to motion.o(.text) for Right
    fence.o(.text) refers to motorinit.o(.text) for digitalRead
    fence.o(.text) refers to motorinit.o(.data) for HIGH
    __main.o(!!!main) refers to rtentry.o(.ARM.Collect$$rtentry$$00000000) for __rt_entry
    d2f.o(x$fpl$d2f) refers (Special) to usenofp.o(x$fpl$usenofp) for __I$use$fp
    d2f.o(x$fpl$d2f) refers to fretinf.o(x$fpl$fretinf) for __fpl_fretinf
    d2f.o(x$fpl$d2f) refers to dnaninf.o(x$fpl$dnaninf) for __fpl_dnaninf
    daddsub_clz.o(x$fpl$dadd) refers (Special) to usenofp.o(x$fpl$usenofp) for __I$use$fp
    daddsub_clz.o(x$fpl$dadd) refers to daddsub_clz.o(x$fpl$dsub) for _dsub1
    daddsub_clz.o(x$fpl$dadd) refers to dretinf.o(x$fpl$dretinf) for __fpl_dretinf
    daddsub_clz.o(x$fpl$dadd) refers to dnaninf.o(x$fpl$dnaninf) for __fpl_dnaninf
    daddsub_clz.o(x$fpl$drsb) refers (Special) to usenofp.o(x$fpl$usenofp) for __I$use$fp
[...]


==============================================================================

Removing Unused input sections from the image.

    Removing uart.o(.text), (44 bytes).
    Removing serve.o(.data), (20 bytes).
    Removing fence.o(.text), (296 bytes).

3 unused section(s) (total 360 bytes) removed from the image.

==============================================================================

Image Symbol Table

    Local Symbols

    Symbol Name                              Value     Ov Type        Size  Object(Section)

    RESET                                    0x00000000   Section      620  startup_tm4c123.o(RESET)
    ../clib/angel/boardlib.s                 0x00000000   Number         0  boardinit1.o ABSOLUTE
    ../clib/angel/boardlib.s                 0x00000000   Number         0  boardshut.o ABSOLUTE
    ../clib/angel/boardlib.s                 0x00000000   Number         0  boardinit3.o ABSOLUTE
    ../clib/angel/boardlib.s                 0x00000000   Number         0  boardinit2.o ABSOLUTE
    ../clib/angel/dczerorl2.s                0x00000000   Number         0  __dczerorl2.o ABSOLUTE
    ../clib/angel/handlers.s                 0x00000000   Number         0  __scatter_zi.o ABSOLUTE
    ../clib/angel/kernel.s                   0x00000000   Number         0  rtentry2.o ABSOLUTE
    ../clib/angel/kernel.s                   0x00000000   Number         0  rtexit.o ABSOLUTE
    ../clib/angel/kernel.s                   0x00000000   Number         0  rtexit2.o ABSOLUTE
    ../clib/angel/kernel.s                   0x00000000   Number         0  rtentry4.o ABSOLUTE
    ../clib/angel/kernel.s                   0x00000000   Number         0  rtentry.o ABSOLUTE
    ../clib/angel/rt.s                       0x00000000   Number         0  rt_errno_addr_intlibspace.o ABSOLUTE
    ../clib/angel/rt.s                       0x00000000   Number         0  rt_errno_addr.o ABSOLUTE
    ../clib/angel/rt.s                       0x00000000   Number         0  rt_raise.o ABSOLUTE
    ../clib/angel/scatter.s                  0x00000000   Number         0  __scatter.o ABSOLUTE
    ../clib/angel/startup.s                  0x00000000   Number         0  __main.o ABSOLUTE
    ../clib/angel/sys.s                      0x00000000   Number         0  indicate_semi.o ABSOLUTE
    ../clib/angel/sys.s                      0x00000000   Number         0  sys_stackheap_outer.o ABSOLUTE
    ../clib/angel/sys.s                      0x00000000   Number         0  libspace.o ABSOLUTE
    ../clib/angel/sys.s                      0x00000000   Number         0  use_no_semi.o ABSOLUTE
    ../clib/angel/sysapp.c                   0x00000000   Number         0  sys_exit.o ABSOLUTE
    ../clib/angel/sysapp.c                   0x00000000   Number         0  sys_wrch.o ABSOLUTE
    ../clib/angel/sysapp.c                   0x00000000   Number         0  sys_command.o ABSOLUTE
    ../clib/armsys.c                         0x00000000   Number         0  argv_veneer.o ABSOLUTE
    ../clib/armsys.c                         0x00000000   Number         0  no_argv.o ABSOLUTE
    ../clib/armsys.c                         0x00000000   Number         0  _get_argv_nomalloc.o ABSOLUTE
    ../clib/armsys.c                         0x00000000   Number         0  argv_veneer.o ABSOLUTE
    ../clib/fenv.c                           0x00000000   Number         0  _rserrno.o ABSOLUTE
    ../clib/heapalloc.c                      0x00000000   Number         0  hrguard.o ABSOLUTE
    ../clib/heapaux.c                        0x00000000   Number         0  heapauxi.o ABSOLUTE
    ../clib/libinit.s                        0x00000000   Number         0  libinit.o ABSOLUTE
    ../clib/libinit.s                        0x00000000   Number         0  libshutdown.o ABSOLUTE
    ../clib/libinit.s                        0x00000000   Number         0  libshutdown2.o ABSOLUTE
    ../clib/libinit.s                        0x00000000   Number         0  libinit2.o ABSOLUTE
    ../clib/signal.c                         0x00000000   Number         0  defsig_rtmem_outer.o ABSOLUTE
    ../clib/signal.c                         0x00000000   Number         0  defsig_rtred_inner.o ABSOLUTE
    ../clib/signal.c                         0x00000000   Number         0  defsig_rtmem_formal.o ABSOLUTE
    ../clib/signal.c                         0x00000000   Number         0  defsig_exit.o ABSOLUTE
    ../clib/signal.c                         0x00000000   Number         0  defsig_rtmem_inner.o ABSOLUTE
    ../clib/signal.c                         0x00000000   Number         0  defsig_general.o ABSOLUTE
    ../clib/signal.c                         0x00000000   Number         0  defsig_abrt_inner.o ABSOLUTE
    ../clib/signal.c                         0x00000000   Number         0  defsig_fpe_inner.o ABSOLUTE
    ../clib/signal.c                         0x00000000   Number         0  defsig_stak_inner.o ABSOLUTE
    ../clib/signal.c                         0x00000000   Number         0  defsig_pvfn_inner.o ABSOLUTE
    ../clib/signal.c                         0x00000000   Number         0  defsig_cppl_inner.o ABSOLUTE
    ../clib/signal.c                         0x00000000   Number         0  defsig_segv_inner.o ABSOLUTE
    ../clib/signal.c                         0x00000000   Number         0  defsig_other.o ABSOLUTE
    ../clib/signal.c                         0x00000000   Number         0  __raise.o ABSOLUTE
    ../clib/signal.s                         0x00000000   Number         0  defsig.o ABSOLUTE
    ../clib/stdlib.c                         0x00000000   Number         0  exit.o ABSOLUTE
    ../clib/string.c                         0x00000000   Number         0  strlen.o ABSOLUTE
    ../fplib/basic.s                         0x00000000   Number         0  basic.o ABSOLUTE
    ../fplib/d2f.s                           0x00000000   Number         0  d2f.o ABSOLUTE
    ../fplib/daddsub.s                       0x00000000   Number         0  daddsub_clz.o ABSOLUTE
    ../fplib/dcheck1.s                       0x00000000   Number         0  dcheck1.o ABSOLUTE
    ../fplib/dcmpi.s                         0x00000000   Number         0  dcmpi.o ABSOLUTE
    ../fplib/ddiv.s                          0x00000000   Number         0  ddiv.o ABSOLUTE
    ../fplib/dfixll.s                        0x00000000   Number         0  dfixll.o ABSOLUTE
    ../fplib/dfixu.s                         0x00000000   Number         0  dfixu.o ABSOLUTE
    ../fplib/dflt.s                          0x00000000   Number         0  dflt_clz.o ABSOLUTE
    ../fplib/dfltll.s                        0x00000000   Number         0  dfltll_clz.o ABSOLUTE
    ../fplib/dleqf.s                         0x00000000   Number         0  dleqf.o ABSOLUTE
    ../fplib/dmul.s                          0x00000000   Number         0  dmul.o ABSOLUTE
    ../fplib/dnaninf.s                       0x00000000   Number         0  dnaninf.o ABSOLUTE
    ../fplib/dretinf.s                       0x00000000   Number         0  dretinf.o ABSOLUTE
    ../fplib/drleqf.s                        0x00000000   Number         0  drleqf.o ABSOLUTE
    ../fplib/dsqrt.s                         0x00000000   Number         0  dsqrt_umaal.o ABSOLUTE
    ../fplib/fpinit.s                        0x00000000   Number         0  fpinit.o ABSOLUTE
    ../fplib/fretinf.s                       0x00000000   Number         0  fretinf.o ABSOLUTE
    ../fplib/retnan.s                        0x00000000   Number         0  retnan.o ABSOLUTE
    ../fplib/scalbn.s                        0x00000000   Number         0  scalbn.o ABSOLUTE
    ../fplib/trapv.s                         0x00000000   Number         0  trapv.o ABSOLUTE
    ../fplib/usenofp.s                       0x00000000   Number         0  usenofp.o ABSOLUTE
    ../mathlib/dunder.c                      0x00000000   Number         0  dunder.o ABSOLUTE
    ../mathlib/fabs.c                        0x00000000   Number         0  fabs.o ABSOLUTE
    ../mathlib/fpclassify.c                  0x00000000   Number         0  fpclassify.o ABSOLUTE
    ../mathlib/poly.c                        0x00000000   Number         0  poly.o ABSOLUTE
    ../mathlib/pow.c                         0x00000000   Number         0  pow_x.o ABSOLUTE
    ../mathlib/pow.c                         0x00000000   Number         0  pow.o ABSOLUTE
    ../mathlib/qnan.c                        0x00000000   Number         0  qnan.o ABSOLUTE
    ../mathlib/sqrt.c                        0x00000000   Number         0  sqrt_x.o ABSOLUTE
    ../mathlib/sqrt.c                        0x00000000   Number         0  sqrt.o ABSOLUTE
    ADC.c                                    0x00000000   Number         0  adc.o ABSOLUTE
    Motion.c                                 0x00000000   Number         0  motion.o ABSOLUTE
    MotorInit.c                              0x00000000   Number         0  motorinit.o ABSOLUTE
    PID.c                                    0x00000000   Number         0  pid.o ABSOLUTE
    Poles.c                                  0x00000000   Number         0  poles.o ABSOLUTE
    Serve.c                                  0x00000000   Number         0  serve.o ABSOLUTE
    UART.c                                   0x00000000   Number         0  uart.o ABSOLUTE
    dc.s                                     0x00000000   Number         0  dc.o ABSOLUTE
    encoders.c                               0x00000000   Number         0  encoders.o ABSOLUTE
    fence.c                                  0x00000000   Number         0  fence.o ABSOLUTE
    main.c                                   0x00000000   Number         0  main.o ABSOLUTE
    pistons.c                                0x00000000   Number         0  pistons.o ABSOLUTE
    spi.c                                    0x00000000   Number         0  spi.o ABSOLUTE
    ssi.c                                    0x00000000   Number         0  ssi.o ABSOLUTE
    startup_TM4C123.s                        0x00000000   Number         0  startup_tm4c123.o ABSOLUTE
    !!!main                                  0x0000026c   Section        8  __main.o(!!!main)
    !!!scatter                               0x00000274   Section       52  __scatter.o(!!!scatter)
    !!dczerorl2                              0x000002a8   Section       90  __dczerorl2.o(!!dczerorl2)
    !!handler_zi                             0x00000304   Section       28  __scatter_zi.o(!!handler_zi)
    .ARM.Collect$$libinit$$00000000          0x00000320   Section        2  libinit.o(.ARM.Collect$$libinit$$00000000)
    .ARM.Collect$$libinit$$00000001          0x00000322   Section        4  libinit2.o(.ARM.Collect$$libinit$$00000001)
    .ARM.Collect$$libinit$$00000008          0x00000326   Section        0  libinit2.o(.ARM.Collect$$libinit$$00000008)
    .ARM.Collect$$libinit$$0000000A          0x00000326   Section        0  libinit2.o(.ARM.Collect$$libinit$$0000000A)
    .ARM.Collect$$libinit$$0000000C          0x00000326   Section        0  libinit2.o(.ARM.Collect$$libinit$$0000000C)
    .ARM.Collect$$libinit$$0000000F          0x00000326   Section        0  libinit2.o(.ARM.Collect$$libinit$$0000000F)
    .ARM.Collect$$libinit$$00000011          0x00000326   Section        0  libinit2.o(.ARM.Collect$$libinit$$00000011)
    .ARM.Collect$$libinit$$00000013          0x00000326   Section        0  libinit2.o(.ARM.Collect$$libinit$$00000013)
    .ARM.Collect$$libinit$$00000015          0x00000326   Section        0  libinit2.o(.ARM.Collect$$libinit$$00000015)
    .ARM.Collect$$libinit$$00000017          0x00000326   Section        0  libinit2.o(.ARM.Collect$$libinit$$00000017)
    .ARM.Collect$$libinit$$00000019          0x00000326   Section        0  libinit2.o(.ARM.Collect$$libinit$$00000019)
    .ARM.Collect$$libinit$$0000001B          0x00000326   Section        0  libinit2.o(.ARM.Collect$$libinit$$0000001B)
    .ARM.Collect$$libinit$$0000001D          0x00000326   Section        0  libinit2.o(.ARM.Collect$$libinit$$0000001D)
    .ARM.Collect$$libinit$$0000001F          0x00000326   Section        0  libinit2.o(.ARM.Collect$$libinit$$0000001F)
    .ARM.Collect$$libinit$$00000021          0x00000326   Section        0  libinit2.o(.ARM.Collect$$libinit$$00000021)
    .ARM.Collect$$libinit$$00000023          0x00000326   Section        0  libinit2.o(.ARM.Collect$$libinit$$00000023)
    .ARM.Collect$$libinit$$0000002A          0x00000326   Section        0  libinit2.o(.ARM.Collect$$libinit$$0000002A)
    .ARM.Collect$$libinit$$0000002C          0x00000326   Section        0  libinit2.o(.ARM.Collect$$libinit$$0000002C)
    .ARM.Collect$$libinit$$0000002E          0x00000326   Section        0  libinit2.o(.ARM.Collect$$libinit$$0000002E)
    .ARM.Collect$$libinit$$00000030          0x00000326   Section        0  libinit2.o(.ARM.Collect$$libinit$$00000030)
    .ARM.Collect$$libinit$$00000031          0x00000326   Section        2  libinit2.o(.ARM.Collect$$libinit$$00000031)
    .ARM.Collect$$libshutdown$$00000000      0x00000328   Section        2  libshutdown.o(.ARM.Collect$$libshutdown$$00000000)
    .ARM.Collect$$libshutdown$$00000003      0x0000032a   Section        0  libshutdown2.o(.ARM.Collect$$libshutdown$$00000003)
    .ARM.Collect$$libshutdown$$00000006      0x0000032a   Section        0  libshutdown2.o(.ARM.Collect$$libshutdown$$00000006)
    .ARM.Collect$$libshutdown$$00000009      0x0000032a   Section        0  libshutdown2.o(.ARM.Collect$$libshutdown$$00000009)
    .ARM.Collect$$libshutdown$$0000000B      0x0000032a   Section        0  libshutdown2.o(.ARM.Collect$$libshutdown$$0000000B)
    .ARM.Collect$$libshutdown$$0000000E      0x0000032a   Section        0  libshutdown2.o(.ARM.Collect$$libshutdown$$0000000E)
    .ARM.Collect$$libshutdown$$0000000F      0x0000032a   Section        2  libshutdown2.o(.ARM.Collect$$libshutdown$$0000000F)
    .ARM.Collect$$rtentry$$00000000          0x0000032c   Section        0  rtentry.o(.ARM.Collect$$rtentry$$00000000)
    .ARM.Collect$$rtentry$$00000002          0x0000032c   Section        0  rtentry2.o(.ARM.Collect$$rtentry$$00000002)
    .ARM.Collect$$rtentry$$00000004          0x0000032c   Section        6  rtentry4.o(.ARM.Collect$$rtentry$$00000004)
    .ARM.Collect$$rtentry$$00000009          0x00000332   Section        0  rtentry2.o(.ARM.Collect$$rtentry$$00000009)
    .ARM.Collect$$rtentry$$0000000A          0x00000332   Section        4  rtentry2.o(.ARM.Collect$$rtentry$$0000000A)
    .ARM.Collect$$rtentry$$0000000C          0x00000336   Section        0  rtentry2.o(.ARM.Collect$$rtentry$$0000000C)
    .ARM.Collect$$rtentry$$0000000D          0x00000336   Section        8  rtentry2.o(.ARM.Collect$$rtentry$$0000000D)
    .ARM.Collect$$rtexit$$00000000           0x0000033e   Section        2  rtexit.o(.ARM.Collect$$rtexit$$00000000)
    .ARM.Collect$$rtexit$$00000002           0x00000340   Section        0  rtexit2.o(.ARM.Collect$$rtexit$$00000002)
    .ARM.Collect$$rtexit$$00000003           0x00000340   Section        4  rtexit2.o(.ARM.Collect$$rtexit$$00000003)
    .ARM.Collect$$rtexit$$00000004           0x00000344   Section        6  rtexit2.o(.ARM.Collect$$rtexit$$00000004)
    .text                                    0x0000034c   Section        0  main.o(.text)
    .text                                    0x00000a14   Section        0  motorinit.o(.text)
    .text                                    0x00001a38   Section        0  encoders.o(.text)
    .text                                    0x00001e50   Section        0  pid.o(.text)
    .text                                    0x00002708   Section      276  startup_tm4c123.o(.text)
    $v0                                      0x00002708   Number         0  startup_tm4c123.o(.text)
    .text                                    0x0000281c   Section        0  motion.o(.text)
    .text                                    0x00002d80   Section        0  ssi.o(.text)
    _SSIIntNumberGet                         0x00002d81   Thumb Code    56  ssi.o(.text)
    .text                                    0x00002f3c   Section        0  spi.o(.text)
    .text                                    0x00003098   Section        0  adc.o(.text)
    .text                                    0x00003cb4   Section        0  serve.o(.text)
    .text                                    0x00003d94   Section        0  poles.o(.text)
    .text                                    0x0000453c   Section        0  strlen.o(.text)
    .text                                    0x0000457a   Section        0  heapauxi.o(.text)
    .text                                    0x00004580   Section        0  _rserrno.o(.text)
    .text                                    0x00004598   Section        8  rt_errno_addr_intlibspace.o(.text)
    .text                                    0x000045a0   Section        8  libspace.o(.text)
    .text                                    0x000045a8   Section       74  sys_stackheap_outer.o(.text)
    .text                                    0x000045f2   Section        0  exit.o(.text)
    .text                                    0x00004600   Section        0  sys_exit.o(.text)
    .text                                    0x0000460c   Section        2  use_no_semi.o(.text)
    .text                                    0x0000460e   Section        0  indicate_semi.o(.text)
    i.__ARM_fpclassify                       0x0000460e   Section        0  fpclassify.o(i.__ARM_fpclassify)
    i.__hardfp_pow                           0x00004640   Section        0  pow.o(i.__hardfp_pow)
    i.__kernel_poly                          0x000052d0   Section        0  poly.o(i.__kernel_poly)
    i.__mathlib_dbl_underflow                0x000053c8   Section        0  dunder.o(i.__mathlib_dbl_underflow)
    i.fabs                                   0x000053e8   Section        0  fabs.o(i.fabs)
    i.sqrt                                   0x00005408   Section        0  sqrt.o(i.sqrt)
    x$fpl$basic                              0x00005476   Section       24  basic.o(x$fpl$basic)
    $v0                                      0x00005476   Number         0  basic.o(x$fpl$basic)
    x$fpl$d2f                                0x00005490   Section       98  d2f.o(x$fpl$d2f)
    $v0                                      0x00005490   Number         0  d2f.o(x$fpl$d2f)
    x$fpl$dadd                               0x000054f4   Section      336  daddsub_clz.o(x$fpl$dadd)
    $v0                                      0x000054f4   Number         0  daddsub_clz.o(x$fpl$dadd)
    _dadd1                                   0x00005505   Thumb Code     0  daddsub_clz.o(x$fpl$dadd)
    x$fpl$dcheck1                            0x00005644   Section       16  dcheck1.o(x$fpl$dcheck1)
    $v0                                      0x00005644   Number         0  dcheck1.o(x$fpl$dcheck1)
    x$fpl$dcmpinf                            0x00005654   Section       24  dcmpi.o(x$fpl$dcmpinf)
    $v0                                      0x00005654   Number         0  dcmpi.o(x$fpl$dcmpinf)
    x$fpl$ddiv                               0x0000566c   Section      688  ddiv.o(x$fpl$ddiv)
    $v0                                      0x0000566c   Number         0  ddiv.o(x$fpl$ddiv)
    ddiv_entry                               0x00005673   Thumb Code     0  ddiv.o(x$fpl$ddiv)
    x$fpl$dfixu                              0x0000591c   Section       90  dfixu.o(x$fpl$dfixu)
    $v0                                      0x0000591c   Number         0  dfixu.o(x$fpl$dfixu)
    x$fpl$dflt                               0x00005976   Section       46  dflt_clz.o(x$fpl$dflt)
    $v0                                      0x00005976   Number         0  dflt_clz.o(x$fpl$dflt)
    x$fpl$dfltll                             0x000059a4   Section      162  dfltll_clz.o(x$fpl$dfltll)
    $v0                                      0x000059a4   Number         0  dfltll_clz.o(x$fpl$dfltll)
    x$fpl$dfltu                              0x00005a46   Section       38  dflt_clz.o(x$fpl$dfltu)
    $v0                                      0x00005a46   Number         0  dflt_clz.o(x$fpl$dfltu)
    x$fpl$dleqf                              0x00005a6c   Section      120  dleqf.o(x$fpl$dleqf)
    $v0                                      0x00005a6c   Number         0  dleqf.o(x$fpl$dleqf)
    x$fpl$dmul                               0x00005ae4   Section      340  dmul.o(x$fpl$dmul)
    $v0                                      0x00005ae4   Number         0  dmul.o(x$fpl$dmul)
    x$fpl$dnaninf                            0x00005c38   Section      156  dnaninf.o(x$fpl$dnaninf)
    $v0                                      0x00005c38   Number         0  dnaninf.o(x$fpl$dnaninf)
    x$fpl$dretinf                            0x00005cd4   Section       12  dretinf.o(x$fpl$dretinf)
    $v0                                      0x00005cd4   Number         0  dretinf.o(x$fpl$dretinf)
    x$fpl$drleqf                             0x00005ce0   Section      108  drleqf.o(x$fpl$drleqf)
    $v0                                      0x00005ce0   Number         0  drleqf.o(x$fpl$drleqf)
    x$fpl$drsb                               0x00005d4c   Section       22  daddsub_clz.o(x$fpl$drsb)
    $v0                                      0x00005d4c   Number         0  daddsub_clz.o(x$fpl$drsb)
    x$fpl$dsqrt                              0x00005d64   Section      408  dsqrt_umaal.o(x$fpl$dsqrt)
    $v0                                      0x00005d64   Number         0  dsqrt_umaal.o(x$fpl$dsqrt)
    x$fpl$dsub                               0x00005efc   Section      468  daddsub_clz.o(x$fpl$dsub)
    $v0                                      0x00005efc   Number         0  daddsub_clz.o(x$fpl$dsub)
    _dsub1                                   0x00005f0d   Thumb Code     0  daddsub_clz.o(x$fpl$dsub)
    x$fpl$fpinit                             0x000060d0   Section       10  fpinit.o(x$fpl$fpinit)
    $v0                                      0x000060d0   Number         0  fpinit.o(x$fpl$fpinit)
    x$fpl$fretinf                            0x000060da   Section       10  fretinf.o(x$fpl$fretinf)
    $v0                                      0x000060da   Number         0  fretinf.o(x$fpl$fretinf)
    x$fpl$llsfromd                           0x000060e4   Section      194  dfixll.o(x$fpl$llsfromd)
    $v0                                      0x000060e4   Number         0  dfixll.o(x$fpl$llsfromd)
    x$fpl$retnan                             0x000061a6   Section      100  retnan.o(x$fpl$retnan)
    $v0                                      0x000061a6   Number         0  retnan.o(x$fpl$retnan)
    x$fpl$scalbn                             0x0000620a   Section       92  scalbn.o(x$fpl$scalbn)
    $v0                                      0x0000620a   Number         0  scalbn.o(x$fpl$scalbn)
    x$fpl$trapveneer                         0x00006266   Section       48  trapv.o(x$fpl$trapveneer)
    $v0                                      0x00006266   Number         0  trapv.o(x$fpl$trapveneer)
    x$fpl$usenofp                            0x00006296   Section        0  usenofp.o(x$fpl$usenofp)
    .constdata                               0x00006298   Section       64  ssi.o(.constdata)
    g_ppui32SSIIntMap                        0x00006298   Data          32  ssi.o(.constdata)
    g_ppui32SSIIntMapSnowflake               0x000062b8   Data          32  ssi.o(.constdata)
    .constdata                               0x000062d8   Section      136  pow.o(.constdata)
    bp                                       0x000062d8   Data          16  pow.o(.constdata)
    dp_h                                     0x000062e8   Data          16  pow.o(.constdata)
    dp_l                                     0x000062f8   Data          16  pow.o(.constdata)
    L                                        0x00006308   Data          48  pow.o(.constdata)
    P                                        0x00006338   Data          40  pow.o(.constdata)
    .constdata                               0x00006360   Section        8  qnan.o(.constdata)
    .data                                    0x20000000   Section       12  main.o(.data)
    .data                                    0x2000000c   Section        2  motorinit.o(.data)
    .data                                    0x20000010   Section       92  encoders.o(.data)
    .data                                    0x2000006c   Section      192  pid.o(.data)
    .data                                    0x2000012c   Section      160  motion.o(.data)
    .data                                    0x200001cc   Section       44  spi.o(.data)
    .data                                    0x200001f8   Section       84  adc.o(.data)
    .data                                    0x2000024c   Section       36  poles.o(.data)
    .bss                                     0x20000270   Section       76  adc.o(.bss)
    .bss                                     0x200002bc   Section       96  libspace.o(.bss)
    HEAP                                     0x20000320   Section        0  startup_tm4c123.o(HEAP)
    STACK                                    0x20000320   Section      512  startup_tm4c123.o(STACK)
    Heap_Mem                                 0x20000320   Data           0  startup_tm4c123.o(HEAP)
    Stack_Mem                                0x20000320   Data         512  startup_tm4c123.o(STACK)
    __initial_sp                             0x20000520   Data           0  startup_tm4c123.o(STACK)

    Global Symbols

    Symbol Name                              Value     Ov Type        Size  Object(Section)

    BuildAttributes$$THM_ISAv4$E$P$D$K$B$S$7EM$VFPi3$EXTD16$VFPS$VFMA$PE$A:L22UL41UL21$X:L11$S22US41US21$IEEE1$IW$USESV6$~STKCKD$USESV7$~SHL$OTIME$ROPI$IEEEX$EBA8$UX$STANDARDLIB$REQ8$PRES8$EABIv2 0x00000000   Number         0  anon$$obj.o ABSOLUTE
    __ARM_use_no_argv                        0x00000000   Number         0  main.o ABSOLUTE
    __Vectors                                0x00000000   Data           4  startup_tm4c123.o(RESET)
    __ARM_exceptions_init                     - Undefined Weak Reference
    __alloca_initialize                       - Undefined Weak Reference
    __cpp_initialize__aeabi_                  - Undefined Weak Reference
    __cxa_finalize                            - Undefined Weak Reference
    __rt_locale                               - Undefined Weak Reference
    __sigvec_lookup                           - Undefined Weak Reference
    _atexit_init                              - Undefined Weak Reference
    _call_atexit_fns                          - Undefined Weak Reference
    _clock_init                               - Undefined Weak Reference
    _fp_trap_init                             - Undefined Weak Reference
    _fp_trap_shutdown                         - Undefined Weak Reference
    _get_lc_collate                           - Undefined Weak Reference
    _get_lc_ctype                             - Undefined Weak Reference
    _get_lc_monetary                          - Undefined Weak Reference
    _get_lc_numeric                           - Undefined Weak Reference
    _get_lc_time                              - Undefined Weak Reference
    _getenv_init                              - Undefined Weak Reference
    _handle_redirection                       - Undefined Weak Reference
    _init_alloc                               - Undefined Weak Reference
    _init_user_alloc                          - Undefined Weak Reference
    _initio                                   - Undefined Weak Reference
    _rand_init                                - Undefined Weak Reference
    _signal_finish                            - Undefined Weak Reference
    _signal_init                              - Undefined Weak Reference
    _terminate_alloc                          - Undefined Weak Reference
    _terminate_user_alloc                     - Undefined Weak Reference
    _terminateio                              - Undefined Weak Reference
    __Vectors_End                            0x0000026c   Data           0  startup_tm4c123.o(RESET)
    __Vectors_Size                           0x0000026c   Number         0  startup_tm4c123.o ABSOLUTE
    __main                                   0x0000026d   Thumb Code     8  __main.o(!!!main)
    __scatterload                            0x00000275   Thumb Code     0  __scatter.o(!!!scatter)
    __scatterload_rt2                        0x00000275   Thumb Code    44  __scatter.o(!!!scatter)
    __scatterload_rt2_thumb_only             0x00000275   Thumb Code     0  __scatter.o(!!!scatter)
    __scatterload_null                       0x00000283   Thumb Code     0  __scatter.o(!!!scatter)
    __decompress                             0x000002a9   Thumb Code    90  __dczerorl2.o(!!dczerorl2)
    __decompress1                            0x000002a9   Thumb Code     0  __dczerorl2.o(!!dczerorl2)
    __scatterload_zeroinit                   0x00000305   Thumb Code    28  __scatter_zi.o(!!handler_zi)
    __rt_lib_init                            0x00000321   Thumb Code     0  libinit.o(.ARM.Collect$$libinit$$00000000)
    __rt_lib_init_fp_1                       0x00000323   Thumb Code     0  libinit2.o(.ARM.Collect$$libinit$$00000001)
    __rt_lib_init_alloca_1                   0x00000327   Thumb Code     0  libinit2.o(.ARM.Collect$$libinit$$0000002C)
    __rt_lib_init_argv_1                     0x00000327   Thumb Code     0  libinit2.o(.ARM.Collect$$libinit$$0000002A)
    __rt_lib_init_atexit_1                   0x00000327   Thumb Code     0  libinit2.o(.ARM.Collect$$libinit$$00000019)
    __rt_lib_init_clock_1                    0x00000327   Thumb Code     0  libinit2.o(.ARM.Collect$$libinit$$0000001F)
    __rt_lib_init_cpp_1                      0x00000327   Thumb Code     0  libinit2.o(.ARM.Collect$$libinit$$00000030)
    __rt_lib_init_exceptions_1               0x00000327   Thumb Code     0  libinit2.o(.ARM.Collect$$libinit$$0000002E)
    __rt_lib_init_fp_trap_1                  0x00000327   Thumb Code     0  libinit2.o(.ARM.Collect$$libinit$$0000001D)
    __rt_lib_init_getenv_1                   0x00000327   Thumb Code     0  libinit2.o(.ARM.Collect$$libinit$$00000021)
    __rt_lib_init_heap_1                     0x00000327   Thumb Code     0  libinit2.o(.ARM.Collect$$libinit$$00000008)
    __rt_lib_init_lc_collate_1               0x00000327   Thumb Code     0  libinit2.o(.ARM.Collect$$libinit$$0000000F)
    __rt_lib_init_lc_ctype_1                 0x00000327   Thumb Code     0  libinit2.o(.ARM.Collect$$libinit$$00000011)
    __rt_lib_init_lc_monetary_1              0x00000327   Thumb Code     0  libinit2.o(.ARM.Collect$$libinit$$00000013)
    __rt_lib_init_lc_numeric_1               0x00000327   Thumb Code     0  libinit2.o(.ARM.Collect$$libinit$$00000015)
    __rt_lib_init_lc_time_1                  0x00000327   Thumb Code     0  libinit2.o(.ARM.Collect$$libinit$$00000017)
    __rt_lib_init_rand_1                     0x00000327   Thumb Code     0  libinit2.o(.ARM.Collect$$libinit$$0000000C)
    __rt_lib_init_return                     0x00000327   Thumb Code     0  libinit2.o(.ARM.Collect$$libinit$$00000031)
    __rt_lib_init_signal_1                   0x00000327   Thumb Code     0  libinit2.o(.ARM.Collect$$libinit$$0000001B)
    __rt_lib_init_stdio_1                    0x00000327   Thumb Code     0  libinit2.o(.ARM.Collect$$libinit$$00000023)
    __rt_lib_init_user_alloc_1               0x00000327   Thumb Code     0  libinit2.o(.ARM.Collect$$libinit$$0000000A)
    __rt_lib_shutdown                        0x00000329   Thumb Code     0  libshutdown.o(.ARM.Collect$$libshutdown$$00000000)
    __rt_lib_shutdown_fp_trap_1              0x0000032b   Thumb Code     0  libshutdown2.o(.ARM.Collect$$libshutdown$$00000006)
    __rt_lib_shutdown_heap_1                 0x0000032b   Thumb Code     0  libshutdown2.o(.ARM.Collect$$libshutdown$$0000000E)
    __rt_lib_shutdown_return                 0x0000032b   Thumb Code     0  libshutdown2.o(.ARM.Collect$$libshutdown$$0000000F)
    __rt_lib_shutdown_signal_1               0x0000032b   Thumb Code     0  libshutdown2.o(.ARM.Collect$$libshutdown$$00000009)
    __rt_lib_shutdown_stdio_1                0x0000032b   Thumb Code     0  libshutdown2.o(.ARM.Collect$$libshutdown$$00000003)
    __rt_lib_shutdown_user_alloc_1           0x0000032b   Thumb Code     0  libshutdown2.o(.ARM.Collect$$libshutdown$$0000000B)
    __rt_entry                               0x0000032d   Thumb Code     0  rtentry.o(.ARM.Collect$$rtentry$$00000000)
    __rt_entry_presh_1                       0x0000032d   Thumb Code     0  rtentry2.o(.ARM.Collect$$rtentry$$00000002)
    __rt_entry_sh                            0x0000032d   Thumb Code     0  rtentry4.o(.ARM.Collect$$rtentry$$00000004)
    __rt_entry_li                            0x00000333   Thumb Code     0  rtentry2.o(.ARM.Collect$$rtentry$$0000000A)
    __rt_entry_postsh_1                      0x00000333   Thumb Code     0  rtentry2.o(.ARM.Collect$$rtentry$$00000009)
    __rt_entry_main                          0x00000337   Thumb Code     0  rtentry2.o(.ARM.Collect$$rtentry$$0000000D)
    __rt_entry_postli_1                      0x00000337   Thumb Code     0  rtentry2.o(.ARM.Collect$$rtentry$$0000000C)
    __rt_exit                                0x0000033f   Thumb Code     0  rtexit.o(.ARM.Collect$$rtexit$$00000000)
    __rt_exit_ls                             0x00000341   Thumb Code     0  rtexit2.o(.ARM.Collect$$rtexit$$00000003)
    __rt_exit_prels_1                        0x00000341   Thumb Code     0  rtexit2.o(.ARM.Collect$$rtexit$$00000002)
    __rt_exit_exit                           0x00000345   Thumb Code     0  rtexit2.o(.ARM.Collect$$rtexit$$00000004)
    Data                                     0x0000034d   Thumb Code  1632  main.o(.text)
    main                                     0x000009ad   Thumb Code    12  main.o(.text)
    SystemInit                               0x000009b9   Thumb Code    14  main.o(.text)
    PWMA_Init                                0x00000a15   Thumb Code   314  motorinit.o(.text)
    PWMB_Init                                0x00000b4f   Thumb Code   230  motorinit.o(.text)
    PWMC_Init                                0x00000c35   Thumb Code   172  motorinit.o(.text)
    PWMD_Init                                0x00000ce1   Thumb Code   150  motorinit.o(.text)
    PWME_Init                                0x00000d77   Thumb Code   436  motorinit.o(.text)
    ADCB_Init                                0x00000f2b   Thumb Code   130  motorinit.o(.text)
    ADCC_Init                                0x00000fad   Thumb Code   172  motorinit.o(.text)
    ADCD_Init                                0x00001059   Thumb Code    42  motorinit.o(.text)
    ADCE_Init                                0x00001083   Thumb Code   148  motorinit.o(.text)
    PortF_Init                               0x00001117   Thumb Code   218  motorinit.o(.text)
    SysTick_Init                             0x000011f1   Thumb Code    28  motorinit.o(.text)
    digitalWrite                             0x0000120d   Thumb Code   818  motorinit.o(.text)
    TIVA1                                    0x0000153f   Thumb Code   122  motorinit.o(.text)
    init_adc_8pins                           0x000015b9   Thumb Code   152  motorinit.o(.text)
    TIVA2                                    0x00001651   Thumb Code    88  motorinit.o(.text)
    init_adc_3pins                           0x000016a9   Thumb Code    62  motorinit.o(.text)
    init_adc_2pins                           0x000016e7   Thumb Code    72  motorinit.o(.text)
    Delay1ms                                 0x0000172f   Thumb Code    22  motorinit.o(.text)
    delayUs                                  0x00001745   Thumb Code    22  motorinit.o(.text)
    analogWrite                              0x0000175b   Thumb Code   442  motorinit.o(.text)
    MotorStop                                0x00001915   Thumb Code   204  motorinit.o(.text)
    digitalRead                              0x000019e1   Thumb Code    38  motorinit.o(.text)
    GPIOA_Handler                            0x00001a39   Thumb Code   136  encoders.o(.text)
    SysTick_Handler                          0x00001ac1   Thumb Code   422  encoders.o(.text)
    singlePoleFilter                         0x00001c67   Thumb Code   144  encoders.o(.text)
    Hex2Dec                                  0x00001cf7   Thumb Code   224  encoders.o(.text)
    map                                      0x00001e51   Thumb Code    22  pid.o(.text)
    PID_ML1_RPM                              0x00001e67   Thumb Code   272  pid.o(.text)
    PID_ML1_REV                              0x00001f77   Thumb Code   286  pid.o(.text)
    PID_ML2_RPM                              0x00002095   Thumb Code   272  pid.o(.text)
    PID_ML2_REV                              0x000021a5   Thumb Code   380  pid.o(.text)
    PID_ML3_RPM                              0x00002321   Thumb Code   300  pid.o(.text)
    PID_ML3_REV                              0x0000244d   Thumb Code   314  pid.o(.text)
    PID_MServe_RPM                           0x00002587   Thumb Code   386  pid.o(.text)
    Reset_Handler                            0x00002709   Thumb Code     8  startup_tm4c123.o(.text)
    NMI_Handler                              0x00002711   Thumb Code     2  startup_tm4c123.o(.text)
    HardFault_Handler                        0x00002713   Thumb Code     2  startup_tm4c123.o(.text)
    MemManage_Handler                        0x00002715   Thumb Code     2  startup_tm4c123.o(.text)
    BusFault_Handler                         0x00002717   Thumb Code     2  startup_tm4c123.o(.text)
    UsageFault_Handler                       0x00002719   Thumb Code     2  startup_tm4c123.o(.text)
    SVC_Handler                              0x0000271b   Thumb Code     2  startup_tm4c123.o(.text)
    DebugMon_Handler                         0x0000271d   Thumb Code     2  startup_tm4c123.o(.text)
    PendSV_Handler                           0x0000271f   Thumb Code     2  startup_tm4c123.o(.text)
    GPIOB_Handler                            0x00002725   Thumb Code     2  startup_tm4c123.o(.text)
    GPIOC_Handler                            0x00002727   Thumb Code     2  startup_tm4c123.o(.text)
    GPIOD_Handler                            0x00002729   Thumb Code     2  startup_tm4c123.o(.text)
    GPIOE_Handler                            0x0000272b   Thumb Code     2  startup_tm4c123.o(.text)
    UART0_Handler                            0x0000272d   Thumb Code     2  startup_tm4c123.o(.text)
    UART1_Handler                            0x0000272f   Thumb Code     2  startup_tm4c123.o(.text)
    SSI0_Handler                             0x00002731   Thumb Code     2  startup_tm4c123.o(.text)
    I2C0_Handler                             0x00002733   Thumb Code     2  startup_tm4c123.o(.text)
    PMW0_FAULT_Handler                       0x00002735   Thumb Code     2  startup_tm4c123.o(.text)
    PWM0_0_Handler                           0x00002737   Thumb Code     2  startup_tm4c123.o(.text)
    PWM0_1_Handler                           0x00002739   Thumb Code     2  startup_tm4c123.o(.text)
    PWM0_2_Handler                           0x0000273b   Thumb Code     2  startup_tm4c123.o(.text)
    QEI0_Handler                             0x0000273d   Thumb Code     2  startup_tm4c123.o(.text)
    ADC0SS0_Handler                          0x0000273f   Thumb Code     2  startup_tm4c123.o(.text)
    ADC0SS1_Handler                          0x00002741   Thumb Code     2  startup_tm4c123.o(.text)
    ADC0SS2_Handler                          0x00002743   Thumb Code     2  startup_tm4c123.o(.text)
    ADC0SS3_Handler                          0x00002745   Thumb Code     2  startup_tm4c123.o(.text)
    WDT0_Handler                             0x00002747   Thumb Code     2  startup_tm4c123.o(.text)
    TIMER0A_Handler                          0x00002749   Thumb Code     2  startup_tm4c123.o(.text)
    TIMER0B_Handler                          0x0000274b   Thumb Code     2  startup_tm4c123.o(.text)
    TIMER1A_Handler                          0x0000274d   Thumb Code     2  startup_tm4c123.o(.text)
    TIMER1B_Handler                          0x0000274f   Thumb Code     2  startup_tm4c123.o(.text)
    TIMER2A_Handler                          0x00002751   Thumb Code     2  startup_tm4c123.o(.text)
    TIMER2B_Handler                          0x00002753   Thumb Code     2  startup_tm4c123.o(.text)
    COMP0_Handler                            0x00002755   Thumb Code     2  startup_tm4c123.o(.text)
    COMP1_Handler                            0x00002757   Thumb Code     2  startup_tm4c123.o(.text)
    COMP2_Handler                            0x00002759   Thumb Code     2  startup_tm4c123.o(.text)
    SYSCTL_Handler                           0x0000275b   Thumb Code     2  startup_tm4c123.o(.text)
    FLASH_Handler                            0x0000275d   Thumb Code     2  startup_tm4c123.o(.text)
    GPIOF_Handler                            0x0000275f   Thumb Code     2  startup_tm4c123.o(.text)
    GPIOG_Handler                            0x00002761   Thumb Code     2  startup_tm4c123.o(.text)
    GPIOH_Handler                            0x00002763   Thumb Code     2  startup_tm4c123.o(.text)
    UART2_Handler                            0x00002765   Thumb Code     2  startup_tm4c123.o(.text)
    SSI1_Handler                             0x00002767   Thumb Code     2  startup_tm4c123.o(.text)
    TIMER3A_Handler                          0x00002769   Thumb Code     2  startup_tm4c123.o(.text)
    TIMER3B_Handler                          0x0000276b   Thumb Code     2  startup_tm4c123.o(.text)
    I2C1_Handler                             0x0000276d   Thumb Code     2  startup_tm4c123.o(.text)
    QEI1_Handler                             0x0000276f   Thumb Code     2  startup_tm4c123.o(.text)
    CAN0_Handler                             0x00002771   Thumb Code     2  startup_tm4c123.o(.text)
    CAN1_Handler                             0x00002773   Thumb Code     2  startup_tm4c123.o(.text)
    CAN2_Handler                             0x00002775   Thumb Code     2  startup_tm4c123.o(.text)
    HIB_Handler                              0x00002777   Thumb Code     2  startup_tm4c123.o(.text)
    USB0_Handler                             0x00002779   Thumb Code     2  startup_tm4c123.o(.text)
    PWM0_3_Handler                           0x0000277b   Thumb Code     2  startup_tm4c123.o(.text)
    UDMA_Handler                             0x0000277d   Thumb Code     2  startup_tm4c123.o(.text)
    UDMAERR_Handler                          0x0000277f   Thumb Code     2  startup_tm4c123.o(.text)
    ADC1SS0_Handler                          0x00002781   Thumb Code     2  startup_tm4c123.o(.text)
    ADC1SS1_Handler                          0x00002783   Thumb Code     2  startup_tm4c123.o(.text)
    ADC1SS2_Handler                          0x00002785   Thumb Code     2  startup_tm4c123.o(.text)
    ADC1SS3_Handler                          0x00002787   Thumb Code     2  startup_tm4c123.o(.text)
    GPIOJ_Handler                            0x00002789   Thumb Code     2  startup_tm4c123.o(.text)
    GPIOK_Handler                            0x0000278b   Thumb Code     2  startup_tm4c123.o(.text)
    GPIOL_Handler                            0x0000278d   Thumb Code     2  startup_tm4c123.o(.text)
    SSI2_Handler                             0x0000278f   Thumb Code     2  startup_tm4c123.o(.text)
    SSI3_Handler                             0x00002791   Thumb Code     2  startup_tm4c123.o(.text)
    UART3_Handler                            0x00002793   Thumb Code     2  startup_tm4c123.o(.text)
    UART4_Handler                            0x00002795   Thumb Code     2  startup_tm4c123.o(.text)
    UART5_Handler                            0x00002797   Thumb Code     2  startup_tm4c123.o(.text)
    UART6_Handler                            0x00002799   Thumb Code     2  startup_tm4c123.o(.text)
    UART7_Handler                            0x0000279b   Thumb Code     2  startup_tm4c123.o(.text)
    I2C2_Handler                             0x0000279d   Thumb Code     2  startup_tm4c123.o(.text)
    I2C3_Handler                             0x0000279f   Thumb Code     2  startup_tm4c123.o(.text)
    TIMER4A_Handler                          0x000027a1   Thumb Code     2  startup_tm4c123.o(.text)
    TIMER4B_Handler                          0x000027a3   Thumb Code     2  startup_tm4c123.o(.text)
    TIMER5A_Handler                          0x000027a5   Thumb Code     2  startup_tm4c123.o(.text)
    TIMER5B_Handler                          0x000027a7   Thumb Code     2  startup_tm4c123.o(.text)
    WTIMER0A_Handler                         0x000027a9   Thumb Code     2  startup_tm4c123.o(.text)
    WTIMER0B_Handler                         0x000027ab   Thumb Code     2  startup_tm4c123.o(.text)
    WTIMER1A_Handler                         0x000027ad   Thumb Code     2  startup_tm4c123.o(.text)
    WTIMER1B_Handler                         0x000027af   Thumb Code     2  startup_tm4c123.o(.text)
    WTIMER2A_Handler                         0x000027b1   Thumb Code     2  startup_tm4c123.o(.text)
    WTIMER2B_Handler                         0x000027b3   Thumb Code     2  startup_tm4c123.o(.text)
    WTIMER3A_Handler                         0x000027b5   Thumb Code     2  startup_tm4c123.o(.text)
    WTIMER3B_Handler                         0x000027b7   Thumb Code     2  startup_tm4c123.o(.text)
    WTIMER4A_Handler                         0x000027b9   Thumb Code     2  startup_tm4c123.o(.text)
    WTIMER4B_Handler                         0x000027bb   Thumb Code     2  startup_tm4c123.o(.text)
    WTIMER5A_Handler                         0x000027bd   Thumb Code     2  startup_tm4c123.o(.text)
    WTIMER5B_Handler                         0x000027bf   Thumb Code     2  startup_tm4c123.o(.text)
    FPU_Handler                              0x000027c1   Thumb Code     2  startup_tm4c123.o(.text)
    I2C4_Handler                             0x000027c3   Thumb Code     2  startup_tm4c123.o(.text)
    I2C5_Handler                             0x000027c5   Thumb Code     2  startup_tm4c123.o(.text)
    GPIOM_Handler                            0x000027c7   Thumb Code     2  startup_tm4c123.o(.text)
    GPION_Handler                            0x000027c9   Thumb Code     2  startup_tm4c123.o(.text)
    QEI2_Handler                             0x000027cb   Thumb Code     2  startup_tm4c123.o(.text)
    GPIOP0_Handler                           0x000027cd   Thumb Code     2  startup_tm4c123.o(.text)
    GPIOP1_Handler                           0x000027cf   Thumb Code     2  startup_tm4c123.o(.text)
    GPIOP2_Handler                           0x000027d1   Thumb Code     2  startup_tm4c123.o(.text)
    GPIOP3_Handler                           0x000027d3   Thumb Code     2  startup_tm4c123.o(.text)
    GPIOP4_Handler                           0x000027d5   Thumb Code     2  startup_tm4c123.o(.text)
    GPIOP5_Handler                           0x000027d7   Thumb Code     2  startup_tm4c123.o(.text)
    GPIOP6_Handler                           0x000027d9   Thumb Code     2  startup_tm4c123.o(.text)
    GPIOP7_Handler                           0x000027db   Thumb Code     2  startup_tm4c123.o(.text)
    GPIOQ0_Handler                           0x000027dd   Thumb Code     2  startup_tm4c123.o(.text)
    GPIOQ1_Handler                           0x000027df   Thumb Code     2  startup_tm4c123.o(.text)
    GPIOQ2_Handler                           0x000027e1   Thumb Code     2  startup_tm4c123.o(.text)
    GPIOQ3_Handler                           0x000027e3   Thumb Code     2  startup_tm4c123.o(.text)
    GPIOQ4_Handler                           0x000027e5   Thumb Code     2  startup_tm4c123.o(.text)
    GPIOQ5_Handler                           0x000027e7   Thumb Code     2  startup_tm4c123.o(.text)
    GPIOQ6_Handler                           0x000027e9   Thumb Code     2  startup_tm4c123.o(.text)
    GPIOQ7_Handler                           0x000027eb   Thumb Code     2  startup_tm4c123.o(.text)
    GPIOR_Handler                            0x000027ed   Thumb Code     2  startup_tm4c123.o(.text)
    GPIOS_Handler                            0x000027ef   Thumb Code     2  startup_tm4c123.o(.text)
    PMW1_0_Handler                           0x000027f1   Thumb Code     2  startup_tm4c123.o(.text)
    PWM1_1_Handler                           0x000027f3   Thumb Code     2  startup_tm4c123.o(.text)
    PWM1_2_Handler                           0x000027f5   Thumb Code     2  startup_tm4c123.o(.text)
    PWM1_3_Handler                           0x000027f7   Thumb Code     2  startup_tm4c123.o(.text)
    PWM1_FAULT_Handler                       0x000027f9   Thumb Code     2  startup_tm4c123.o(.text)
    __user_initial_stackheap                 0x000027fd   Thumb Code     0  startup_tm4c123.o(.text)
    Stop                                     0x0000281d   Thumb Code    68  motion.o(.text)
    Forward                                  0x00002861   Thumb Code    84  motion.o(.text)
    Reverse                                  0x000028b5   Thumb Code    84  motion.o(.text)
    Left                                     0x00002909   Thumb Code    84  motion.o(.text)
    Right                                    0x0000295d   Thumb Code    84  motion.o(.text)
    UpRight                                  0x000029b1   Thumb Code    76  motion.o(.text)
    UpLeft                                   0x000029fd   Thumb Code    76  motion.o(.text)
    DownRight                                0x00002a49   Thumb Code    76  motion.o(.text)
    DownLeft                                 0x00002a95   Thumb Code    76  motion.o(.text)
    ClockWise                                0x00002ae1   Thumb Code    84  motion.o(.text)
    CounterClockWise                         0x00002b35   Thumb Code    84  motion.o(.text)
    lifter1up                                0x00002b89   Thumb Code    24  motion.o(.text)
    lifter1down                              0x00002ba1   Thumb Code    24  motion.o(.text)
    lifter2up                                0x00002bb9   Thumb Code    24  motion.o(.text)
    lifter2down                              0x00002bd1   Thumb Code    24  motion.o(.text)
    lifter12up                               0x00002be9   Thumb Code    88  motion.o(.text)
    lifter12down                             0x00002c41   Thumb Code    44  motion.o(.text)
    lifter3up                                0x00002c6d   Thumb Code    24  motion.o(.text)
    lifter3down                              0x00002c85   Thumb Code    24  motion.o(.text)
    liftersup                                0x00002c9d   Thumb Code    64  motion.o(.text)
    liftersdown                              0x00002cdd   Thumb Code    64  motion.o(.text)
    liftersStop                              0x00002d1d   Thumb Code    52  motion.o(.text)
    serve                                    0x00002d51   Thumb Code    24  motion.o(.text)
    servestop                                0x00002d69   Thumb Code    10  motion.o(.text)
    SSIConfigSetExpClk                       0x00002db9   Thumb Code    86  ssi.o(.text)
    SSIEnable                                0x00002e0f   Thumb Code    10  ssi.o(.text)
    SSIDisable                               0x00002e19   Thumb Code    10  ssi.o(.text)
    SSIIntRegister                           0x00002e23   Thumb Code    16  ssi.o(.text)
    SSIIntUnregister                         0x00002e33   Thumb Code    14  ssi.o(.text)
    SSIIntEnable                             0x00002e41   Thumb Code     8  ssi.o(.text)
    SSIIntDisable                            0x00002e49   Thumb Code     8  ssi.o(.text)
    SSIIntStatus                             0x00002e51   Thumb Code    12  ssi.o(.text)
    SSIIntClear                              0x00002e5d   Thumb Code     4  ssi.o(.text)
    SSIDataPut                               0x00002e61   Thumb Code    14  ssi.o(.text)
    SSIDataPutNonBlocking                    0x00002e6f   Thumb Code    20  ssi.o(.text)
    SSIDataGet                               0x00002e83   Thumb Code    16  ssi.o(.text)
    SSIDataGetNonBlocking                    0x00002e93   Thumb Code    22  ssi.o(.text)
    SSIDMAEnable                             0x00002ea9   Thumb Code     8  ssi.o(.text)
    SSIDMADisable                            0x00002eb1   Thumb Code     8  ssi.o(.text)
    SSIBusy                                  0x00002eb9   Thumb Code    10  ssi.o(.text)
    SSIClockSourceSet                        0x00002ec3   Thumb Code     8  ssi.o(.text)
    SSIClockSourceGet                        0x00002ecb   Thumb Code    10  ssi.o(.text)
    SSIAdvModeSet                            0x00002ed5   Thumb Code    12  ssi.o(.text)
    SSIAdvDataPutFrameEnd                    0x00002ee1   Thumb Code    22  ssi.o(.text)
    SSIAdvDataPutFrameEndNonBlocking         0x00002ef7   Thumb Code    28  ssi.o(.text)
    SSIAdvFrameHoldEnable                    0x00002f13   Thumb Code    10  ssi.o(.text)
    SSIAdvFrameHoldDisable                   0x00002f1d   Thumb Code    10  ssi.o(.text)
    ReadData                                 0x00002f3d   Thumb Code   336  spi.o(.text)
    data_get_ss1                             0x00003099   Thumb Code    52  adc.o(.text)
    data_get_ss0                             0x000030cd   Thumb Code    52  adc.o(.text)
    calibration                              0x00003101   Thumb Code   164  adc.o(.text)
    digital_reads                            0x000031a5   Thumb Code   306  adc.o(.text)
    line                                     0x000032d7   Thumb Code  2390  adc.o(.text)
    VerticalLines                            0x00003c2d   Thumb Code    86  adc.o(.text)
    Serve                                    0x00003cb5   Thumb Code   208  serve.o(.text)
    Pole                                     0x00003d95   Thumb Code   122  poles.o(.text)
    Pole1                                    0x00003e0f   Thumb Code   348  poles.o(.text)
    Pole2                                    0x00003f6b   Thumb Code   348  poles.o(.text)
    Pole3                                    0x000040c7   Thumb Code   398  poles.o(.text)
    Pole4                                    0x00004255   Thumb Code   348  poles.o(.text)
    Pole5                                    0x000043b1   Thumb Code   348  poles.o(.text)
    strlen                                   0x0000453d   Thumb Code    62  strlen.o(.text)
    __use_two_region_memory                  0x0000457b   Thumb Code     2  heapauxi.o(.text)
    __rt_heap_escrow$2region                 0x0000457d   Thumb Code     2  heapauxi.o(.text)
    __rt_heap_expand$2region                 0x0000457f   Thumb Code     2  heapauxi.o(.text)
    __read_errno                             0x00004581   Thumb Code    10  _rserrno.o(.text)
    __set_errno                              0x0000458b   Thumb Code    12  _rserrno.o(.text)
    __aeabi_errno_addr                       0x00004599   Thumb Code     8  rt_errno_addr_intlibspace.o(.text)
    __errno$intlibspace                      0x00004599   Thumb Code     0  rt_errno_addr_intlibspace.o(.text)
    __rt_errno_addr$intlibspace              0x00004599   Thumb Code     0  rt_errno_addr_intlibspace.o(.text)
    __user_libspace                          0x000045a1   Thumb Code     8  libspace.o(.text)
    __user_perproc_libspace                  0x000045a1   Thumb Code     0  libspace.o(.text)
    __user_perthread_libspace                0x000045a1   Thumb Code     0  libspace.o(.text)
    __user_setup_stackheap                   0x000045a9   Thumb Code    74  sys_stackheap_outer.o(.text)
    exit                                     0x000045f3   Thumb Code    12  exit.o(.text)
    _sys_exit                                0x00004601   Thumb Code     8  sys_exit.o(.text)
    __I$use$semihosting                      0x0000460d   Thumb Code     0  use_no_semi.o(.text)
    __use_no_semihosting_swi                 0x0000460d   Thumb Code     2  use_no_semi.o(.text)
    __ARM_fpclassify                         0x0000460f   Thumb Code    48  fpclassify.o(i.__ARM_fpclassify)
    __semihosting_library_function           0x0000460f   Thumb Code     0  indicate_semi.o(.text)
    __hardfp_pow                             0x00004641   Thumb Code  3132  pow.o(i.__hardfp_pow)
    __kernel_poly                            0x000052d1   Thumb Code   248  poly.o(i.__kernel_poly)
    __mathlib_dbl_underflow                  0x000053c9   Thumb Code    24  dunder.o(i.__mathlib_dbl_underflow)
    fabs                                     0x000053e9   Thumb Code    32  fabs.o(i.fabs)
    sqrt                                     0x00005409   Thumb Code   110  sqrt.o(i.sqrt)
    __aeabi_dneg                             0x00005477   Thumb Code     0  basic.o(x$fpl$basic)
    _dneg                                    0x00005477   Thumb Code     6  basic.o(x$fpl$basic)
    __aeabi_fneg                             0x0000547d   Thumb Code     0  basic.o(x$fpl$basic)
    _fneg                                    0x0000547d   Thumb Code     6  basic.o(x$fpl$basic)
    _dabs                                    0x00005483   Thumb Code     6  basic.o(x$fpl$basic)
    _fabs                                    0x00005489   Thumb Code     6  basic.o(x$fpl$basic)
    __aeabi_d2f                              0x00005491   Thumb Code     0  d2f.o(x$fpl$d2f)
    _d2f                                     0x00005491   Thumb Code    98  d2f.o(x$fpl$d2f)
    __aeabi_dadd                             0x000054f5   Thumb Code     0  daddsub_clz.o(x$fpl$dadd)
    _dadd                                    0x000054f5   Thumb Code   332  daddsub_clz.o(x$fpl$dadd)
    __fpl_dcheck_NaN1                        0x00005645   Thumb Code    10  dcheck1.o(x$fpl$dcheck1)
    __fpl_dcmp_Inf                           0x00005655   Thumb Code    24  dcmpi.o(x$fpl$dcmpinf)
    __aeabi_ddiv                             0x0000566d   Thumb Code     0  ddiv.o(x$fpl$ddiv)
    _ddiv                                    0x0000566d   Thumb Code   552  ddiv.o(x$fpl$ddiv)
    __aeabi_d2uiz                            0x0000591d   Thumb Code     0  dfixu.o(x$fpl$dfixu)
    _dfixu                                   0x0000591d   Thumb Code    90  dfixu.o(x$fpl$dfixu)
    __aeabi_i2d                              0x00005977   Thumb Code     0  dflt_clz.o(x$fpl$dflt)
    _dflt                                    0x00005977   Thumb Code    46  dflt_clz.o(x$fpl$dflt)
    __aeabi_l2d                              0x000059a5   Thumb Code     0  dfltll_clz.o(x$fpl$dfltll)
    _ll_sto_d                                0x000059a5   Thumb Code   162  dfltll_clz.o(x$fpl$dfltll)
    __aeabi_ui2d                             0x00005a47   Thumb Code     0  dflt_clz.o(x$fpl$dfltu)
    _dfltu                                   0x00005a47   Thumb Code    38  dflt_clz.o(x$fpl$dfltu)
    __aeabi_cdcmple                          0x00005a6d   Thumb Code     0  dleqf.o(x$fpl$dleqf)
    _dcmple                                  0x00005a6d   Thumb Code   120  dleqf.o(x$fpl$dleqf)
    __fpl_dcmple_InfNaN                      0x00005acf   Thumb Code     0  dleqf.o(x$fpl$dleqf)
    __aeabi_dmul                             0x00005ae5   Thumb Code     0  dmul.o(x$fpl$dmul)
    _dmul                                    0x00005ae5   Thumb Code   332  dmul.o(x$fpl$dmul)
    __fpl_dnaninf                            0x00005c39   Thumb Code   156  dnaninf.o(x$fpl$dnaninf)
    __fpl_dretinf                            0x00005cd5   Thumb Code    12  dretinf.o(x$fpl$dretinf)
    __aeabi_cdrcmple                         0x00005ce1   Thumb Code     0  drleqf.o(x$fpl$drleqf)
    _drcmple                                 0x00005ce1   Thumb Code   108  drleqf.o(x$fpl$drleqf)
    __aeabi_drsub                            0x00005d4d   Thumb Code     0  daddsub_clz.o(x$fpl$drsb)
    _drsb                                    0x00005d4d   Thumb Code    22  daddsub_clz.o(x$fpl$drsb)
    _dsqrt                                   0x00005d65   Thumb Code   404  dsqrt_umaal.o(x$fpl$dsqrt)
    __aeabi_dsub                             0x00005efd   Thumb Code     0  daddsub_clz.o(x$fpl$dsub)
    _dsub                                    0x00005efd   Thumb Code   464  daddsub_clz.o(x$fpl$dsub)
    _fp_init                                 0x000060d1   Thumb Code    10  fpinit.o(x$fpl$fpinit)
    __fplib_config_fpu_vfp                   0x000060d9   Thumb Code     0  fpinit.o(x$fpl$fpinit)
    __fplib_config_pureend_doubles           0x000060d9   Thumb Code     0  fpinit.o(x$fpl$fpinit)
    __fpl_fretinf                            0x000060db   Thumb Code    10  fretinf.o(x$fpl$fretinf)
    __aeabi_d2lz                             0x000060e5   Thumb Code     0  dfixll.o(x$fpl$llsfromd)
    _ll_sfrom_d                              0x000060e5   Thumb Code   194  dfixll.o(x$fpl$llsfromd)
    __fpl_return_NaN                         0x000061a7   Thumb Code   100  retnan.o(x$fpl$retnan)
    __ARM_scalbn                             0x0000620b   Thumb Code    92  scalbn.o(x$fpl$scalbn)
    __fpl_cmpreturn                          0x00006267   Thumb Code    48  trapv.o(x$fpl$trapveneer)
    __I$use$fp                               0x00006296   Number         0  usenofp.o(x$fpl$usenofp)
    __mathlib_zero                           0x00006360   Data           8  qnan.o(.constdata)
    Region$$Table$$Base                      0x00006368   Number         0  anon$$obj.o(Region$$Table)
    Region$$Table$$Limit                     0x00006388   Number         0  anon$$obj.o(Region$$Table)
    i                                        0x20000000   Data           4  main.o(.data)
    a                                        0x20000004   Data           4  main.o(.data)
    servepwm                                 0x20000008   Data           4  main.o(.data)
    HIGH                                     0x2000000c   Data           1  motorinit.o(.data)
    LOW                                      0x2000000d   Data           1  motorinit.o(.data)
    Q                                        0x20000010   Data           4  encoders.o(.data)
    W                                        0x20000014   Data           4  encoders.o(.data)
    T                                        0x20000018   Data           4  encoders.o(.data)
    Mlifter1counter                          0x2000001c   Data           4  encoders.o(.data)
    Mlifter2counter                          0x20000020   Data           4  encoders.o(.data)
    Mlifter3counter                          0x20000024   Data           4  encoders.o(.data)
    MServecounter                            0x20000028   Data           4  encoders.o(.data)
    RPM_ML1                                  0x2000002c   Data           4  encoders.o(.data)
    RPM_ML2                                  0x20000030   Data           4  encoders.o(.data)
    RPM_ML3                                  0x20000034   Data           4  encoders.o(.data)
    RPM_MServe                               0x20000038   Data           4  encoders.o(.data)
    prev1                                    0x2000003c   Data           4  encoders.o(.data)
    prev2                                    0x20000040   Data           4  encoders.o(.data)
    prev3                                    0x20000044   Data           4  encoders.o(.data)
    prevMServe                               0x20000048   Data           4  encoders.o(.data)
    counts1                                  0x2000004c   Data           4  encoders.o(.data)
    counts2                                  0x20000050   Data           4  encoders.o(.data)
    counts3                                  0x20000054   Data           4  encoders.o(.data)
    countsMServe                             0x20000058   Data           4  encoders.o(.data)
    prev_counts1                             0x2000005c   Data           4  encoders.o(.data)
    prev_counts2                             0x20000060   Data           4  encoders.o(.data)
    prev_counts3                             0x20000064   Data           4  encoders.o(.data)
    prev_MServe                              0x20000068   Data           4  encoders.o(.data)
    kp_ML1                                   0x2000006c   Data           4  pid.o(.data)
    ki_ML1                                   0x20000070   Data           4  pid.o(.data)
    kd_ML1                                   0x20000074   Data           4  pid.o(.data)
    error_ML1                                0x20000078   Data           4  pid.o(.data)
    P_ML1                                    0x2000007c   Data           4  pid.o(.data)
    I_ML1                                    0x20000080   Data           4  pid.o(.data)
    D_ML1                                    0x20000084   Data           4  pid.o(.data)
    PID_value_ML1                            0x20000088   Data           4  pid.o(.data)
    previous_error_ML1                       0x2000008c   Data           4  pid.o(.data)
    previous_I_ML1                           0x20000090   Data           4  pid.o(.data)
    REF_RPM_ML1                              0x20000094   Data           4  pid.o(.data)
    REF_REV_ML1                              0x20000098   Data           4  pid.o(.data)
    kp_ML2                                   0x2000009c   Data           4  pid.o(.data)
    ki_ML2                                   0x200000a0   Data           4  pid.o(.data)
    kd_ML2                                   0x200000a4   Data           4  pid.o(.data)
    error_ML2                                0x200000a8   Data           4  pid.o(.data)
    P_ML2                                    0x200000ac   Data           4  pid.o(.data)
    I_ML2                                    0x200000b0   Data           4  pid.o(.data)
    D_ML2                                    0x200000b4   Data           4  pid.o(.data)
    PID_value_ML2                            0x200000b8   Data           4  pid.o(.data)
    previous_error_ML2                       0x200000bc   Data           4  pid.o(.data)
    previous_I_ML2                           0x200000c0   Data           4  pid.o(.data)
    REF_RPM_ML2                              0x200000c4   Data           4  pid.o(.data)
    REF_REV_ML2                              0x200000c8   Data           4  pid.o(.data)
    kp_ML3                                   0x200000cc   Data           4  pid.o(.data)
    ki_ML3                                   0x200000d0   Data           4  pid.o(.data)
    kd_ML3                                   0x200000d4   Data           4  pid.o(.data)
    error_ML3                                0x200000d8   Data           4  pid.o(.data)
    P_ML3                                    0x200000dc   Data           4  pid.o(.data)
    I_ML3                                    0x200000e0   Data           4  pid.o(.data)
    D_ML3                                    0x200000e4   Data           4  pid.o(.data)
    PID_value_ML3                            0x200000e8   Data           4  pid.o(.data)
    previous_error_ML3                       0x200000ec   Data           4  pid.o(.data)
    previous_I_ML3                           0x200000f0   Data           4  pid.o(.data)
    REF_RPM_ML3                              0x200000f4   Data           4  pid.o(.data)
    REF_REV_ML3                              0x200000f8   Data           4  pid.o(.data)
    kp_MServe                                0x200000fc   Data           4  pid.o(.data)
    ki_MServe                                0x20000100   Data           4  pid.o(.data)
    kd_MServe                                0x20000104   Data           4  pid.o(.data)
    error_MServe                             0x20000108   Data           4  pid.o(.data)
    P_MServe                                 0x2000010c   Data           4  pid.o(.data)
    I_MServe                                 0x20000110   Data           4  pid.o(.data)
    D_MServe                                 0x20000114   Data           4  pid.o(.data)
    PID_value_MServe                         0x20000118   Data           4  pid.o(.data)
    previous_error_MServe                    0x2000011c   Data           4  pid.o(.data)
    previous_I_MServe                        0x20000120   Data           4  pid.o(.data)
    REF_RPM_MServe                           0x20000124   Data           4  pid.o(.data)
    REF_REV_MServe                           0x20000128   Data           4  pid.o(.data)
    FORWARD                                  0x2000012c   Data          16  motion.o(.data)
    REVERSE                                  0x2000013c   Data          16  motion.o(.data)
    LEFT                                     0x2000014c   Data          16  motion.o(.data)
    RIGHT                                    0x2000015c   Data          16  motion.o(.data)
    UPRIGHT                                  0x2000016c   Data          16  motion.o(.data)
    UPLEFT                                   0x2000017c   Data          16  motion.o(.data)
    DOWNRIGHT                                0x2000018c   Data          16  motion.o(.data)
    DOWNLEFT                                 0x2000019c   Data          16  motion.o(.data)
    CLOCKWISE                                0x200001ac   Data          16  motion.o(.data)
    COUNTERCLOCKWISE                         0x200001bc   Data          16  motion.o(.data)
    stop                                     0x200001cc   Data           1  spi.o(.data)
    F                                        0x200001cd   Data           1  spi.o(.data)
    Rev                                      0x200001ce   Data           1  spi.o(.data)
    L                                        0x200001cf   Data           1  spi.o(.data)
    R                                        0x200001d0   Data           1  spi.o(.data)
    UR                                       0x200001d1   Data           1  spi.o(.data)
    UL                                       0x200001d2   Data           1  spi.o(.data)
    DR                                       0x200001d3   Data           1  spi.o(.data)
    DL                                       0x200001d4   Data           1  spi.o(.data)
    CW                                       0x200001d5   Data           1  spi.o(.data)
    CCW                                      0x200001d6   Data           1  spi.o(.data)
    ServeStart                               0x200001d7   Data           1  spi.o(.data)
    ServeStop                                0x200001d8   Data           1  spi.o(.data)
    LIFT1_UP                                 0x200001d9   Data           1  spi.o(.data)
    LIFT1_DOWN                               0x200001da   Data           1  spi.o(.data)
    LIFT12_UP                                0x200001db   Data           1  spi.o(.data)
    LIFT12_DOWN                              0x200001dc   Data           1  spi.o(.data)
    LIFT3_UP                                 0x200001dd   Data           1  spi.o(.data)
    LIFT3_DOWN                               0x200001de   Data           1  spi.o(.data)
    LIFTall_UP                               0x200001df   Data           1  spi.o(.data)
    LIFTall_DOWN                             0x200001e0   Data           1  spi.o(.data)
    LIFT_STOP                                0x200001e1   Data           1  spi.o(.data)
    servepwm_UP                              0x200001e2   Data           1  spi.o(.data)
    servepwm_DOWN                            0x200001e3   Data           1  spi.o(.data)
    POLE3                                    0x200001e4   Data           1  spi.o(.data)
    POLE1                                    0x200001e5   Data           1  spi.o(.data)
    POLE2                                    0x200001e6   Data           1  spi.o(.data)
    POLE4                                    0x200001e7   Data           1  spi.o(.data)
    POLE5                                    0x200001e8   Data           1  spi.o(.data)
    VERTICAL_LINE                            0x200001e9   Data           1  spi.o(.data)
    LINE                                     0x200001ea   Data           1  spi.o(.data)
    R2                                       0x200001eb   Data           1  spi.o(.data)
    L2                                       0x200001ec   Data           1  spi.o(.data)
    UP                                       0x200001ed   Data           1  spi.o(.data)
    ui32Index                                0x200001f0   Data           4  spi.o(.data)
    pui32DataRx                              0x200001f4   Data           4  spi.o(.data)
    VL                                       0x200001f8   Data           4  adc.o(.data)
    ls1                                      0x200001fc   Data           4  adc.o(.data)
    ls2                                      0x20000200   Data           4  adc.o(.data)
    ls3                                      0x20000204   Data           4  adc.o(.data)
    ls4                                      0x20000208   Data           4  adc.o(.data)
    ls5                                      0x2000020c   Data           4  adc.o(.data)
    ls6                                      0x20000210   Data           4  adc.o(.data)
    ls7                                      0x20000214   Data           4  adc.o(.data)
    ls8                                      0x20000218   Data           4  adc.o(.data)
    sensor_lifter1                           0x2000021c   Data           4  adc.o(.data)
    sensor_lifter3                           0x20000220   Data           4  adc.o(.data)
    V_L                                      0x20000224   Data           8  adc.o(.data)
    V1                                       0x2000022c   Data           4  adc.o(.data)
    V2                                       0x20000230   Data           4  adc.o(.data)
    V3                                       0x20000234   Data           4  adc.o(.data)
    V4                                       0x20000238   Data           4  adc.o(.data)
    V5                                       0x2000023c   Data           4  adc.o(.data)
    V6                                       0x20000240   Data           4  adc.o(.data)
    V7                                       0x20000244   Data           4  adc.o(.data)
    V8                                       0x20000248   Data           4  adc.o(.data)
    desired_pos1                             0x2000024c   Data           4  poles.o(.data)
    desired_pos2                             0x20000250   Data           4  poles.o(.data)
    desired_pos3                             0x20000254   Data           4  poles.o(.data)
    current_pos1                             0x20000258   Data           4  poles.o(.data)
    current_pos2                             0x2000025c   Data           4  poles.o(.data)
    current_pos3                             0x20000260   Data           4  poles.o(.data)
    pos1                                     0x20000264   Data           4  poles.o(.data)
    pos2                                     0x20000268   Data           4  poles.o(.data)
    pos3                                     0x2000026c   Data           4  poles.o(.data)
    ADC0Value                                0x20000270   Data          32  adc.o(.bss)
    IR                                       0x20000290   Data          12  adc.o(.bss)
    previous                                 0x2000029c   Data          32  adc.o(.bss)
    __libspace_start                         0x200002bc   Data          96  libspace.o(.bss)
    __temporary_stack_top$libspace           0x2000031c   Data           0  libspace.o(.bss)



==============================================================================

Memory Map of the image

  Image Entry point : 0x0000026d

  Load Region LR_IROM1 (Base: 0x00000000, Size: 0x000065f8, Max: 0x00040000, ABSOLUTE, COMPRESSED[0x00006424])

    Execution Region ER_IROM1 (Base: 0x00000000, Size: 0x00006388, Max: 0x00040000, ABSOLUTE)

    Base Addr    Size         Type   Attr      Idx    E Section Name        Object

    0x00000000   0x0000026c   Data   RO          179    RESET               startup_tm4c123.o
    0x0000026c   0x00000008   Code   RO          339  * !!!main             c_w.l(__main.o)
    0x00000274   0x00000034   Code   RO          598    !!!scatter          c_w.l(__scatter.o)
    0x000002a8   0x0000005a   Code   RO          596    !!dczerorl2         c_w.l(__dczerorl2.o)
    0x00000302   0x00000002   PAD
    0x00000304   0x0000001c   Code   RO          600    !!handler_zi        c_w.l(__scatter_zi.o)
    0x00000320   0x00000002   Code   RO          466    .ARM.Collect$$libinit$$00000000  c_w.l(libinit.o)
    0x00000322   0x00000004   Code   RO          473    .ARM.Collect$$libinit$$00000001  c_w.l(libinit2.o)
    0x00000326   0x00000000   Code   RO          477    .ARM.Collect$$libinit$$00000008  c_w.l(libinit2.o)
    0x00000326   0x00000000   Code   RO          479    .ARM.Collect$$libinit$$0000000A  c_w.l(libinit2.o)
    0x00000326   0x00000000   Code   RO          481    .ARM.Collect$$libinit$$0000000C  c_w.l(libinit2.o)
    0x00000326   0x00000000   Code   RO          484    .ARM.Collect$$libinit$$0000000F  c_w.l(libinit2.o)
    0x00000326   0x00000000   Code   RO          486    .ARM.Collect$$libinit$$00000011  c_w.l(libinit2.o)
    0x00000326   0x00000000   Code   RO          488    .ARM.Collect$$libinit$$00000013  c_w.l(libinit2.o)
    0x00000326   0x00000000   Code   RO          490    .ARM.Collect$$libinit$$00000015  c_w.l(libinit2.o)
    0x00000326   0x00000000   Code   RO          492    .ARM.Collect$$libinit$$00000017  c_w.l(libinit2.o)
    0x00000326   0x00000000   Code   RO          494    .ARM.Collect$$libinit$$00000019  c_w.l(libinit2.o)
    0x00000326   0x00000000   Code   RO          496    .ARM.Collect$$libinit$$0000001B  c_w.l(libinit2.o)
    0x00000326   0x00000000   Code   RO          498    .ARM.Collect$$libinit$$0000001D  c_w.l(libinit2.o)
    0x00000326   0x00000000   Code   RO          500    .ARM.Collect$$libinit$$0000001F  c_w.l(libinit2.o)
    0x00000326   0x00000000   Code   RO          502    .ARM.Collect$$libinit$$00000021  c_w.l(libinit2.o)
    0x00000326   0x00000000   Code   RO          504    .ARM.Collect$$libinit$$00000023  c_w.l(libinit2.o)
    0x00000326   0x00000000   Code   RO          508    .ARM.Collect$$libinit$$0000002A  c_w.l(libinit2.o)
    0x00000326   0x00000000   Code   RO          510    .ARM.Collect$$libinit$$0000002C  c_w.l(libinit2.o)
    0x00000326   0x00000000   Code   RO          512    .ARM.Collect$$libinit$$0000002E  c_w.l(libinit2.o)
    0x00000326   0x00000000   Code   RO          514    .ARM.Collect$$libinit$$00000030  c_w.l(libinit2.o)
    0x00000326   0x00000002   Code   RO          515    .ARM.Collect$$libinit$$00000031  c_w.l(libinit2.o)
    0x00000328   0x00000002   Code   RO          537    .ARM.Collect$$libshutdown$$00000000  c_w.l(libshutdown.o)
    0x0000032a   0x00000000   Code   RO          551    .ARM.Collect$$libshutdown$$00000003  c_w.l(libshutdown2.o)
    0x0000032a   0x00000000   Code   RO          554    .ARM.Collect$$libshutdown$$00000006  c_w.l(libshutdown2.o)
    0x0000032a   0x00000000   Code   RO          557    .ARM.Collect$$libshutdown$$00000009  c_w.l(libshutdown2.o)
    0x0000032a   0x00000000   Code   RO          559    .ARM.Collect$$libshutdown$$0000000B  c_w.l(libshutdown2.o)
    0x0000032a   0x00000000   Code   RO          562    .ARM.Collect$$libshutdown$$0000000E  c_w.l(libshutdown2.o)
    0x0000032a   0x00000002   Code   RO          563    .ARM.Collect$$libshutdown$$0000000F  c_w.l(libshutdown2.o)
    0x0000032c   0x00000000   Code   RO          383    .ARM.Collect$$rtentry$$00000000  c_w.l(rtentry.o)
    0x0000032c   0x00000000   Code   RO          429    .ARM.Collect$$rtentry$$00000002  c_w.l(rtentry2.o)
    0x0000032c   0x00000006   Code   RO          441    .ARM.Collect$$rtentry$$00000004  c_w.l(rtentry4.o)
    0x00000332   0x00000000   Code   RO          431    .ARM.Collect$$rtentry$$00000009  c_w.l(rtentry2.o)
    0x00000332   0x00000004   Code   RO          432    .ARM.Collect$$rtentry$$0000000A  c_w.l(rtentry2.o)
    0x00000336   0x00000000   Code   RO          434    .ARM.Collect$$rtentry$$0000000C  c_w.l(rtentry2.o)
    0x00000336   0x00000008   Code   RO          435    .ARM.Collect$$rtentry$$0000000D  c_w.l(rtentry2.o)
    0x0000033e   0x00000002   Code   RO          471    .ARM.Collect$$rtexit$$00000000  c_w.l(rtexit.o)
    0x00000340   0x00000000   Code   RO          519    .ARM.Collect$$rtexit$$00000002  c_w.l(rtexit2.o)
    0x00000340   0x00000004   Code   RO          520    .ARM.Collect$$rtexit$$00000003  c_w.l(rtexit2.o)
    0x00000344   0x00000006   Code   RO          521    .ARM.Collect$$rtexit$$00000004  c_w.l(rtexit2.o)
    0x0000034a   0x00000002   PAD
    0x0000034c   0x000006c8   Code   RO            1    .text               main.o
    0x00000a14   0x00001024   Code   RO          106    .text               motorinit.o
    0x00001a38   0x00000418   Code   RO          128    .text               encoders.o
    0x00001e50   0x000008b8   Code   RO          147    .text               pid.o
    0x00002708   0x00000114   Code   RO          180    .text               startup_tm4c123.o
    0x0000281c   0x00000564   Code   RO          185    .text               motion.o
    0x00002d80   0x000001bc   Code   RO          204    .text               ssi.o
    0x00002f3c   0x0000015c   Code   RO          236    .text               spi.o
    0x00003098   0x00000c1c   Code   RO          261    .text               adc.o
    0x00003cb4   0x000000e0   Code   RO          281    .text               serve.o
    0x00003d94   0x000007a8   Code   RO          303    .text               poles.o
    0x0000453c   0x0000003e   Code   RO          335    .text               c_w.l(strlen.o)
    0x0000457a   0x00000006   Code   RO          337    .text               c_w.l(heapauxi.o)
    0x00004580   0x00000016   Code   RO          384    .text               c_w.l(_rserrno.o)
    0x00004596   0x00000002   PAD
    0x00004598   0x00000008   Code   RO          446    .text               c_w.l(rt_errno_addr_intlibspace.o)
    0x000045a0   0x00000008   Code   RO          454    .text               c_w.l(libspace.o)
    0x000045a8   0x0000004a   Code   RO          457    .text               c_w.l(sys_stackheap_outer.o)
    0x000045f2   0x0000000c   Code   RO          459    .text               c_w.l(exit.o)
    0x000045fe   0x00000002   PAD
    0x00004600   0x0000000c   Code   RO          529    .text               c_w.l(sys_exit.o)
    0x0000460c   0x00000002   Code   RO          540    .text               c_w.l(use_no_semi.o)
    0x0000460e   0x00000000   Code   RO          542    .text               c_w.l(indicate_semi.o)
    0x0000460e   0x00000030   Code   RO          411    i.__ARM_fpclassify  m_wm.l(fpclassify.o)
    0x0000463e   0x00000002   PAD
    0x00004640   0x00000c90   Code   RO          369    i.__hardfp_pow      m_wm.l(pow.o)
    0x000052d0   0x000000f8   Code   RO          413    i.__kernel_poly     m_wm.l(poly.o)
    0x000053c8   0x00000020   Code   RO          403    i.__mathlib_dbl_underflow  m_wm.l(dunder.o)
    0x000053e8   0x00000020   Code   RO          407    i.fabs              m_wm.l(fabs.o)
    0x00005408   0x0000006e   Code   RO          418    i.sqrt              m_wm.l(sqrt.o)
    0x00005476   0x00000018   Code   RO          386    x$fpl$basic         fz_wm.l(basic.o)
    0x0000548e   0x00000002   PAD
    0x00005490   0x00000062   Code   RO          341    x$fpl$d2f           fz_wm.l(d2f.o)
    0x000054f2   0x00000002   PAD
    0x000054f4   0x00000150   Code   RO          343    x$fpl$dadd          fz_wm.l(daddsub_clz.o)
    0x00005644   0x00000010   Code   RO          448    x$fpl$dcheck1       fz_wm.l(dcheck1.o)
    0x00005654   0x00000018   Code   RO          467    x$fpl$dcmpinf       fz_wm.l(dcmpi.o)
    0x0000566c   0x000002b0   Code   RO          389    x$fpl$ddiv          fz_wm.l(ddiv.o)
    0x0000591c   0x0000005a   Code   RO          353    x$fpl$dfixu         fz_wm.l(dfixu.o)
    0x00005976   0x0000002e   Code   RO          358    x$fpl$dflt          fz_wm.l(dflt_clz.o)
    0x000059a4   0x000000a2   Code   RO          363    x$fpl$dfltll        fz_wm.l(dfltll_clz.o)
    0x00005a46   0x00000026   Code   RO          357    x$fpl$dfltu         fz_wm.l(dflt_clz.o)
    0x00005a6c   0x00000078   Code   RO          450    x$fpl$dleqf         fz_wm.l(dleqf.o)
    0x00005ae4   0x00000154   Code   RO          367    x$fpl$dmul          fz_wm.l(dmul.o)
    0x00005c38   0x0000009c   Code   RO          392    x$fpl$dnaninf       fz_wm.l(dnaninf.o)
    0x00005cd4   0x0000000c   Code   RO          394    x$fpl$dretinf       fz_wm.l(dretinf.o)
    0x00005ce0   0x0000006c   Code   RO          396    x$fpl$drleqf        fz_wm.l(drleqf.o)
    0x00005d4c   0x00000016   Code   RO          344    x$fpl$drsb          fz_wm.l(daddsub_clz.o)
    0x00005d62   0x00000002   PAD
    0x00005d64   0x00000198   Code   RO          452    x$fpl$dsqrt         fz_wm.l(dsqrt_umaal.o)
    0x00005efc   0x000001d4   Code   RO          345    x$fpl$dsub          fz_wm.l(daddsub_clz.o)
    0x000060d0   0x0000000a   Code   RO          527    x$fpl$fpinit        fz_wm.l(fpinit.o)
    0x000060da   0x0000000a   Code   RO          398    x$fpl$fretinf       fz_wm.l(fretinf.o)
    0x000060e4   0x000000c2   Code   RO          349    x$fpl$llsfromd      fz_wm.l(dfixll.o)
    0x000061a6   0x00000064   Code   RO          469    x$fpl$retnan        fz_wm.l(retnan.o)
    0x0000620a   0x0000005c   Code   RO          400    x$fpl$scalbn        fz_wm.l(scalbn.o)
    0x00006266   0x00000030   Code   RO          516    x$fpl$trapveneer    fz_wm.l(trapv.o)
    0x00006296   0x00000000   Code   RO          402    x$fpl$usenofp       fz_wm.l(usenofp.o)
    0x00006296   0x00000002   PAD
    0x00006298   0x00000040   Data   RO          205    .constdata          ssi.o
    0x000062d8   0x00000088   Data   RO          372    .constdata          m_wm.l(pow.o)
    0x00006360   0x00000008   Data   RO          415    .constdata          m_wm.l(qnan.o)
    0x00006368   0x00000020   Data   RO          594    Region$$Table       anon$$obj.o


    Execution Region RW_IRAM1 (Base: 0x20000000, Size: 0x00000520, Max: 0x00008000, ABSOLUTE, COMPRESSED[0x0000009c])

    Base Addr    Size         Type   Attr      Idx    E Section Name        Object

    0x20000000   0x0000000c   Data   RW            2    .data               main.o
    0x2000000c   0x00000002   Data   RW          107    .data               motorinit.o
    0x2000000e   0x00000002   PAD
    0x20000010   0x0000005c   Data   RW          129    .data               encoders.o
    0x2000006c   0x000000c0   Data   RW          148    .data               pid.o
    0x2000012c   0x000000a0   Data   RW          186    .data               motion.o
    0x200001cc   0x0000002c   Data   RW          237    .data               spi.o
    0x200001f8   0x00000054   Data   RW          263    .data               adc.o
    0x2000024c   0x00000024   Data   RW          304    .data               poles.o
    0x20000270   0x0000004c   Zero   RW          262    .bss                adc.o
    0x200002bc   0x00000060   Zero   RW          455    .bss                c_w.l(libspace.o)
    0x2000031c   0x00000004   PAD
    0x20000320   0x00000000   Zero   RW          178    HEAP                startup_tm4c123.o
    0x20000320   0x00000200   Zero   RW          177    STACK               startup_tm4c123.o


==============================================================================

Image component sizes


      Code (inc. data)   RO Data    RW Data    ZI Data      Debug   Object Name

      3100        176          0         84         76       4254   adc.o
      1048        122          0         92          0       2579   encoders.o
      1736        200          0         12          0       6190   main.o
      1380         58          0        160          0       4313   motion.o
      4132        534          0          2          0       5060   motorinit.o
      2232        210          0        192          0       4171   pid.o
      1960         96          0         36          0       3340   poles.o
       224         16          0          0          0        552   serve.o
       348         12          0         44          0       1910   spi.o
       444         22         64          0          0       6441   ssi.o
       276         24        620          0        512       5396   startup_tm4c123.o

    ----------------------------------------------------------------------
     16880       1470        716        624        588      44206   Object Totals
         0          0         32          0          0          0   (incl. Generated)
         0          0          0          2          0          0   (incl. Padding)

    ----------------------------------------------------------------------

      Code (inc. data)   RO Data    RW Data    ZI Data      Debug   Library Member Name

        90          0          0          0          0          0   __dczerorl2.o
         8          0          0          0          0         68   __main.o
        52          8          0          0          0          0   __scatter.o
        28          0          0          0          0          0   __scatter_zi.o
        22          0          0          0          0        100   _rserrno.o
        12          0          0          0          0         72   exit.o
         6          0          0          0          0        152   heapauxi.o
         0          0          0          0          0          0   indicate_semi.o
         2          0          0          0          0          0   libinit.o
         6          0          0          0          0          0   libinit2.o
         2          0          0          0          0          0   libshutdown.o
         2          0          0          0          0          0   libshutdown2.o
         8          4          0          0         96         68   libspace.o
         8          4          0          0          0         68   rt_errno_addr_intlibspace.o
         0          0          0          0          0          0   rtentry.o
        12          0          0          0          0          0   rtentry2.o
         6          0          0          0          0          0   rtentry4.o
         2          0          0          0          0          0   rtexit.o
        10          0          0          0          0          0   rtexit2.o
        62          0          0          0          0         76   strlen.o
        12          4          0          0          0         68   sys_exit.o
        74          0          0          0          0         80   sys_stackheap_outer.o
         2          0          0          0          0         68   use_no_semi.o
        24          0          0          0          0        164   basic.o
        98          4          0          0          0        140   d2f.o
       826         16          0          0          0        492   daddsub_clz.o
        16          4          0          0          0        116   dcheck1.o
        24          0          0          0          0        116   dcmpi.o
       688        140          0          0          0        256   ddiv.o
       194          4          0          0          0        164   dfixll.o
        90          4          0          0          0        140   dfixu.o
        84          0          0          0          0        232   dflt_clz.o
       162          0          0          0          0        132   dfltll_clz.o
       120          4          0          0          0        140   dleqf.o
       340         12          0          0          0        152   dmul.o
       156          4          0          0          0        140   dnaninf.o
        12          0          0          0          0        116   dretinf.o
       108          0          0          0          0        128   drleqf.o
       408         56          0          0          0        168   dsqrt_umaal.o
        10          0          0          0          0        116   fpinit.o
        10          0          0          0          0        116   fretinf.o
       100          0          0          0          0        116   retnan.o
        92          0          0          0          0        116   scalbn.o
        48          0          0          0          0        116   trapv.o
         0          0          0          0          0          0   usenofp.o
        32          8          0          0          0        124   dunder.o
        32          0          0          0          0        124   fabs.o
        48          0          0          0          0        124   fpclassify.o
       248          0          0          0          0        152   poly.o
      3216        310        136          0          0        216   pow.o
         0          0          8          0          0          0   qnan.o
       110          0          0          0          0        148   sqrt.o

    ----------------------------------------------------------------------
      7740        586        144          0        100       5084   Library Totals
        18          0          0          0          4          0   (incl. Padding)

    ----------------------------------------------------------------------

      Code (inc. data)   RO Data    RW Data    ZI Data      Debug   Library Name

       426         20          0          0         96        820   c_w.l
      3610        248          0          0          0       3376   fz_wm.l
      3686        318        144          0          0        888   m_wm.l

    ----------------------------------------------------------------------
      7740        586        144          0        100       5084   Library Totals

    ----------------------------------------------------------------------

==============================================================================


      Code (inc. data)   RO Data    RW Data    ZI Data      Debug   

     24620       2056        860        624        688      44174   Grand Totals
     24620       2056        860        156        688      44174   ELF Image Totals (compressed)
     24620       2056        860        156          0          0   ROM Totals

==============================================================================

    Total RO  Size (Code + RO Data)                25480 (  24.88kB)
    Total RW  Size (RW Data + ZI Data)              1312 (   1.28kB)
    Total ROM Size (Code + RO Data + RW Data)      25636 (  25.04kB)

==============================================================================

