<html>
<body>
<pre>
<h1>µVision Build Log</h1>
<h2>Project:</h2>
C:\Users\omar_\Documents\GitHub\Pirates14\tiva 2 3adawy\trial pwm functions.uvproj
Project File Date:  07/22/2017

<h2>Output:</h2>
Build target 'Target 1'
compiling main.c...
linking...
Program Size: Code=23880 RO-data=864 RW-data=636 ZI-data=676  
".\trial pwm functions.axf" - 0 Error(s), 0 Warning(s).
</pre>
</body>
</html>
compiling ADC.c...
compiling Serve.c...
compiling Poles.c...
linking...
Program Size: Code=23880 RO-data=864 RW-data=636 ZI-data=676  
".\trial pwm functions.axf" - 0 Error(s), 0 Warning(s).
